******************************************************************************
             TMS320C2000 Linker PC v18.12.4                    
******************************************************************************
>> Linked Mon Apr  6 15:05:52 2020

OUTPUT FILE NAME:   <5V20A_Multi_Channel_Cycler_CPU2.out>
ENTRY POINT SYMBOL: "_c_int00"  address: 00082ce9


MEMORY CONFIGURATION

         name            origin    length      used     unused   attr    fill
----------------------  --------  ---------  --------  --------  ----  --------
PAGE 0:
  RAMD0                 0000b000   00000800  00000000  00000800  RWIX
  RAMGS0123             0000c000   00004000  00000000  00004000  RWIX
  RAMGS4                00010000   00001000  00000341  00000cbf  RWIX
  BEGIN                 00080000   00000002  00000002  00000000  RWIX
  FLASHA                00080002   00001ffe  00000000  00001ffe  RWIX
  FLASHB                00082000   00002000  000010ac  00000f54  RWIX
  FLASHC                00084000   00002000  00000000  00002000  RWIX
  FLASHD                00086000   00002000  00000341  00001cbf  RWIX
  FLASHE                00088000   00008000  00000000  00008000  RWIX
  FLASHF                00090000   00008000  0000026b  00007d95  RWIX
  FLASHG                00098000   00008000  00000000  00008000  RWIX
  FLASHH                000a0000   00008000  00000000  00008000  RWIX
  FLASHI                000a8000   00008000  00000000  00008000  RWIX
  FLASHJ                000b0000   00008000  00000000  00008000  RWIX
  FLASHK                000b8000   00002000  00000000  00002000  RWIX
  FLASHL                000ba000   00002000  00000000  00002000  RWIX
  FLASHM                000bc000   00002000  00000000  00002000  RWIX
  FLASHN                000be000   00002000  00000000  00002000  RWIX
  RESET                 003fffc0   00000002  00000000  00000002  RWIX

PAGE 1:
  BOOT_RSVD             00000002   00000120  00000000  00000120  RWIX
  RAMM01                00000122   000006de  000006de  00000000  RWIX
  ADCA_RESULT           00000b00   00000020  00000018  00000008  RWIX
  ADCB_RESULT           00000b20   00000020  00000018  00000008  RWIX
  ADCC_RESULT           00000b40   00000020  00000018  00000008  RWIX
  ADCD_RESULT           00000b60   00000020  00000018  00000008  RWIX
  CPU_TIMER0            00000c00   00000008  00000008  00000000  RWIX
  CPU_TIMER1            00000c08   00000008  00000008  00000000  RWIX
  CPU_TIMER2            00000c10   00000008  00000008  00000000  RWIX
  PIE_CTRL              00000ce0   00000020  0000001a  00000006  RWIX
  PIE_VECT              00000d00   00000200  00000000  00000200  RWIX
  DMA                   00001000   00000200  000000e0  00000120  RWIX
  CLA1                  00001400   00000040  0000003e  00000002  RWIX
  CLA1_MSGRAMLOW        00001480   00000080  00000000  00000080  RWIX
  CLA1_MSGRAMHIGH       00001500   00000080  00000000  00000080  RWIX
  EMIF2_CS2n            00002000   00001000  00000000  00001000  RWIX
  EPWM1                 00004000   00000100  00000100  00000000  RWIX
  EPWM2                 00004100   00000100  00000100  00000000  RWIX
  EPWM3                 00004200   00000100  00000100  00000000  RWIX
  EPWM4                 00004300   00000100  00000100  00000000  RWIX
  EPWM5                 00004400   00000100  00000100  00000000  RWIX
  EPWM6                 00004500   00000100  00000100  00000000  RWIX
  EPWM7                 00004600   00000100  00000100  00000000  RWIX
  EPWM8                 00004700   00000100  00000100  00000000  RWIX
  EPWM9                 00004800   00000100  00000100  00000000  RWIX
  EPWM10                00004900   00000100  00000100  00000000  RWIX
  EPWM11                00004a00   00000100  00000100  00000000  RWIX
  EPWM12                00004b00   00000100  00000100  00000000  RWIX
  ECAP1                 00005000   00000020  00000020  00000000  RWIX
  ECAP2                 00005020   00000020  00000020  00000000  RWIX
  ECAP3                 00005040   00000020  00000020  00000000  RWIX
  ECAP4                 00005060   00000020  00000020  00000000  RWIX
  ECAP5                 00005080   00000020  00000020  00000000  RWIX
  ECAP6                 000050a0   00000020  00000020  00000000  RWIX
  EQEP1                 00005100   00000040  00000022  0000001e  RWIX
  EQEP2                 00005140   00000040  00000022  0000001e  RWIX
  EQEP3                 00005180   00000040  00000022  0000001e  RWIX
  DACA                  00005c00   00000010  00000008  00000008  RWIX
  DACB                  00005c10   00000010  00000008  00000008  RWIX
  DACC                  00005c20   00000010  00000008  00000008  RWIX
  CMPSS1                00005c80   00000020  00000020  00000000  RWIX
  CMPSS2                00005ca0   00000020  00000020  00000000  RWIX
  CMPSS3                00005cc0   00000020  00000020  00000000  RWIX
  CMPSS4                00005ce0   00000020  00000020  00000000  RWIX
  CMPSS5                00005d00   00000020  00000020  00000000  RWIX
  CMPSS6                00005d20   00000020  00000020  00000000  RWIX
  CMPSS7                00005d40   00000020  00000020  00000000  RWIX
  CMPSS8                00005d60   00000020  00000020  00000000  RWIX
  SDFM1                 00005e00   00000080  00000080  00000000  RWIX
  SDFM2                 00005e80   00000080  00000080  00000000  RWIX
  MCBSPA                00006000   00000040  00000024  0000001c  RWIX
  MCBSPB                00006040   00000040  00000024  0000001c  RWIX
  SPIA                  00006100   00000010  00000010  00000000  RWIX
  SPIB                  00006110   00000010  00000010  00000000  RWIX
  SPIC                  00006120   00000010  00000010  00000000  RWIX
  SPID                  00006130   00000010  00000000  00000010  RWIX
  UPP                   00006200   00000100  00000000  00000100  RWIX
  UPP_MSGRAMTX          00006c00   00000100  00000000  00000100  RWIX
  UPP_MSGRAMRX          00006e00   00000100  00000000  00000100  RWIX
  WD                    00007000   00000040  0000002b  00000015  RWIX
  NMIINTRUPT            00007060   00000010  00000007  00000009  RWIX
  XINT                  00007070   00000010  0000000b  00000005  RWIX
  SCIA                  00007200   00000010  00000010  00000000  RWIX
  SCIB                  00007210   00000010  00000010  00000000  RWIX
  SCIC                  00007220   00000010  00000010  00000000  RWIX
  SCID                  00007230   00000010  00000010  00000000  RWIX
  I2CA                  00007300   00000040  00000022  0000001e  RWIX
  I2CB                  00007340   00000040  00000022  0000001e  RWIX
  ADCA                  00007400   00000080  00000080  00000000  RWIX
  ADCB                  00007480   00000080  00000080  00000000  RWIX
  ADCC                  00007500   00000080  00000080  00000000  RWIX
  ADCD                  00007580   00000080  00000080  00000000  RWIX
  INPUT_XBAR            00007900   00000020  00000000  00000020  RWIX
  XBAR                  00007920   00000020  00000000  00000020  RWIX
  SYNC_SOC              00007940   00000010  00000000  00000010  RWIX
  DMACLASRCSEL          00007980   00000040  0000001a  00000026  RWIX
  EPWM_XBAR             00007a00   00000040  00000000  00000040  RWIX
  CLB_XBAR              00007a40   00000040  00000000  00000040  RWIX
  OUTPUT_XBAR           00007a80   00000040  00000000  00000040  RWIX
  GPIOCTRL              00007c00   00000180  00000000  00000180  RWIX
  GPIODAT               00007f00   00000030  00000030  00000000  RWIX
  RAMLS01234            00008000   00003000  000002be  00002d42  RWIX
  RAMD1                 0000b800   00000800  00000000  00000800  RWIX
  RAMGSCPU1             00011000   00002000  00001b30  000004d0  RWIX
  RAMGSCPU2             00013000   00002000  000014a8  00000b58  RWIX
  RAMGSEBBSCPU1         00015000   00007000  00000000  00007000  RWIX
  CPU2TOCPU1RAM         0003f800   00000400  00000088  00000378  RWIX
  CPU1TOCPU2RAM         0003fc00   00000400  00000000  00000400  RWIX
  EMIF1                 00047000   00000800  00000070  00000790  RWIX
  EMIF2                 00047800   00000800  00000070  00000790  RWIX
  CANA                  00048000   00000800  00000164  0000069c  RWIX
  CANB                  0004a000   00000800  00000164  0000069c  RWIX
  IPC                   00050000   00000024  00000024  00000000  RWIX
  FLASHPUMPSEMAPHORE    00050024   00000002  00000002  00000000  RWIX
  DEV_CFG               0005d000   00000180  00000000  00000180  RWIX
  ANALOG_SUBSYS         0005d180   00000080  00000000  00000080  RWIX
  CLK_CFG               0005d200   00000100  00000032  000000ce  RWIX
  CPU_SYS               0005d300   00000100  00000082  0000007e  RWIX
  ROMPREFETCH           0005e608   00000002  00000000  00000002  RWIX
  DCSM_Z1               0005f000   00000030  00000024  0000000c  RWIX
  DCSM_Z2               0005f040   00000030  00000024  0000000c  RWIX
  DCSM_COMMON           0005f070   00000010  00000008  00000008  RWIX
  MEMCFG                0005f400   00000080  00000080  00000000  RWIX
  EMIF1CONFIG           0005f480   00000020  00000020  00000000  RWIX
  EMIF2CONFIG           0005f4a0   00000020  00000000  00000020  RWIX
  ACCESSPROTECTION      0005f4c0   00000040  00000040  00000000  RWIX
  MEMORYERROR           0005f500   00000040  00000040  00000000  RWIX
  ROMWAITSTATE          0005f540   00000002  00000000  00000002  RWIX
  FLASH0_CTRL           0005f800   00000300  00000182  0000017e  RWIX
  FLASH0_ECC            0005fb00   00000040  00000028  00000018  RWIX
  EMIF1_CS2n            00100000   00200000  00000000  00200000  RWIX
  EMIF1_CS3n            00300000   00080000  00000000  00080000  RWIX
  EMIF1_CS4n            00380000   00060000  00000000  00060000  RWIX
  SDRAM                 80000000   10000000  00000000  10000000  RWIX
  EMIF2_CS0n            90000000   10000000  00000000  10000000  RWIX


SECTION ALLOCATION MAP

 output                                  attributes/
section   page    origin      length       input sections
--------  ----  ----------  ----------   ----------------
.cinit     0    00082000    00000221     
                  00082000    00000103     PhoenixonControls_CRC16.obj (.cinit:_CRC16_TABLE)
                  00082103    0000006a     main_CPU2.obj (.cinit)
                  0008216d    00000030     PhoenixonControls_SCI.obj (.cinit)
                  0008219d    0000001d     F2837xD_struct.obj (.cinit:_EPWM)
                  000821ba    00000011     F2837xD_struct.obj (.cinit:_ECAP)
                  000821cb    0000000e     rts2800_fpu32.lib : exit.c.obj (.cinit)
                  000821d9    0000000b     F2837xD_struct.obj (.cinit:_EQEP)
                  000821e4    0000000b     F2837xD_struct.obj (.cinit:_SPI)
                  000821ef    00000009     F2837xD_struct.obj (.cinit:_SDFM)
                  000821f8    00000007     F2837xD_struct.obj (.cinit:_I2C)
                  000821ff    00000007     F2837xD_struct.obj (.cinit:_MCBSP)
                  00082206    00000007     F2837xD_struct.obj (.cinit:_SCI)
                  0008220d    00000005     rts2800_fpu32.lib : _lock.c.obj (.cinit:__lock)
                  00082212    00000005                       : _lock.c.obj (.cinit:__unlock)
                  00082217    00000004     F2837xD_sci_io.obj (.cinit)
                  0008221b    00000004     PhoenixonControls_SCI.obj (.cinit:_SCIARxData)
                  0008221f    00000002     --HOLE-- [fill = 0]

.pinit     0    00082000    00000000     UNINITIALIZED

codestart 
*          0    00080000    00000002     
                  00080000    00000002     F2837xD_CodeStartBranch.obj (codestart)

.TI.ramfunc 
*          0    00086000    00000341     RUN ADDR = 00010000
                  00086000    000000a7     PhoenixonControls_SCI.obj (.TI.ramfunc)
                  000860a7    00000085     PhoenixonControls_SCI.obj (.TI.ramfunc:retain)
                  0008612c    00000074     PhoenixonControls_COMMUNICATION.obj (.TI.ramfunc)
                  000861a0    0000004c     PhoenixonControls_TIMER.obj (.TI.ramfunc:retain)
                  000861ec    00000043     driverlib.lib : flash.obj (.TI.ramfunc:_Flash_initModule)
                  0008622f    00000032                   : flash.obj (.TI.ramfunc:_Flash_setBankPowerMode)
                  00086261    00000026                   : flash.obj (.TI.ramfunc:_Flash_setWaitstates)
                  00086287    00000020     PhoenixonControls_CRC16.obj (.TI.ramfunc)
                  000862a7    0000001f     driverlib.lib : flash.obj (.TI.ramfunc:_Flash_setPumpPowerMode)
                  000862c6    00000018                   : flash.obj (.TI.ramfunc:_Flash_disableCache)
                  000862de    00000018                   : flash.obj (.TI.ramfunc:_Flash_disablePrefetch)
                  000862f6    00000018                   : flash.obj (.TI.ramfunc:_Flash_enableCache)
                  0008630e    00000018                   : flash.obj (.TI.ramfunc:_Flash_enablePrefetch)
                  00086326    00000017                   : flash.obj (.TI.ramfunc:_Flash_enableECC)
                  0008633d    00000004     F2837xD_usDelay.obj (.TI.ramfunc)

.stack     1    00000122    000006de     UNINITIALIZED
                  00000122    000006de     --HOLE--

.ebss      1    00008000    000002be     UNINITIALIZED
                  00008000    0000012e     PhoenixonControls_SCI.obj (.ebss:_SCIARxData)
                  0000812e    0000000f     PhoenixonControls_SCI.obj (.ebss)
                  0000813d    00000001     F2837xD_sci_io.obj (.ebss)
                  0000813e    00000002     rts2800_fpu32.lib : _lock.c.obj (.ebss:__lock)
                  00008140    00000100     PhoenixonControls_CRC16.obj (.ebss:_CRC16_TABLE)
                  00008240    0000001a     F2837xD_struct.obj (.ebss:_EPWM)
                  0000825a    00000018     F2837xD_CpuTimers.obj (.ebss)
                  00008272    0000000e     F2837xD_struct.obj (.ebss:_ECAP)
                  00008280    0000000d     main_CPU2.obj (.ebss)
                  0000828d    00000001     --HOLE--
                  0000828e    00000008     F2837xD_struct.obj (.ebss:_EQEP)
                  00008296    00000008     F2837xD_struct.obj (.ebss:_SPI)
                  0000829e    00000006     F2837xD_TempSensorConv.obj (.ebss)
                  000082a4    00000006     F2837xD_struct.obj (.ebss:_SDFM)
                  000082aa    00000006     rts2800_fpu32.lib : exit.c.obj (.ebss)
                  000082b0    00000004     F2837xD_struct.obj (.ebss:_I2C)
                  000082b4    00000004     F2837xD_struct.obj (.ebss:_MCBSP)
                  000082b8    00000004     F2837xD_struct.obj (.ebss:_SCI)
                  000082bc    00000002     rts2800_fpu32.lib : _lock.c.obj (.ebss:__unlock)

.reset     0    003fffc0    00000002     DSECT
                  003fffc0    00000002     rts2800_fpu32.lib : boot28.asm.obj (.reset)

CpuTimer0RegsFile 
*          1    00000c00    00000008     UNINITIALIZED
                  00000c00    00000008     F2837xD_GlobalVariableDefs.obj (CpuTimer0RegsFile)

CpuTimer1RegsFile 
*          1    00000c08    00000008     UNINITIALIZED
                  00000c08    00000008     F2837xD_GlobalVariableDefs.obj (CpuTimer1RegsFile)

CpuTimer2RegsFile 
*          1    00000c10    00000008     UNINITIALIZED
                  00000c10    00000008     F2837xD_GlobalVariableDefs.obj (CpuTimer2RegsFile)

PieCtrlRegsFile 
*          1    00000ce0    0000001a     UNINITIALIZED
                  00000ce0    0000001a     F2837xD_GlobalVariableDefs.obj (PieCtrlRegsFile)

DmaRegsFile 
*          1    00001000    000000e0     UNINITIALIZED
                  00001000    000000e0     F2837xD_GlobalVariableDefs.obj (DmaRegsFile)

Cla1RegsFile 
*          1    00001400    0000003e     UNINITIALIZED
                  00001400    0000003e     F2837xD_GlobalVariableDefs.obj (Cla1RegsFile)

EPwm1RegsFile 
*          1    00004000    00000100     UNINITIALIZED
                  00004000    00000100     F2837xD_GlobalVariableDefs.obj (EPwm1RegsFile)

EPwm2RegsFile 
*          1    00004100    00000100     UNINITIALIZED
                  00004100    00000100     F2837xD_GlobalVariableDefs.obj (EPwm2RegsFile)

EPwm3RegsFile 
*          1    00004200    00000100     UNINITIALIZED
                  00004200    00000100     F2837xD_GlobalVariableDefs.obj (EPwm3RegsFile)

EPwm4RegsFile 
*          1    00004300    00000100     UNINITIALIZED
                  00004300    00000100     F2837xD_GlobalVariableDefs.obj (EPwm4RegsFile)

EPwm5RegsFile 
*          1    00004400    00000100     UNINITIALIZED
                  00004400    00000100     F2837xD_GlobalVariableDefs.obj (EPwm5RegsFile)

EPwm6RegsFile 
*          1    00004500    00000100     UNINITIALIZED
                  00004500    00000100     F2837xD_GlobalVariableDefs.obj (EPwm6RegsFile)

EPwm7RegsFile 
*          1    00004600    00000100     UNINITIALIZED
                  00004600    00000100     F2837xD_GlobalVariableDefs.obj (EPwm7RegsFile)

EPwm8RegsFile 
*          1    00004700    00000100     UNINITIALIZED
                  00004700    00000100     F2837xD_GlobalVariableDefs.obj (EPwm8RegsFile)

EPwm9RegsFile 
*          1    00004800    00000100     UNINITIALIZED
                  00004800    00000100     F2837xD_GlobalVariableDefs.obj (EPwm9RegsFile)

EPwm10RegsFile 
*          1    00004900    00000100     UNINITIALIZED
                  00004900    00000100     F2837xD_GlobalVariableDefs.obj (EPwm10RegsFile)

EPwm11RegsFile 
*          1    00004a00    00000100     UNINITIALIZED
                  00004a00    00000100     F2837xD_GlobalVariableDefs.obj (EPwm11RegsFile)

EPwm12RegsFile 
*          1    00004b00    00000100     UNINITIALIZED
                  00004b00    00000100     F2837xD_GlobalVariableDefs.obj (EPwm12RegsFile)

ECap1RegsFile 
*          1    00005000    00000020     UNINITIALIZED
                  00005000    00000020     F2837xD_GlobalVariableDefs.obj (ECap1RegsFile)

ECap2RegsFile 
*          1    00005020    00000020     UNINITIALIZED
                  00005020    00000020     F2837xD_GlobalVariableDefs.obj (ECap2RegsFile)

ECap3RegsFile 
*          1    00005040    00000020     UNINITIALIZED
                  00005040    00000020     F2837xD_GlobalVariableDefs.obj (ECap3RegsFile)

ECap4RegsFile 
*          1    00005060    00000020     UNINITIALIZED
                  00005060    00000020     F2837xD_GlobalVariableDefs.obj (ECap4RegsFile)

ECap5RegsFile 
*          1    00005080    00000020     UNINITIALIZED
                  00005080    00000020     F2837xD_GlobalVariableDefs.obj (ECap5RegsFile)

ECap6RegsFile 
*          1    000050a0    00000020     UNINITIALIZED
                  000050a0    00000020     F2837xD_GlobalVariableDefs.obj (ECap6RegsFile)

DacaRegsFile 
*          1    00005c00    00000008     UNINITIALIZED
                  00005c00    00000008     F2837xD_GlobalVariableDefs.obj (DacaRegsFile)

DacbRegsFile 
*          1    00005c10    00000008     UNINITIALIZED
                  00005c10    00000008     F2837xD_GlobalVariableDefs.obj (DacbRegsFile)

DaccRegsFile 
*          1    00005c20    00000008     UNINITIALIZED
                  00005c20    00000008     F2837xD_GlobalVariableDefs.obj (DaccRegsFile)

Sdfm1RegsFile 
*          1    00005e00    00000080     UNINITIALIZED
                  00005e00    00000080     F2837xD_GlobalVariableDefs.obj (Sdfm1RegsFile)

Sdfm2RegsFile 
*          1    00005e80    00000080     UNINITIALIZED
                  00005e80    00000080     F2837xD_GlobalVariableDefs.obj (Sdfm2RegsFile)

SpiaRegsFile 
*          1    00006100    00000010     UNINITIALIZED
                  00006100    00000010     F2837xD_GlobalVariableDefs.obj (SpiaRegsFile)

SpibRegsFile 
*          1    00006110    00000010     UNINITIALIZED
                  00006110    00000010     F2837xD_GlobalVariableDefs.obj (SpibRegsFile)

SpicRegsFile 
*          1    00006120    00000010     UNINITIALIZED
                  00006120    00000010     F2837xD_GlobalVariableDefs.obj (SpicRegsFile)

DmaClaSrcSelRegsFile 
*          1    00007980    0000001a     UNINITIALIZED
                  00007980    0000001a     F2837xD_GlobalVariableDefs.obj (DmaClaSrcSelRegsFile)

SHARE_GSRAM_CPU1 
*          1    00011000    00001b30     UNINITIALIZED
                  00011000    00001b30     main_CPU2.obj (SHARE_GSRAM_CPU1)

SHARE_GSRAM_CPU2 
*          1    00013000    000014a8     UNINITIALIZED
                  00013000    000014a8     main_CPU2.obj (SHARE_GSRAM_CPU2)

PUTBUFFER 
*          1    0003f800    00000080     UNINITIALIZED
                  0003f800    00000080     F2837xD_Ipc_Driver.obj (PUTBUFFER)

PUTWRITEIDX 
*          1    0003f880    00000004     UNINITIALIZED
                  0003f880    00000004     F2837xD_Ipc_Driver.obj (PUTWRITEIDX)

GETREADIDX 
*          1    0003f884    00000004     UNINITIALIZED
                  0003f884    00000004     F2837xD_Ipc_Driver.obj (GETREADIDX)

GETBUFFER 
*          0    0003fc00    00000080     DSECT
                  0003fc00    00000080     F2837xD_Ipc_Driver.obj (GETBUFFER)

GETWRITEIDX 
*          0    0003fc80    00000004     DSECT
                  0003fc80    00000004     F2837xD_Ipc_Driver.obj (GETWRITEIDX)

PUTREADIDX 
*          0    0003fc84    00000004     DSECT
                  0003fc84    00000004     F2837xD_Ipc_Driver.obj (PUTREADIDX)

PieVectTableFile 
*          0    00000d00    000001c0     DSECT
                  00000d00    000001c0     F2837xD_GlobalVariableDefs.obj (PieVectTableFile)

EmuBModeVar 
*          0    00000d00    00000001     DSECT
                  00000d00    00000001     F2837xD_GlobalVariableDefs.obj (EmuBModeVar)

EmuBootPinsVar 
*          0    00000d01    00000000     DSECT

AdcaResultFile 
*          1    00000b00    00000018     UNINITIALIZED
                  00000b00    00000018     F2837xD_GlobalVariableDefs.obj (AdcaResultFile)

AdcbResultFile 
*          1    00000b20    00000018     UNINITIALIZED
                  00000b20    00000018     F2837xD_GlobalVariableDefs.obj (AdcbResultFile)

AdccResultFile 
*          1    00000b40    00000018     UNINITIALIZED
                  00000b40    00000018     F2837xD_GlobalVariableDefs.obj (AdccResultFile)

AdcdResultFile 
*          1    00000b60    00000018     UNINITIALIZED
                  00000b60    00000018     F2837xD_GlobalVariableDefs.obj (AdcdResultFile)

AdcaRegsFile 
*          1    00007400    00000080     UNINITIALIZED
                  00007400    00000080     F2837xD_GlobalVariableDefs.obj (AdcaRegsFile)

AdcbRegsFile 
*          1    00007480    00000080     UNINITIALIZED
                  00007480    00000080     F2837xD_GlobalVariableDefs.obj (AdcbRegsFile)

AdccRegsFile 
*          1    00007500    00000080     UNINITIALIZED
                  00007500    00000080     F2837xD_GlobalVariableDefs.obj (AdccRegsFile)

AdcdRegsFile 
*          1    00007580    00000080     UNINITIALIZED
                  00007580    00000080     F2837xD_GlobalVariableDefs.obj (AdcdRegsFile)

CanaRegsFile 
*          1    00048000    00000164     UNINITIALIZED
                  00048000    00000164     F2837xD_GlobalVariableDefs.obj (CanaRegsFile)

CanbRegsFile 
*          1    0004a000    00000164     UNINITIALIZED
                  0004a000    00000164     F2837xD_GlobalVariableDefs.obj (CanbRegsFile)

Cla1SoftIntRegsFile 
*          1    00000ce0    00000004     DSECT
                  00000ce0    00000004     F2837xD_GlobalVariableDefs.obj (Cla1SoftIntRegsFile)

Cmpss1RegsFile 
*          1    00005c80    00000020     UNINITIALIZED
                  00005c80    00000020     F2837xD_GlobalVariableDefs.obj (Cmpss1RegsFile)

Cmpss2RegsFile 
*          1    00005ca0    00000020     UNINITIALIZED
                  00005ca0    00000020     F2837xD_GlobalVariableDefs.obj (Cmpss2RegsFile)

Cmpss3RegsFile 
*          1    00005cc0    00000020     UNINITIALIZED
                  00005cc0    00000020     F2837xD_GlobalVariableDefs.obj (Cmpss3RegsFile)

Cmpss4RegsFile 
*          1    00005ce0    00000020     UNINITIALIZED
                  00005ce0    00000020     F2837xD_GlobalVariableDefs.obj (Cmpss4RegsFile)

Cmpss5RegsFile 
*          1    00005d00    00000020     UNINITIALIZED
                  00005d00    00000020     F2837xD_GlobalVariableDefs.obj (Cmpss5RegsFile)

Cmpss6RegsFile 
*          1    00005d20    00000020     UNINITIALIZED
                  00005d20    00000020     F2837xD_GlobalVariableDefs.obj (Cmpss6RegsFile)

Cmpss7RegsFile 
*          1    00005d40    00000020     UNINITIALIZED
                  00005d40    00000020     F2837xD_GlobalVariableDefs.obj (Cmpss7RegsFile)

Cmpss8RegsFile 
*          1    00005d60    00000020     UNINITIALIZED
                  00005d60    00000020     F2837xD_GlobalVariableDefs.obj (Cmpss8RegsFile)

Emif1RegsFile 
*          1    00047000    00000070     UNINITIALIZED
                  00047000    00000070     F2837xD_GlobalVariableDefs.obj (Emif1RegsFile)

Emif2RegsFile 
*          1    00047800    00000070     UNINITIALIZED
                  00047800    00000070     F2837xD_GlobalVariableDefs.obj (Emif2RegsFile)

DcsmZ1RegsFile 
*          1    0005f000    00000024     UNINITIALIZED
                  0005f000    00000024     F2837xD_GlobalVariableDefs.obj (DcsmZ1RegsFile)

DcsmZ2RegsFile 
*          1    0005f040    00000024     UNINITIALIZED
                  0005f040    00000024     F2837xD_GlobalVariableDefs.obj (DcsmZ2RegsFile)

DcsmCommonRegsFile 
*          1    0005f070    00000008     UNINITIALIZED
                  0005f070    00000008     F2837xD_GlobalVariableDefs.obj (DcsmCommonRegsFile)

EQep1RegsFile 
*          1    00005100    00000022     UNINITIALIZED
                  00005100    00000022     F2837xD_GlobalVariableDefs.obj (EQep1RegsFile)

EQep2RegsFile 
*          1    00005140    00000022     UNINITIALIZED
                  00005140    00000022     F2837xD_GlobalVariableDefs.obj (EQep2RegsFile)

EQep3RegsFile 
*          1    00005180    00000022     UNINITIALIZED
                  00005180    00000022     F2837xD_GlobalVariableDefs.obj (EQep3RegsFile)

Flash0CtrlRegsFile 
*          1    0005f800    00000182     UNINITIALIZED
                  0005f800    00000182     F2837xD_GlobalVariableDefs.obj (Flash0CtrlRegsFile)

Flash0EccRegsFile 
*          1    0005fb00    00000028     UNINITIALIZED
                  0005fb00    00000028     F2837xD_GlobalVariableDefs.obj (Flash0EccRegsFile)

GpioDataRegsFile 
*          1    00007f00    00000030     UNINITIALIZED
                  00007f00    00000030     F2837xD_GlobalVariableDefs.obj (GpioDataRegsFile)

I2caRegsFile 
*          1    00007300    00000022     UNINITIALIZED
                  00007300    00000022     F2837xD_GlobalVariableDefs.obj (I2caRegsFile)

I2cbRegsFile 
*          1    00007340    00000022     UNINITIALIZED
                  00007340    00000022     F2837xD_GlobalVariableDefs.obj (I2cbRegsFile)

IpcRegsFile 
*          1    00050000    00000024     UNINITIALIZED
                  00050000    00000024     F2837xD_GlobalVariableDefs.obj (IpcRegsFile)

FlashPumpSemaphoreRegsFile 
*          1    00050024    00000002     UNINITIALIZED
                  00050024    00000002     F2837xD_GlobalVariableDefs.obj (FlashPumpSemaphoreRegsFile)

MemCfgRegsFile 
*          1    0005f400    00000080     UNINITIALIZED
                  0005f400    00000080     F2837xD_GlobalVariableDefs.obj (MemCfgRegsFile)

Emif1ConfigRegsFile 
*          1    0005f480    00000020     UNINITIALIZED
                  0005f480    00000020     F2837xD_GlobalVariableDefs.obj (Emif1ConfigRegsFile)

AccessProtectionRegsFile 
*          1    0005f4c0    00000040     UNINITIALIZED
                  0005f4c0    00000040     F2837xD_GlobalVariableDefs.obj (AccessProtectionRegsFile)

MemoryErrorRegsFile 
*          1    0005f500    00000040     UNINITIALIZED
                  0005f500    00000040     F2837xD_GlobalVariableDefs.obj (MemoryErrorRegsFile)

McbspaRegsFile 
*          1    00006000    00000024     UNINITIALIZED
                  00006000    00000024     F2837xD_GlobalVariableDefs.obj (McbspaRegsFile)

McbspbRegsFile 
*          1    00006040    00000024     UNINITIALIZED
                  00006040    00000024     F2837xD_GlobalVariableDefs.obj (McbspbRegsFile)

NmiIntruptRegsFile 
*          1    00007060    00000007     UNINITIALIZED
                  00007060    00000007     F2837xD_GlobalVariableDefs.obj (NmiIntruptRegsFile)

SciaRegsFile 
*          1    00007200    00000010     UNINITIALIZED
                  00007200    00000010     F2837xD_GlobalVariableDefs.obj (SciaRegsFile)

ScibRegsFile 
*          1    00007210    00000010     UNINITIALIZED
                  00007210    00000010     F2837xD_GlobalVariableDefs.obj (ScibRegsFile)

ScicRegsFile 
*          1    00007220    00000010     UNINITIALIZED
                  00007220    00000010     F2837xD_GlobalVariableDefs.obj (ScicRegsFile)

ScidRegsFile 
*          1    00007230    00000010     UNINITIALIZED
                  00007230    00000010     F2837xD_GlobalVariableDefs.obj (ScidRegsFile)

ClkCfgRegsFile 
*          1    0005d200    00000032     UNINITIALIZED
                  0005d200    00000032     F2837xD_GlobalVariableDefs.obj (ClkCfgRegsFile)

CpuSysRegsFile 
*          1    0005d300    00000082     UNINITIALIZED
                  0005d300    00000082     F2837xD_GlobalVariableDefs.obj (CpuSysRegsFile)

WdRegsFile 
*          1    00007000    0000002b     UNINITIALIZED
                  00007000    0000002b     F2837xD_GlobalVariableDefs.obj (WdRegsFile)

XintRegsFile 
*          1    00007070    0000000b     UNINITIALIZED
                  00007070    0000000b     F2837xD_GlobalVariableDefs.obj (XintRegsFile)

.text      0    00082224    00000e8b     
                  00082224    00000585     F2837xD_DefaultISR.obj (.text:retain)
                  000827a9    000001a3     device.obj (.text)
                  0008294c    0000015c     PhoenixonControls_SCI.obj (.text)
                  00082aa8    0000010a     main_CPU2.obj (.text)
                  00082bb2    000000da     PhoenixonControls_TIMER.obj (.text)
                  00082c8c    0000005d     memcpy_fast_far.obj (.text)
                  00082ce9    00000056     rts2800_fpu32.lib : boot28.asm.obj (.text)
                  00082d3f    00000054     driverlib.lib : interrupt.obj (.text:_Interrupt_initModule)
                  00082d93    00000046                   : sci.obj (.text:_SCI_clearInterruptStatus)
                  00082dd9    00000046                   : sci.obj (.text:_SCI_disableInterrupt)
                  00082e1f    00000044                   : sci.obj (.text:_SCI_enableInterrupt)
                  00082e63    00000040                   : sci.obj (.text:_SCI_setConfig)
                  00082ea3    00000033                   : interrupt.obj (.text:_Interrupt_enable)
                  00082ed6    00000029                   : flash.obj (.text:_Flash_setBankPowerUpDelay)
                  00082eff    00000029     rts2800_fpu32.lib : exit.c.obj (.text)
                  00082f28    00000024                       : cpy_tbl.c.obj (.text)
                  00082f4c    00000020     driverlib.lib : interrupt.obj (.text:_Interrupt_initVectorTable)
                  00082f6c    0000001f                   : sci.obj (.text:_SCI_isBaseValid)
                  00082f8b    0000001d     rts2800_fpu32.lib : memcpy.c.obj (.text)
                  00082fa8    0000001a     driverlib.lib : cputimer.obj (.text:_CPUTimer_isBaseValid)
                  00082fc2    00000019                   : sci.obj (.text:_SCI_disableModule)
                  00082fdb    00000019                   : sci.obj (.text:_SCI_performSoftwareReset)
                  00082ff4    00000019     rts2800_fpu32.lib : args_main.c.obj (.text)
                  0008300d    00000018                       : ll_aox28.asm.obj (.text)
                  00083025    00000014     driverlib.lib : sci.obj (.text:_SCI_enableModule)
                  00083039    00000013                   : cputimer.obj (.text:_CPUTimer_setEmulationMode)
                  0008304c    00000010                   : flash.obj (.text:_Flash_isCtrlBaseValid)
                  0008305c    00000010                   : flash.obj (.text:_Flash_isECCBaseValid)
                  0008306c    0000000e                   : interrupt.obj (.text:_Interrupt_defaultHandler)
                  0008307a    0000000d                   : interrupt.obj (.text:_Interrupt_disableMaster)
                  00083087    0000000d                   : interrupt.obj (.text:_Interrupt_enableMaster)
                  00083094    00000009     rts2800_fpu32.lib : _lock.c.obj (.text)
                  0008309d    00000008     F2837xD_CodeStartBranch.obj (.text)
                  000830a5    00000003     F2837xD_DBGIER.obj (.text)
                  000830a8    00000002     driverlib.lib : interrupt.obj (.text:_Interrupt_illegalOperationHandler)
                  000830aa    00000002                   : interrupt.obj (.text:_Interrupt_nmiHandler)
                  000830ac    00000002     rts2800_fpu32.lib : pre_init.c.obj (.text)
                  000830ae    00000001                       : startup.c.obj (.text)

.econst    0    00090000    0000026b     
                  00090000    000000cb     driverlib.lib : flash.obj (.econst:.string)
                  000900cb    00000001     --HOLE-- [fill = 0]
                  000900cc    000000c7                   : sci.obj (.econst:.string)
                  00090193    00000001     --HOLE-- [fill = 0]
                  00090194    00000069                   : interrupt.obj (.econst:.string)
                  000901fd    00000001     --HOLE-- [fill = 0]
                  000901fe    00000068                   : cputimer.obj (.econst:.string)
                  00090266    00000005     PhoenixonControls_COMMUNICATION.obj (.econst:_$P$T0$1)

MODULE SUMMARY

       Module                                code   initialized data   uninitialized data
       ------                                ----   ----------------   ------------------
    .\PHOENIXON_CONTROLS\CPU\source\
       main_CPU2.obj                         266    106                12261             
       PhoenixonControls_SCI.obj             948    52                 317               
       PhoenixonControls_CRC16.obj           64     259                256               
       PhoenixonControls_TIMER.obj           370    0                  0                 
       PhoenixonControls_COMMUNICATION.obj   232    5                  0                 
       memcpy_fast_far.obj                   93     0                  0                 
    +--+-------------------------------------+------+------------------+--------------------+
       Total:                                1973   422                12834             
                                                                                         
    .\common\source\
       F2837xD_DefaultISR.obj                1413   0                  0                 
       device.obj                            419    0                  0                 
       F2837xD_struct.obj                    0      98                 74                
       F2837xD_Ipc_Driver.obj                0      0                  136               
       F2837xD_CpuTimers.obj                 0      0                  24                
       F2837xD_CodeStartBranch.obj           10     0                  0                 
       F2837xD_usDelay.obj                   8      0                  0                 
       F2837xD_TempSensorConv.obj            0      0                  6                 
       F2837xD_sci_io.obj                    0      4                  1                 
       F2837xD_DBGIER.obj                    3      0                  0                 
    +--+-------------------------------------+------+------------------+--------------------+
       Total:                                1853   102                241               
                                                                                         
    .\headers\source\
       F2837xD_GlobalVariableDefs.obj        0      0                  7181              
    +--+-------------------------------------+------+------------------+--------------------+
       Total:                                0      0                  7181              
                                                                                         
    ../driverlib/driverlib.lib
       flash.obj                             683    203                0                 
       sci.obj                               373    199                0                 
       interrupt.obj                         211    105                0                 
       cputimer.obj                          45     104                0                 
    +--+-------------------------------------+------+------------------+--------------------+
       Total:                                1312   611                0                 
                                                                                         
    C:\ti\ccs930\ccs\tools\compiler\ti-cgt-c2000_18.12.4.LTS\lib\rts2800_fpu32.lib
       boot28.asm.obj                        86     0                  0                 
       exit.c.obj                            41     14                 6                 
       cpy_tbl.c.obj                         36     0                  0                 
       memcpy.c.obj                          29     0                  0                 
       args_main.c.obj                       25     0                  0                 
       ll_aox28.asm.obj                      24     0                  0                 
       _lock.c.obj                           9      10                 4                 
       pre_init.c.obj                        2      0                  0                 
       startup.c.obj                         1      0                  0                 
    +--+-------------------------------------+------+------------------+--------------------+
       Total:                                253    24                 10                
                                                                                         
       Stack:                                0      0                  1758              
    +--+-------------------------------------+------+------------------+--------------------+
       Grand Total:                          5391   1159               22024             


GLOBAL DATA SYMBOLS: SORTED BY DATA PAGE

address     data page           name
--------    ----------------    ----
00000122       4 (00000100)     __stack

00000b00      2c (00000b00)     _AdcaResultRegs
00000b20      2c (00000b00)     _AdcbResultRegs

00000b40      2d (00000b40)     _AdccResultRegs
00000b60      2d (00000b40)     _AdcdResultRegs

00000c00      30 (00000c00)     _CpuTimer0Regs
00000c08      30 (00000c00)     _CpuTimer1Regs
00000c10      30 (00000c00)     _CpuTimer2Regs

00000ce0      33 (00000cc0)     _Cla1SoftIntRegs
00000ce0      33 (00000cc0)     _PieCtrlRegs

00000d00      34 (00000d00)     _EmuBMode
00000d00      34 (00000d00)     _PieVectTable

00001000      40 (00001000)     _DmaRegs

00001400      50 (00001400)     _Cla1Regs

00004000     100 (00004000)     _EPwm1Regs

00004100     104 (00004100)     _EPwm2Regs

00004200     108 (00004200)     _EPwm3Regs

00004300     10c (00004300)     _EPwm4Regs

00004400     110 (00004400)     _EPwm5Regs

00004500     114 (00004500)     _EPwm6Regs

00004600     118 (00004600)     _EPwm7Regs

00004700     11c (00004700)     _EPwm8Regs

00004800     120 (00004800)     _EPwm9Regs

00004900     124 (00004900)     _EPwm10Regs

00004a00     128 (00004a00)     _EPwm11Regs

00004b00     12c (00004b00)     _EPwm12Regs

00005000     140 (00005000)     _ECap1Regs
00005020     140 (00005000)     _ECap2Regs

00005040     141 (00005040)     _ECap3Regs
00005060     141 (00005040)     _ECap4Regs

00005080     142 (00005080)     _ECap5Regs
000050a0     142 (00005080)     _ECap6Regs

00005100     144 (00005100)     _EQep1Regs

00005140     145 (00005140)     _EQep2Regs

00005180     146 (00005180)     _EQep3Regs

00005c00     170 (00005c00)     _DacaRegs
00005c10     170 (00005c00)     _DacbRegs
00005c20     170 (00005c00)     _DaccRegs

00005c80     172 (00005c80)     _Cmpss1Regs
00005ca0     172 (00005c80)     _Cmpss2Regs

00005cc0     173 (00005cc0)     _Cmpss3Regs
00005ce0     173 (00005cc0)     _Cmpss4Regs

00005d00     174 (00005d00)     _Cmpss5Regs
00005d20     174 (00005d00)     _Cmpss6Regs

00005d40     175 (00005d40)     _Cmpss7Regs
00005d60     175 (00005d40)     _Cmpss8Regs

00005e00     178 (00005e00)     _Sdfm1Regs

00005e80     17a (00005e80)     _Sdfm2Regs

00006000     180 (00006000)     _McbspaRegs

00006040     181 (00006040)     _McbspbRegs

00006100     184 (00006100)     _SpiaRegs
00006110     184 (00006100)     _SpibRegs
00006120     184 (00006100)     _SpicRegs

00007000     1c0 (00007000)     _WdRegs

00007060     1c1 (00007040)     _NmiIntruptRegs
00007070     1c1 (00007040)     _XintRegs

00007200     1c8 (00007200)     _SciaRegs
00007210     1c8 (00007200)     _ScibRegs
00007220     1c8 (00007200)     _ScicRegs
00007230     1c8 (00007200)     _ScidRegs

00007300     1cc (00007300)     _I2caRegs

00007340     1cd (00007340)     _I2cbRegs

00007400     1d0 (00007400)     _AdcaRegs

00007480     1d2 (00007480)     _AdcbRegs

00007500     1d4 (00007500)     _AdccRegs

00007580     1d6 (00007580)     _AdcdRegs

00007980     1e6 (00007980)     _DmaClaSrcSelRegs

00007f00     1fc (00007f00)     _GpioDataRegs

00008000     200 (00008000)     _SCIARxData

0000812e     204 (00008100)     _SCIARxCount
0000812f     204 (00008100)     _SCIATxCount
00008130     204 (00008100)     _SCIARxChannel
00008131     204 (00008100)     _SCIATxChannel
00008132     204 (00008100)     _e_SCIA_RxState
00008133     204 (00008100)     _e_SCIA_TxState
00008134     204 (00008100)     _DEBUG_RX_LENGTH
00008135     204 (00008100)     _DEBUG_RX_COUNT
00008136     204 (00008100)     _DEBUG_RX_CRC16
00008137     204 (00008100)     _SCIARxRing
0000813a     204 (00008100)     _SCIATxRing
0000813d     204 (00008100)     _deviceOpen
0000813e     204 (00008100)     __lock

00008140     205 (00008140)     _CRC16_TABLE

00008240     209 (00008240)     _EPWM
0000825a     209 (00008240)     _CpuTimer0
00008262     209 (00008240)     _CpuTimer1
0000826a     209 (00008240)     _CpuTimer2
00008272     209 (00008240)     _ECAP

00008280     20a (00008280)     _DEBUG_S_SCHEDULE_DATA
00008281     20a (00008280)     _DEBUG_S_CELL_SCAN_DATA
00008282     20a (00008280)     _DEBUG_DSP_SCIA_TX_DATA_LENGTH
00008283     20a (00008280)     _DEBUG_DSP_SCIA_RX_DATA_LENGTH
00008284     20a (00008280)     _DEBUG_DSP_SCIA_TX_TOTAL_LENGTH
00008285     20a (00008280)     _DEBUG_DSP_SCIA_RX_TOTAL_LENGTH
00008286     20a (00008280)     _DEBUG_DSP_SCIA_TX_DUMY_LENGTH
00008287     20a (00008280)     _DEBUG_DSP_SCIA_RX_DUMY_LENGTH
00008288     20a (00008280)     _DEBUG_DSP_SCIA_TX_MAX_DATA_LENGTH
00008289     20a (00008280)     _DEBUG_DSP_SCIA_RX_MAX_DATA_LENGTH
0000828a     20a (00008280)     _DEBUG_DSP_SCIA_TX_MAX_BUFFER_LENGTH
0000828b     20a (00008280)     _DEBUG_DSP_SCIA_RX_MAX_BUFFER_LENGTH
0000828c     20a (00008280)     _PHOENIXON_CONTROLS_Variable_Shared
0000828e     20a (00008280)     _EQEP
00008296     20a (00008280)     _SPI
0000829e     20a (00008280)     _tempSensor_tempSlope
000082a0     20a (00008280)     _tempSensor_tempOffset
000082a2     20a (00008280)     _tempSensor_scaleFactor
000082a4     20a (00008280)     _SDFM
000082aa     20a (00008280)     ___TI_enable_exit_profile_output
000082ac     20a (00008280)     ___TI_cleanup_ptr
000082ae     20a (00008280)     ___TI_dtors_ptr
000082b0     20a (00008280)     _I2C
000082b4     20a (00008280)     _MCBSP
000082b8     20a (00008280)     _SCI
000082bc     20a (00008280)     __unlock

00011000     440 (00011000)     _SYNC_SIGNAL_CPU1
00011002     440 (00011000)     _GSRAM_DATA_BANK_INDEX_CPU1
0001100a     440 (00011000)     _ui_UpdateflagCPU1
00011012     440 (00011000)     _ui_UpdateSTEPCPU1
0001101a     440 (00011000)     _ui_UpdateDATACPU1

00011040     441 (00011040)     _CELL_SCAN_DATA

00013000     4c0 (00013000)     _SYNC_SIGNAL_CPU2
00013002     4c0 (00013000)     _GSRAM_DATA_BANK_INDEX_CPU2
0001300a     4c0 (00013000)     _ui_UpdateflagCPU2
00013012     4c0 (00013000)     _ui_UpdateSTEPCPU2
0001301a     4c0 (00013000)     _ui_UpdateDATACPU2

00013040     4c1 (00013040)     _SCIARxBuff

000132c0     4cb (000132c0)     _SCHEDULE_DATA

00013700     4dc (00013700)     _SCIATxBuff

0003f800     fe0 (0003f800)     _g_asIPCCPU2toCPU1Buffers

0003f880     fe2 (0003f880)     _g_usPutWriteIndexes
0003f884     fe2 (0003f880)     _g_usGetReadIndexes

0003fc00     ff0 (0003fc00)     _g_asIPCCPU1toCPU2Buffers

0003fc80     ff2 (0003fc80)     _g_usGetWriteIndexes
0003fc84     ff2 (0003fc80)     _g_usPutReadIndexes

00047000    11c0 (00047000)     _Emif1Regs

00047800    11e0 (00047800)     _Emif2Regs

00048000    1200 (00048000)     _CanaRegs

0004a000    1280 (0004a000)     _CanbRegs

00050000    1400 (00050000)     _IpcRegs
00050024    1400 (00050000)     _FlashPumpSemaphoreRegs

0005d200    1748 (0005d200)     _ClkCfgRegs

0005d300    174c (0005d300)     _CpuSysRegs

0005f000    17c0 (0005f000)     _DcsmZ1Regs

0005f040    17c1 (0005f040)     _DcsmZ2Regs
0005f070    17c1 (0005f040)     _DcsmCommonRegs

0005f400    17d0 (0005f400)     _MemCfgRegs

0005f480    17d2 (0005f480)     _Emif1ConfigRegs

0005f4c0    17d3 (0005f4c0)     _AccessProtectionRegs

0005f500    17d4 (0005f500)     _MemoryErrorRegs

0005f800    17e0 (0005f800)     _Flash0CtrlRegs

0005fb00    17ec (0005fb00)     _Flash0EccRegs


GLOBAL SYMBOLS: SORTED ALPHABETICALLY BY Name 

page  address   name                                      
----  -------   ----                                      
abs   ffffffff  .text                                     
0     00082eff  C$$EXIT                                   
0     0008300d  LL$$AND                                   
0     00083015  LL$$OR                                    
0     0008301d  LL$$XOR                                   
0     000822e2  _ADCA1_ISR                                
0     00082562  _ADCA2_ISR                                
0     0008256c  _ADCA3_ISR                                
0     00082576  _ADCA4_ISR                                
0     00082558  _ADCA_EVT_ISR                             
0     000822ec  _ADCB1_ISR                                
0     0008258a  _ADCB2_ISR                                
0     00082594  _ADCB3_ISR                                
0     0008259e  _ADCB4_ISR                                
0     00082580  _ADCB_EVT_ISR                             
0     000822f6  _ADCC1_ISR                                
0     000826f2  _ADCC2_ISR                                
0     000826fc  _ADCC3_ISR                                
0     00082706  _ADCC4_ISR                                
0     000826e8  _ADCC_EVT_ISR                             
0     00082314  _ADCD1_ISR                                
0     0008271a  _ADCD2_ISR                                
0     00082724  _ADCD3_ISR                                
0     0008272e  _ADCD4_ISR                                
0     00082710  _ADCD_EVT_ISR                             
0     0008276a  _AUX_PLL_SLIP_ISR                         
1     0005f4c0  _AccessProtectionRegs                     
1     00007400  _AdcaRegs                                 
1     00000b00  _AdcaResultRegs                           
1     00007480  _AdcbRegs                                 
1     00000b20  _AdcbResultRegs                           
1     00007500  _AdccRegs                                 
1     00000b40  _AdccResultRegs                           
1     00007580  _AdcdRegs                                 
1     00000b60  _AdcdResultRegs                           
0     00082530  _CANA0_ISR                                
0     0008253a  _CANA1_ISR                                
0     00082544  _CANB0_ISR                                
0     0008254e  _CANB1_ISR                                
1     00011040  _CELL_SCAN_DATA                           
0     000825a8  _CLA1_1_ISR                               
0     000825b2  _CLA1_2_ISR                               
0     000825bc  _CLA1_3_ISR                               
0     000825c6  _CLA1_4_ISR                               
0     000825d0  _CLA1_5_ISR                               
0     000825da  _CLA1_6_ISR                               
0     000825e4  _CLA1_7_ISR                               
0     000825ee  _CLA1_8_ISR                               
0     00082774  _CLA_OVERFLOW_ISR                         
0     0008277e  _CLA_UNDERFLOW_ISR                        
0     00010190  _COMMUNICATION_RS422A_RxUnPacket          
0     0001012c  _COMMUNICATION_RS422A_TxPacket            
0     00083039  _CPUTimer_setEmulationMode                
0     00010287  _CRC16_Conversion                         
1     00008140  _CRC16_TABLE                              
1     00048000  _CanaRegs                                 
1     0004a000  _CanbRegs                                 
1     00001400  _Cla1Regs                                 
0     00000ce0  _Cla1SoftIntRegs                          
1     0005d200  _ClkCfgRegs                               
1     00005c80  _Cmpss1Regs                               
1     00005ca0  _Cmpss2Regs                               
1     00005cc0  _Cmpss3Regs                               
1     00005ce0  _Cmpss4Regs                               
1     00005d00  _Cmpss5Regs                               
1     00005d20  _Cmpss6Regs                               
1     00005d40  _Cmpss7Regs                               
1     00005d60  _Cmpss8Regs                               
1     0005d300  _CpuSysRegs                               
1     0000825a  _CpuTimer0                                
1     00000c00  _CpuTimer0Regs                            
1     00008262  _CpuTimer1                                
1     00000c08  _CpuTimer1Regs                            
1     0000826a  _CpuTimer2                                
1     00000c10  _CpuTimer2Regs                            
0     00082238  _DATALOG_ISR                              
1     00008283  _DEBUG_DSP_SCIA_RX_DATA_LENGTH            
1     00008287  _DEBUG_DSP_SCIA_RX_DUMY_LENGTH            
1     0000828b  _DEBUG_DSP_SCIA_RX_MAX_BUFFER_LENGTH      
1     00008289  _DEBUG_DSP_SCIA_RX_MAX_DATA_LENGTH        
1     00008285  _DEBUG_DSP_SCIA_RX_TOTAL_LENGTH           
1     00008282  _DEBUG_DSP_SCIA_TX_DATA_LENGTH            
1     00008286  _DEBUG_DSP_SCIA_TX_DUMY_LENGTH            
1     0000828a  _DEBUG_DSP_SCIA_TX_MAX_BUFFER_LENGTH      
1     00008288  _DEBUG_DSP_SCIA_TX_MAX_DATA_LENGTH        
1     00008284  _DEBUG_DSP_SCIA_TX_TOTAL_LENGTH           
1     00008135  _DEBUG_RX_COUNT                           
1     00008136  _DEBUG_RX_CRC16                           
1     00008134  _DEBUG_RX_LENGTH                          
1     00008281  _DEBUG_S_CELL_SCAN_DATA                   
1     00008280  _DEBUG_S_SCHEDULE_DATA                    
0     0008247c  _DMA_CH1_ISR                              
0     00082486  _DMA_CH2_ISR                              
0     00082490  _DMA_CH3_ISR                              
0     0008249a  _DMA_CH4_ISR                              
0     000824a4  _DMA_CH5_ISR                              
0     000824ae  _DMA_CH6_ISR                              
0     00082c59  _DSP_Configimer                           
0     00010057  _DSP_SCIABufferClear                      
0     0001008d  _DSP_SCIABufferGet                        
0     0001005e  _DSP_SCIABufferGetSize                    
0     00010070  _DSP_SCIABufferPut                        
0     0001002f  _DSP_SCIA_Get                             
0     00082998  _DSP_SCIA_Init                            
0     00010000  _DSP_SCIA_Put                             
0     000100a7  _DSP_SCIA_RX_ISR                          
0     00010033  _DSP_SCIA_Read                            
0     000829da  _DSP_SCIA_RxUpDate                        
0     000829d2  _DSP_SCIA_TX_Disable                      
0     000829ca  _DSP_SCIA_TX_Enable                       
0     000100f4  _DSP_SCIA_TX_ISR                          
0     0001004d  _DSP_SCIA_TxStart                         
0     0001000c  _DSP_SCIA_Write                           
0     000101a0  _DSP_Timer0_ISR                           
0     000101d2  _DSP_Timer1_ISR                           
0     000101df  _DSP_Timer2_ISR                           
0     00082be7  _DSP_TimerInit                            
1     00005c00  _DacaRegs                                 
1     00005c10  _DacbRegs                                 
1     00005c20  _DaccRegs                                 
1     0005f070  _DcsmCommonRegs                           
1     0005f000  _DcsmZ1Regs                               
1     0005f040  _DcsmZ2Regs                               
0     000827f7  _Device_enableAllPeripherals              
0     0008292f  _Device_enableUnbondedGPIOPullups         
0     0008290c  _Device_enableUnbondedGPIOPullupsFor100Pin
0     000828f5  _Device_enableUnbondedGPIOPullupsFor176Pin
0     000827dd  _Device_init                              
0     000828d4  _Device_initGPIO                          
1     00007980  _DmaClaSrcSelRegs                         
1     00001000  _DmaRegs                                  
1     00008272  _ECAP                                     
0     000823d2  _ECAP1_ISR                                
0     000823dc  _ECAP2_ISR                                
0     000823e6  _ECAP3_ISR                                
0     000823f0  _ECAP4_ISR                                
0     000823fa  _ECAP5_ISR                                
0     00082404  _ECAP6_ISR                                
1     00005000  _ECap1Regs                                
1     00005020  _ECap2Regs                                
1     00005040  _ECap3Regs                                
1     00005060  _ECap4Regs                                
1     00005080  _ECap5Regs                                
1     000050a0  _ECap6Regs                                
0     00082738  _EMIF_ERROR_ISR                           
0     00082792  _EMPTY_ISR                                
0     0008224c  _EMU_ISR                                  
1     00008240  _EPWM                                     
0     0008268e  _EPWM10_ISR                               
0     00082666  _EPWM10_TZ_ISR                            
0     00082698  _EPWM11_ISR                               
0     00082670  _EPWM11_TZ_ISR                            
0     000826a2  _EPWM12_ISR                               
0     0008267a  _EPWM12_TZ_ISR                            
0     00082382  _EPWM1_ISR                                
0     00082332  _EPWM1_TZ_ISR                             
0     0008238c  _EPWM2_ISR                                
0     0008233c  _EPWM2_TZ_ISR                             
0     00082396  _EPWM3_ISR                                
0     00082346  _EPWM3_TZ_ISR                             
0     000823a0  _EPWM4_ISR                                
0     00082350  _EPWM4_TZ_ISR                             
0     000823aa  _EPWM5_ISR                                
0     0008235a  _EPWM5_TZ_ISR                             
0     000823b4  _EPWM6_ISR                                
0     00082364  _EPWM6_TZ_ISR                             
0     000823be  _EPWM7_ISR                                
0     0008236e  _EPWM7_TZ_ISR                             
0     000823c8  _EPWM8_ISR                                
0     00082378  _EPWM8_TZ_ISR                             
0     00082684  _EPWM9_ISR                                
0     0008265c  _EPWM9_TZ_ISR                             
1     00004900  _EPwm10Regs                               
1     00004a00  _EPwm11Regs                               
1     00004b00  _EPwm12Regs                               
1     00004000  _EPwm1Regs                                
1     00004100  _EPwm2Regs                                
1     00004200  _EPwm3Regs                                
1     00004300  _EPwm4Regs                                
1     00004400  _EPwm5Regs                                
1     00004500  _EPwm6Regs                                
1     00004600  _EPwm7Regs                                
1     00004700  _EPwm8Regs                                
1     00004800  _EPwm9Regs                                
1     0000828e  _EQEP                                     
0     0008240e  _EQEP1_ISR                                
0     00082418  _EQEP2_ISR                                
0     00082422  _EQEP3_ISR                                
1     00005100  _EQep1Regs                                
1     00005140  _EQep2Regs                                
1     00005180  _EQep3Regs                                
1     0005f480  _Emif1ConfigRegs                          
1     00047000  _Emif1Regs                                
1     00047800  _Emif2Regs                                
0     00000d00  _EmuBMode                                 
0     0001033d  _F28x_usDelay                             
0     0008274c  _FLASH_CORRECTABLE_ERROR_ISR              
0     00082620  _FPU_OVERFLOW_ISR                         
0     0008262a  _FPU_UNDERFLOW_ISR                        
1     0005f800  _Flash0CtrlRegs                           
1     0005fb00  _Flash0EccRegs                            
1     00050024  _FlashPumpSemaphoreRegs                   
0     000101ec  _Flash_initModule                         
1     00011002  _GSRAM_DATA_BANK_INDEX_CPU1               
1     00013002  _GSRAM_DATA_BANK_INDEX_CPU2               
1     00007f00  _GpioDataRegs                             
1     000082b0  _I2C                                      
0     000824c2  _I2CA_FIFO_ISR                            
0     000824b8  _I2CA_ISR                                 
0     000824d6  _I2CB_FIFO_ISR                            
0     000824cc  _I2CB_ISR                                 
1     00007300  _I2caRegs                                 
1     00007340  _I2cbRegs                                 
0     00082260  _ILLEGAL_ISR                              
0     00082634  _IPC0_ISR                                 
0     0008263e  _IPC1_ISR                                 
0     00082648  _IPC2_ISR                                 
0     00082652  _IPC3_ISR                                 
0     00082ea3  _Interrupt_enable                         
0     00082d3f  _Interrupt_initModule                     
0     00082f4c  _Interrupt_initVectorTable                
1     00050000  _IpcRegs                                  
1     000082b4  _MCBSP                                    
0     00082454  _MCBSPA_RX_ISR                            
0     0008245e  _MCBSPA_TX_ISR                            
0     00082468  _MCBSPB_RX_ISR                            
0     00082472  _MCBSPB_TX_ISR                            
1     00006000  _McbspaRegs                               
1     00006040  _McbspbRegs                               
1     0005f400  _MemCfgRegs                               
1     0005f500  _MemoryErrorRegs                          
0     00082256  _NMI_ISR                                  
0     0008279f  _NOTUSED_ISR                              
1     00007060  _NmiIntruptRegs                           
0     00082bb1  _PHOENIXON_CONTROLS_Funtion               
1     0000828c  _PHOENIXON_CONTROLS_Variable_Shared       
0     00082788  _PIE_RESERVED_ISR                         
1     00000ce0  _PieCtrlRegs                              
0     00000d00  _PieVectTable                             
0     00082756  _RAM_ACCESS_VIOLATION_ISR                 
0     00082742  _RAM_CORRECTABLE_ERROR_ISR                
0     00082242  _RTOS_ISR                                 
0     00086341  _RamfuncsLoadEnd                          
abs   00000341  _RamfuncsLoadSize                         
0     00086000  _RamfuncsLoadStart                        
0     00010341  _RamfuncsRunEnd                           
abs   00000341  _RamfuncsRunSize                          
0     00010000  _RamfuncsRunStart                         
1     000132c0  _SCHEDULE_DATA                            
1     000082b8  _SCI                                      
1     00013040  _SCIARxBuff                               
1     00008130  _SCIARxChannel                            
1     0000812e  _SCIARxCount                              
1     00008000  _SCIARxData                               
1     00008137  _SCIARxRing                               
1     00013700  _SCIATxBuff                               
1     00008131  _SCIATxChannel                            
1     0000812f  _SCIATxCount                              
1     0000813a  _SCIATxRing                               
0     00082508  _SCIA_RX_ISR                              
0     00082512  _SCIA_TX_ISR                              
0     0008251c  _SCIB_RX_ISR                              
0     00082526  _SCIB_TX_ISR                              
0     000824e0  _SCIC_RX_ISR                              
0     000824ea  _SCIC_TX_ISR                              
0     000824f4  _SCID_RX_ISR                              
0     000824fe  _SCID_TX_ISR                              
0     00082d93  _SCI_clearInterruptStatus                 
0     00082dd9  _SCI_disableInterrupt                     
0     00082e1f  _SCI_enableInterrupt                      
0     00082e63  _SCI_setConfig                            
0     000826ac  _SD1_ISR                                  
0     000826b6  _SD2_ISR                                  
1     000082a4  _SDFM                                     
1     00008296  _SPI                                      
0     0008242c  _SPIA_RX_ISR                              
0     00082436  _SPIA_TX_ISR                              
0     00082440  _SPIB_RX_ISR                              
0     0008244a  _SPIB_TX_ISR                              
0     000826c0  _SPIC_RX_ISR                              
0     000826ca  _SPIC_TX_ISR                              
1     00011000  _SYNC_SIGNAL_CPU1                         
1     00013000  _SYNC_SIGNAL_CPU2                         
0     00082760  _SYS_PLL_SLIP_ISR                         
1     00007200  _SciaRegs                                 
1     00007210  _ScibRegs                                 
1     00007220  _ScicRegs                                 
1     00007230  _ScidRegs                                 
1     00005e00  _Sdfm1Regs                                
1     00005e80  _Sdfm2Regs                                
0     000830a5  _SetDBGIER                                
1     00006100  _SpiaRegs                                 
1     00006110  _SpibRegs                                 
1     00006120  _SpicRegs                                 
0     0008231e  _TIMER0_ISR                               
0     00082224  _TIMER1_ISR                               
0     0008222e  _TIMER2_ISR                               
0     000826d4  _UPPA_ISR                                 
0     000826de  _USBA_ISR                                 
0     000822c4  _USER10_ISR                               
0     000822ce  _USER11_ISR                               
0     000822d8  _USER12_ISR                               
0     0008226a  _USER1_ISR                                
0     00082274  _USER2_ISR                                
0     0008227e  _USER3_ISR                                
0     00082288  _USER4_ISR                                
0     00082292  _USER5_ISR                                
0     0008229c  _USER6_ISR                                
0     000822a6  _USER7_ISR                                
0     000822b0  _USER8_ISR                                
0     000822ba  _USER9_ISR                                
0     00082616  _VCU_ISR                                  
0     00082328  _WAKE_ISR                                 
1     00007000  _WdRegs                                   
0     00082300  _XINT1_ISR                                
0     0008230a  _XINT2_ISR                                
0     000825f8  _XINT3_ISR                                
0     00082602  _XINT4_ISR                                
0     0008260c  _XINT5_ISR                                
1     00007070  _XintRegs                                 
1     00000800  __STACK_END                               
abs   000006de  __STACK_SIZE                              
1     000082ac  ___TI_cleanup_ptr                         
1     000082ae  ___TI_dtors_ptr                           
1     000082aa  ___TI_enable_exit_profile_output          
abs   ffffffff  ___TI_pprof_out_hndl                      
abs   ffffffff  ___TI_prof_data_size                      
abs   ffffffff  ___TI_prof_data_start                     
abs   ffffffff  ___binit__                                
abs   ffffffff  ___c_args__                               
0     00082000  ___cinit__                                
0     00082945  ___error__                                
abs   ffffffff  ___etext__                                
abs   ffffffff  ___pinit__                                
abs   ffffffff  ___text__                                 
0     00082ff4  __args_main                               
1     0000813e  __lock                                    
0     0008309c  __nop                                     
0     00083098  __register_lock                           
0     00083094  __register_unlock                         
1     00000122  __stack                                   
0     000830ae  __system_post_cinit                       
0     000830ac  __system_pre_init                         
1     000082bc  __unlock                                  
0     00082eff  _abort                                    
0     00082ce9  _c_int00                                  
0     00082f28  _copy_in                                  
1     0000813d  _deviceOpen                               
1     00008132  _e_SCIA_RxState                           
1     00008133  _e_SCIA_TxState                           
0     00082f01  _exit                                     
0     0003fc00  _g_asIPCCPU1toCPU2Buffers                 
1     0003f800  _g_asIPCCPU2toCPU1Buffers                 
1     0003f884  _g_usGetReadIndexes                       
0     0003fc80  _g_usGetWriteIndexes                      
0     0003fc84  _g_usPutReadIndexes                       
1     0003f880  _g_usPutWriteIndexes                      
0     00082ae3  _main                                     
0     00082f8b  _memcpy                                   
0     00082c8c  _memcpy_fast_far                          
1     000082a2  _tempSensor_scaleFactor                   
1     000082a0  _tempSensor_tempOffset                    
1     0000829e  _tempSensor_tempSlope                     
1     0001101a  _ui_UpdateDATACPU1                        
1     0001301a  _ui_UpdateDATACPU2                        
1     00011012  _ui_UpdateSTEPCPU1                        
1     00013012  _ui_UpdateSTEPCPU2                        
1     0001100a  _ui_UpdateflagCPU1                        
1     0001300a  _ui_UpdateflagCPU2                        
abs   ffffffff  binit                                     
0     00082000  cinit                                     
0     00080000  code_start                                
abs   ffffffff  etext                                     
abs   ffffffff  pinit                                     


GLOBAL SYMBOLS: SORTED BY Symbol Address 

page  address   name                                      
----  -------   ----                                      
0     00000ce0  _Cla1SoftIntRegs                          
0     00000d00  _EmuBMode                                 
0     00000d00  _PieVectTable                             
0     00010000  _DSP_SCIA_Put                             
0     00010000  _RamfuncsRunStart                         
0     0001000c  _DSP_SCIA_Write                           
0     0001002f  _DSP_SCIA_Get                             
0     00010033  _DSP_SCIA_Read                            
0     0001004d  _DSP_SCIA_TxStart                         
0     00010057  _DSP_SCIABufferClear                      
0     0001005e  _DSP_SCIABufferGetSize                    
0     00010070  _DSP_SCIABufferPut                        
0     0001008d  _DSP_SCIABufferGet                        
0     000100a7  _DSP_SCIA_RX_ISR                          
0     000100f4  _DSP_SCIA_TX_ISR                          
0     0001012c  _COMMUNICATION_RS422A_TxPacket            
0     00010190  _COMMUNICATION_RS422A_RxUnPacket          
0     000101a0  _DSP_Timer0_ISR                           
0     000101d2  _DSP_Timer1_ISR                           
0     000101df  _DSP_Timer2_ISR                           
0     000101ec  _Flash_initModule                         
0     00010287  _CRC16_Conversion                         
0     0001033d  _F28x_usDelay                             
0     00010341  _RamfuncsRunEnd                           
0     0003fc00  _g_asIPCCPU1toCPU2Buffers                 
0     0003fc80  _g_usGetWriteIndexes                      
0     0003fc84  _g_usPutReadIndexes                       
0     00080000  code_start                                
0     00082000  ___cinit__                                
0     00082000  cinit                                     
0     00082224  _TIMER1_ISR                               
0     0008222e  _TIMER2_ISR                               
0     00082238  _DATALOG_ISR                              
0     00082242  _RTOS_ISR                                 
0     0008224c  _EMU_ISR                                  
0     00082256  _NMI_ISR                                  
0     00082260  _ILLEGAL_ISR                              
0     0008226a  _USER1_ISR                                
0     00082274  _USER2_ISR                                
0     0008227e  _USER3_ISR                                
0     00082288  _USER4_ISR                                
0     00082292  _USER5_ISR                                
0     0008229c  _USER6_ISR                                
0     000822a6  _USER7_ISR                                
0     000822b0  _USER8_ISR                                
0     000822ba  _USER9_ISR                                
0     000822c4  _USER10_ISR                               
0     000822ce  _USER11_ISR                               
0     000822d8  _USER12_ISR                               
0     000822e2  _ADCA1_ISR                                
0     000822ec  _ADCB1_ISR                                
0     000822f6  _ADCC1_ISR                                
0     00082300  _XINT1_ISR                                
0     0008230a  _XINT2_ISR                                
0     00082314  _ADCD1_ISR                                
0     0008231e  _TIMER0_ISR                               
0     00082328  _WAKE_ISR                                 
0     00082332  _EPWM1_TZ_ISR                             
0     0008233c  _EPWM2_TZ_ISR                             
0     00082346  _EPWM3_TZ_ISR                             
0     00082350  _EPWM4_TZ_ISR                             
0     0008235a  _EPWM5_TZ_ISR                             
0     00082364  _EPWM6_TZ_ISR                             
0     0008236e  _EPWM7_TZ_ISR                             
0     00082378  _EPWM8_TZ_ISR                             
0     00082382  _EPWM1_ISR                                
0     0008238c  _EPWM2_ISR                                
0     00082396  _EPWM3_ISR                                
0     000823a0  _EPWM4_ISR                                
0     000823aa  _EPWM5_ISR                                
0     000823b4  _EPWM6_ISR                                
0     000823be  _EPWM7_ISR                                
0     000823c8  _EPWM8_ISR                                
0     000823d2  _ECAP1_ISR                                
0     000823dc  _ECAP2_ISR                                
0     000823e6  _ECAP3_ISR                                
0     000823f0  _ECAP4_ISR                                
0     000823fa  _ECAP5_ISR                                
0     00082404  _ECAP6_ISR                                
0     0008240e  _EQEP1_ISR                                
0     00082418  _EQEP2_ISR                                
0     00082422  _EQEP3_ISR                                
0     0008242c  _SPIA_RX_ISR                              
0     00082436  _SPIA_TX_ISR                              
0     00082440  _SPIB_RX_ISR                              
0     0008244a  _SPIB_TX_ISR                              
0     00082454  _MCBSPA_RX_ISR                            
0     0008245e  _MCBSPA_TX_ISR                            
0     00082468  _MCBSPB_RX_ISR                            
0     00082472  _MCBSPB_TX_ISR                            
0     0008247c  _DMA_CH1_ISR                              
0     00082486  _DMA_CH2_ISR                              
0     00082490  _DMA_CH3_ISR                              
0     0008249a  _DMA_CH4_ISR                              
0     000824a4  _DMA_CH5_ISR                              
0     000824ae  _DMA_CH6_ISR                              
0     000824b8  _I2CA_ISR                                 
0     000824c2  _I2CA_FIFO_ISR                            
0     000824cc  _I2CB_ISR                                 
0     000824d6  _I2CB_FIFO_ISR                            
0     000824e0  _SCIC_RX_ISR                              
0     000824ea  _SCIC_TX_ISR                              
0     000824f4  _SCID_RX_ISR                              
0     000824fe  _SCID_TX_ISR                              
0     00082508  _SCIA_RX_ISR                              
0     00082512  _SCIA_TX_ISR                              
0     0008251c  _SCIB_RX_ISR                              
0     00082526  _SCIB_TX_ISR                              
0     00082530  _CANA0_ISR                                
0     0008253a  _CANA1_ISR                                
0     00082544  _CANB0_ISR                                
0     0008254e  _CANB1_ISR                                
0     00082558  _ADCA_EVT_ISR                             
0     00082562  _ADCA2_ISR                                
0     0008256c  _ADCA3_ISR                                
0     00082576  _ADCA4_ISR                                
0     00082580  _ADCB_EVT_ISR                             
0     0008258a  _ADCB2_ISR                                
0     00082594  _ADCB3_ISR                                
0     0008259e  _ADCB4_ISR                                
0     000825a8  _CLA1_1_ISR                               
0     000825b2  _CLA1_2_ISR                               
0     000825bc  _CLA1_3_ISR                               
0     000825c6  _CLA1_4_ISR                               
0     000825d0  _CLA1_5_ISR                               
0     000825da  _CLA1_6_ISR                               
0     000825e4  _CLA1_7_ISR                               
0     000825ee  _CLA1_8_ISR                               
0     000825f8  _XINT3_ISR                                
0     00082602  _XINT4_ISR                                
0     0008260c  _XINT5_ISR                                
0     00082616  _VCU_ISR                                  
0     00082620  _FPU_OVERFLOW_ISR                         
0     0008262a  _FPU_UNDERFLOW_ISR                        
0     00082634  _IPC0_ISR                                 
0     0008263e  _IPC1_ISR                                 
0     00082648  _IPC2_ISR                                 
0     00082652  _IPC3_ISR                                 
0     0008265c  _EPWM9_TZ_ISR                             
0     00082666  _EPWM10_TZ_ISR                            
0     00082670  _EPWM11_TZ_ISR                            
0     0008267a  _EPWM12_TZ_ISR                            
0     00082684  _EPWM9_ISR                                
0     0008268e  _EPWM10_ISR                               
0     00082698  _EPWM11_ISR                               
0     000826a2  _EPWM12_ISR                               
0     000826ac  _SD1_ISR                                  
0     000826b6  _SD2_ISR                                  
0     000826c0  _SPIC_RX_ISR                              
0     000826ca  _SPIC_TX_ISR                              
0     000826d4  _UPPA_ISR                                 
0     000826de  _USBA_ISR                                 
0     000826e8  _ADCC_EVT_ISR                             
0     000826f2  _ADCC2_ISR                                
0     000826fc  _ADCC3_ISR                                
0     00082706  _ADCC4_ISR                                
0     00082710  _ADCD_EVT_ISR                             
0     0008271a  _ADCD2_ISR                                
0     00082724  _ADCD3_ISR                                
0     0008272e  _ADCD4_ISR                                
0     00082738  _EMIF_ERROR_ISR                           
0     00082742  _RAM_CORRECTABLE_ERROR_ISR                
0     0008274c  _FLASH_CORRECTABLE_ERROR_ISR              
0     00082756  _RAM_ACCESS_VIOLATION_ISR                 
0     00082760  _SYS_PLL_SLIP_ISR                         
0     0008276a  _AUX_PLL_SLIP_ISR                         
0     00082774  _CLA_OVERFLOW_ISR                         
0     0008277e  _CLA_UNDERFLOW_ISR                        
0     00082788  _PIE_RESERVED_ISR                         
0     00082792  _EMPTY_ISR                                
0     0008279f  _NOTUSED_ISR                              
0     000827dd  _Device_init                              
0     000827f7  _Device_enableAllPeripherals              
0     000828d4  _Device_initGPIO                          
0     000828f5  _Device_enableUnbondedGPIOPullupsFor176Pin
0     0008290c  _Device_enableUnbondedGPIOPullupsFor100Pin
0     0008292f  _Device_enableUnbondedGPIOPullups         
0     00082945  ___error__                                
0     00082998  _DSP_SCIA_Init                            
0     000829ca  _DSP_SCIA_TX_Enable                       
0     000829d2  _DSP_SCIA_TX_Disable                      
0     000829da  _DSP_SCIA_RxUpDate                        
0     00082ae3  _main                                     
0     00082bb1  _PHOENIXON_CONTROLS_Funtion               
0     00082be7  _DSP_TimerInit                            
0     00082c59  _DSP_Configimer                           
0     00082c8c  _memcpy_fast_far                          
0     00082ce9  _c_int00                                  
0     00082d3f  _Interrupt_initModule                     
0     00082d93  _SCI_clearInterruptStatus                 
0     00082dd9  _SCI_disableInterrupt                     
0     00082e1f  _SCI_enableInterrupt                      
0     00082e63  _SCI_setConfig                            
0     00082ea3  _Interrupt_enable                         
0     00082eff  C$$EXIT                                   
0     00082eff  _abort                                    
0     00082f01  _exit                                     
0     00082f28  _copy_in                                  
0     00082f4c  _Interrupt_initVectorTable                
0     00082f8b  _memcpy                                   
0     00082ff4  __args_main                               
0     0008300d  LL$$AND                                   
0     00083015  LL$$OR                                    
0     0008301d  LL$$XOR                                   
0     00083039  _CPUTimer_setEmulationMode                
0     00083094  __register_unlock                         
0     00083098  __register_lock                           
0     0008309c  __nop                                     
0     000830a5  _SetDBGIER                                
0     000830ac  __system_pre_init                         
0     000830ae  __system_post_cinit                       
0     00086000  _RamfuncsLoadStart                        
0     00086341  _RamfuncsLoadEnd                          
1     00000122  __stack                                   
1     00000800  __STACK_END                               
1     00000b00  _AdcaResultRegs                           
1     00000b20  _AdcbResultRegs                           
1     00000b40  _AdccResultRegs                           
1     00000b60  _AdcdResultRegs                           
1     00000c00  _CpuTimer0Regs                            
1     00000c08  _CpuTimer1Regs                            
1     00000c10  _CpuTimer2Regs                            
1     00000ce0  _PieCtrlRegs                              
1     00001000  _DmaRegs                                  
1     00001400  _Cla1Regs                                 
1     00004000  _EPwm1Regs                                
1     00004100  _EPwm2Regs                                
1     00004200  _EPwm3Regs                                
1     00004300  _EPwm4Regs                                
1     00004400  _EPwm5Regs                                
1     00004500  _EPwm6Regs                                
1     00004600  _EPwm7Regs                                
1     00004700  _EPwm8Regs                                
1     00004800  _EPwm9Regs                                
1     00004900  _EPwm10Regs                               
1     00004a00  _EPwm11Regs                               
1     00004b00  _EPwm12Regs                               
1     00005000  _ECap1Regs                                
1     00005020  _ECap2Regs                                
1     00005040  _ECap3Regs                                
1     00005060  _ECap4Regs                                
1     00005080  _ECap5Regs                                
1     000050a0  _ECap6Regs                                
1     00005100  _EQep1Regs                                
1     00005140  _EQep2Regs                                
1     00005180  _EQep3Regs                                
1     00005c00  _DacaRegs                                 
1     00005c10  _DacbRegs                                 
1     00005c20  _DaccRegs                                 
1     00005c80  _Cmpss1Regs                               
1     00005ca0  _Cmpss2Regs                               
1     00005cc0  _Cmpss3Regs                               
1     00005ce0  _Cmpss4Regs                               
1     00005d00  _Cmpss5Regs                               
1     00005d20  _Cmpss6Regs                               
1     00005d40  _Cmpss7Regs                               
1     00005d60  _Cmpss8Regs                               
1     00005e00  _Sdfm1Regs                                
1     00005e80  _Sdfm2Regs                                
1     00006000  _McbspaRegs                               
1     00006040  _McbspbRegs                               
1     00006100  _SpiaRegs                                 
1     00006110  _SpibRegs                                 
1     00006120  _SpicRegs                                 
1     00007000  _WdRegs                                   
1     00007060  _NmiIntruptRegs                           
1     00007070  _XintRegs                                 
1     00007200  _SciaRegs                                 
1     00007210  _ScibRegs                                 
1     00007220  _ScicRegs                                 
1     00007230  _ScidRegs                                 
1     00007300  _I2caRegs                                 
1     00007340  _I2cbRegs                                 
1     00007400  _AdcaRegs                                 
1     00007480  _AdcbRegs                                 
1     00007500  _AdccRegs                                 
1     00007580  _AdcdRegs                                 
1     00007980  _DmaClaSrcSelRegs                         
1     00007f00  _GpioDataRegs                             
1     00008000  _SCIARxData                               
1     0000812e  _SCIARxCount                              
1     0000812f  _SCIATxCount                              
1     00008130  _SCIARxChannel                            
1     00008131  _SCIATxChannel                            
1     00008132  _e_SCIA_RxState                           
1     00008133  _e_SCIA_TxState                           
1     00008134  _DEBUG_RX_LENGTH                          
1     00008135  _DEBUG_RX_COUNT                           
1     00008136  _DEBUG_RX_CRC16                           
1     00008137  _SCIARxRing                               
1     0000813a  _SCIATxRing                               
1     0000813d  _deviceOpen                               
1     0000813e  __lock                                    
1     00008140  _CRC16_TABLE                              
1     00008240  _EPWM                                     
1     0000825a  _CpuTimer0                                
1     00008262  _CpuTimer1                                
1     0000826a  _CpuTimer2                                
1     00008272  _ECAP                                     
1     00008280  _DEBUG_S_SCHEDULE_DATA                    
1     00008281  _DEBUG_S_CELL_SCAN_DATA                   
1     00008282  _DEBUG_DSP_SCIA_TX_DATA_LENGTH            
1     00008283  _DEBUG_DSP_SCIA_RX_DATA_LENGTH            
1     00008284  _DEBUG_DSP_SCIA_TX_TOTAL_LENGTH           
1     00008285  _DEBUG_DSP_SCIA_RX_TOTAL_LENGTH           
1     00008286  _DEBUG_DSP_SCIA_TX_DUMY_LENGTH            
1     00008287  _DEBUG_DSP_SCIA_RX_DUMY_LENGTH            
1     00008288  _DEBUG_DSP_SCIA_TX_MAX_DATA_LENGTH        
1     00008289  _DEBUG_DSP_SCIA_RX_MAX_DATA_LENGTH        
1     0000828a  _DEBUG_DSP_SCIA_TX_MAX_BUFFER_LENGTH      
1     0000828b  _DEBUG_DSP_SCIA_RX_MAX_BUFFER_LENGTH      
1     0000828c  _PHOENIXON_CONTROLS_Variable_Shared       
1     0000828e  _EQEP                                     
1     00008296  _SPI                                      
1     0000829e  _tempSensor_tempSlope                     
1     000082a0  _tempSensor_tempOffset                    
1     000082a2  _tempSensor_scaleFactor                   
1     000082a4  _SDFM                                     
1     000082aa  ___TI_enable_exit_profile_output          
1     000082ac  ___TI_cleanup_ptr                         
1     000082ae  ___TI_dtors_ptr                           
1     000082b0  _I2C                                      
1     000082b4  _MCBSP                                    
1     000082b8  _SCI                                      
1     000082bc  __unlock                                  
1     00011000  _SYNC_SIGNAL_CPU1                         
1     00011002  _GSRAM_DATA_BANK_INDEX_CPU1               
1     0001100a  _ui_UpdateflagCPU1                        
1     00011012  _ui_UpdateSTEPCPU1                        
1     0001101a  _ui_UpdateDATACPU1                        
1     00011040  _CELL_SCAN_DATA                           
1     00013000  _SYNC_SIGNAL_CPU2                         
1     00013002  _GSRAM_DATA_BANK_INDEX_CPU2               
1     0001300a  _ui_UpdateflagCPU2                        
1     00013012  _ui_UpdateSTEPCPU2                        
1     0001301a  _ui_UpdateDATACPU2                        
1     00013040  _SCIARxBuff                               
1     000132c0  _SCHEDULE_DATA                            
1     00013700  _SCIATxBuff                               
1     0003f800  _g_asIPCCPU2toCPU1Buffers                 
1     0003f880  _g_usPutWriteIndexes                      
1     0003f884  _g_usGetReadIndexes                       
1     00047000  _Emif1Regs                                
1     00047800  _Emif2Regs                                
1     00048000  _CanaRegs                                 
1     0004a000  _CanbRegs                                 
1     00050000  _IpcRegs                                  
1     00050024  _FlashPumpSemaphoreRegs                   
1     0005d200  _ClkCfgRegs                               
1     0005d300  _CpuSysRegs                               
1     0005f000  _DcsmZ1Regs                               
1     0005f040  _DcsmZ2Regs                               
1     0005f070  _DcsmCommonRegs                           
1     0005f400  _MemCfgRegs                               
1     0005f480  _Emif1ConfigRegs                          
1     0005f4c0  _AccessProtectionRegs                     
1     0005f500  _MemoryErrorRegs                          
1     0005f800  _Flash0CtrlRegs                           
1     0005fb00  _Flash0EccRegs                            
abs   00000341  _RamfuncsLoadSize                         
abs   00000341  _RamfuncsRunSize                          
abs   000006de  __STACK_SIZE                              
abs   ffffffff  .text                                     
abs   ffffffff  ___TI_pprof_out_hndl                      
abs   ffffffff  ___TI_prof_data_size                      
abs   ffffffff  ___TI_prof_data_start                     
abs   ffffffff  ___binit__                                
abs   ffffffff  ___c_args__                               
abs   ffffffff  ___etext__                                
abs   ffffffff  ___pinit__                                
abs   ffffffff  ___text__                                 
abs   ffffffff  binit                                     
abs   ffffffff  etext                                     
abs   ffffffff  pinit                                     

[374 symbols]
