<?xml version="1.0" encoding="ISO-8859-1" ?>
<link_info>
   <banner>TMS320C2000 Linker PC v18.12.4.LTS</banner>
   <copyright>Copyright (c) 1996-2018 Texas Instruments Incorporated</copyright>
   <link_time>0x5e82ddb5</link_time>
   <link_errors>0x0</link_errors>
   <output_file>Multi_Channel_Cycler_CPU2.out</output_file>
   <entry_point>
      <name>_c_int00</name>
      <address>0x82ce9</address>
   </entry_point>
   <input_file_list>
      <input_file id="fl-2">
         <path>.\PHOENIXON_CONTROLS\CPU\source\</path>
         <kind>object</kind>
         <file>PhoenixonControls_COMMUNICATION.obj</file>
         <name>PhoenixonControls_COMMUNICATION.obj</name>
      </input_file>
      <input_file id="fl-3">
         <path>.\PHOENIXON_CONTROLS\CPU\source\</path>
         <kind>object</kind>
         <file>PhoenixonControls_CRC16.obj</file>
         <name>PhoenixonControls_CRC16.obj</name>
      </input_file>
      <input_file id="fl-4">
         <path>.\PHOENIXON_CONTROLS\CPU\source\</path>
         <kind>object</kind>
         <file>PhoenixonControls_RingBuffer.obj</file>
         <name>PhoenixonControls_RingBuffer.obj</name>
      </input_file>
      <input_file id="fl-5">
         <path>.\PHOENIXON_CONTROLS\CPU\source\</path>
         <kind>object</kind>
         <file>PhoenixonControls_SCI.obj</file>
         <name>PhoenixonControls_SCI.obj</name>
      </input_file>
      <input_file id="fl-6">
         <path>.\PHOENIXON_CONTROLS\CPU\source\</path>
         <kind>object</kind>
         <file>PhoenixonControls_TIMER.obj</file>
         <name>PhoenixonControls_TIMER.obj</name>
      </input_file>
      <input_file id="fl-7">
         <path>.\PHOENIXON_CONTROLS\CPU\source\</path>
         <kind>object</kind>
         <file>main_CPU2.obj</file>
         <name>main_CPU2.obj</name>
      </input_file>
      <input_file id="fl-8">
         <path>.\PHOENIXON_CONTROLS\CPU\source\</path>
         <kind>object</kind>
         <file>memcpy_fast_far.obj</file>
         <name>memcpy_fast_far.obj</name>
      </input_file>
      <input_file id="fl-9">
         <path>.\common\source\</path>
         <kind>object</kind>
         <file>F2837xD_Adc.obj</file>
         <name>F2837xD_Adc.obj</name>
      </input_file>
      <input_file id="fl-a">
         <path>.\common\source\</path>
         <kind>object</kind>
         <file>F2837xD_CodeStartBranch.obj</file>
         <name>F2837xD_CodeStartBranch.obj</name>
      </input_file>
      <input_file id="fl-b">
         <path>.\common\source\</path>
         <kind>object</kind>
         <file>F2837xD_CpuTimers.obj</file>
         <name>F2837xD_CpuTimers.obj</name>
      </input_file>
      <input_file id="fl-c">
         <path>.\common\source\</path>
         <kind>object</kind>
         <file>F2837xD_DBGIER.obj</file>
         <name>F2837xD_DBGIER.obj</name>
      </input_file>
      <input_file id="fl-d">
         <path>.\common\source\</path>
         <kind>object</kind>
         <file>F2837xD_DefaultISR.obj</file>
         <name>F2837xD_DefaultISR.obj</name>
      </input_file>
      <input_file id="fl-e">
         <path>.\common\source\</path>
         <kind>object</kind>
         <file>F2837xD_Dma.obj</file>
         <name>F2837xD_Dma.obj</name>
      </input_file>
      <input_file id="fl-f">
         <path>.\common\source\</path>
         <kind>object</kind>
         <file>F2837xD_ECap.obj</file>
         <name>F2837xD_ECap.obj</name>
      </input_file>
      <input_file id="fl-10">
         <path>.\common\source\</path>
         <kind>object</kind>
         <file>F2837xD_EPwm.obj</file>
         <name>F2837xD_EPwm.obj</name>
      </input_file>
      <input_file id="fl-11">
         <path>.\common\source\</path>
         <kind>object</kind>
         <file>F2837xD_EQep.obj</file>
         <name>F2837xD_EQep.obj</name>
      </input_file>
      <input_file id="fl-12">
         <path>.\common\source\</path>
         <kind>object</kind>
         <file>F2837xD_Emif.obj</file>
         <name>F2837xD_Emif.obj</name>
      </input_file>
      <input_file id="fl-13">
         <path>.\common\source\</path>
         <kind>object</kind>
         <file>F2837xD_Gpio.obj</file>
         <name>F2837xD_Gpio.obj</name>
      </input_file>
      <input_file id="fl-14">
         <path>.\common\source\</path>
         <kind>object</kind>
         <file>F2837xD_I2C.obj</file>
         <name>F2837xD_I2C.obj</name>
      </input_file>
      <input_file id="fl-15">
         <path>.\common\source\</path>
         <kind>object</kind>
         <file>F2837xD_Ipc.obj</file>
         <name>F2837xD_Ipc.obj</name>
      </input_file>
      <input_file id="fl-16">
         <path>.\common\source\</path>
         <kind>object</kind>
         <file>F2837xD_Ipc_Driver.obj</file>
         <name>F2837xD_Ipc_Driver.obj</name>
      </input_file>
      <input_file id="fl-17">
         <path>.\common\source\</path>
         <kind>object</kind>
         <file>F2837xD_Ipc_Driver_Lite.obj</file>
         <name>F2837xD_Ipc_Driver_Lite.obj</name>
      </input_file>
      <input_file id="fl-18">
         <path>.\common\source\</path>
         <kind>object</kind>
         <file>F2837xD_Ipc_Driver_Util.obj</file>
         <name>F2837xD_Ipc_Driver_Util.obj</name>
      </input_file>
      <input_file id="fl-19">
         <path>.\common\source\</path>
         <kind>object</kind>
         <file>F2837xD_Mcbsp.obj</file>
         <name>F2837xD_Mcbsp.obj</name>
      </input_file>
      <input_file id="fl-1a">
         <path>.\common\source\</path>
         <kind>object</kind>
         <file>F2837xD_PieCtrl.obj</file>
         <name>F2837xD_PieCtrl.obj</name>
      </input_file>
      <input_file id="fl-1b">
         <path>.\common\source\</path>
         <kind>object</kind>
         <file>F2837xD_PieVect.obj</file>
         <name>F2837xD_PieVect.obj</name>
      </input_file>
      <input_file id="fl-1c">
         <path>.\common\source\</path>
         <kind>object</kind>
         <file>F2837xD_Sci.obj</file>
         <name>F2837xD_Sci.obj</name>
      </input_file>
      <input_file id="fl-1d">
         <path>.\common\source\</path>
         <kind>object</kind>
         <file>F2837xD_Spi.obj</file>
         <name>F2837xD_Spi.obj</name>
      </input_file>
      <input_file id="fl-1e">
         <path>.\common\source\</path>
         <kind>object</kind>
         <file>F2837xD_SysCtrl.obj</file>
         <name>F2837xD_SysCtrl.obj</name>
      </input_file>
      <input_file id="fl-1f">
         <path>.\common\source\</path>
         <kind>object</kind>
         <file>F2837xD_TempSensorConv.obj</file>
         <name>F2837xD_TempSensorConv.obj</name>
      </input_file>
      <input_file id="fl-20">
         <path>.\common\source\</path>
         <kind>object</kind>
         <file>F2837xD_Upp.obj</file>
         <name>F2837xD_Upp.obj</name>
      </input_file>
      <input_file id="fl-21">
         <path>.\common\source\</path>
         <kind>object</kind>
         <file>F2837xD_can.obj</file>
         <name>F2837xD_can.obj</name>
      </input_file>
      <input_file id="fl-22">
         <path>.\common\source\</path>
         <kind>object</kind>
         <file>F2837xD_sci_io.obj</file>
         <name>F2837xD_sci_io.obj</name>
      </input_file>
      <input_file id="fl-23">
         <path>.\common\source\</path>
         <kind>object</kind>
         <file>F2837xD_sdfm_drivers.obj</file>
         <name>F2837xD_sdfm_drivers.obj</name>
      </input_file>
      <input_file id="fl-24">
         <path>.\common\source\</path>
         <kind>object</kind>
         <file>F2837xD_struct.obj</file>
         <name>F2837xD_struct.obj</name>
      </input_file>
      <input_file id="fl-25">
         <path>.\common\source\</path>
         <kind>object</kind>
         <file>F2837xD_usDelay.obj</file>
         <name>F2837xD_usDelay.obj</name>
      </input_file>
      <input_file id="fl-26">
         <path>.\common\source\</path>
         <kind>object</kind>
         <file>device.obj</file>
         <name>device.obj</name>
      </input_file>
      <input_file id="fl-27">
         <path>.\headers\source\</path>
         <kind>object</kind>
         <file>F2837xD_GlobalVariableDefs.obj</file>
         <name>F2837xD_GlobalVariableDefs.obj</name>
      </input_file>
      <input_file id="fl-2f">
         <kind>object</kind>
         <file>&lt;internal&gt;</file>
         <name>&lt;internal&gt;</name>
      </input_file>
      <input_file id="fl-30">
         <path>..\driverlib\</path>
         <kind>archive</kind>
         <file>driverlib.lib</file>
         <name>cputimer.obj</name>
      </input_file>
      <input_file id="fl-31">
         <path>..\driverlib\</path>
         <kind>archive</kind>
         <file>driverlib.lib</file>
         <name>flash.obj</name>
      </input_file>
      <input_file id="fl-32">
         <path>..\driverlib\</path>
         <kind>archive</kind>
         <file>driverlib.lib</file>
         <name>interrupt.obj</name>
      </input_file>
      <input_file id="fl-33">
         <path>..\driverlib\</path>
         <kind>archive</kind>
         <file>driverlib.lib</file>
         <name>sci.obj</name>
      </input_file>
      <input_file id="fl-3f">
         <path>C:\ti\ccs930\ccs\tools\compiler\ti-cgt-c2000_18.12.4.LTS\lib\</path>
         <kind>archive</kind>
         <file>rts2800_fpu32.lib</file>
         <name>boot28.asm.obj</name>
      </input_file>
      <input_file id="fl-40">
         <path>C:\ti\ccs930\ccs\tools\compiler\ti-cgt-c2000_18.12.4.LTS\lib\</path>
         <kind>archive</kind>
         <file>rts2800_fpu32.lib</file>
         <name>ll_aox28.asm.obj</name>
      </input_file>
      <input_file id="fl-41">
         <path>C:\ti\ccs930\ccs\tools\compiler\ti-cgt-c2000_18.12.4.LTS\lib\</path>
         <kind>archive</kind>
         <file>rts2800_fpu32.lib</file>
         <name>cpy_tbl.c.obj</name>
      </input_file>
      <input_file id="fl-42">
         <path>C:\ti\ccs930\ccs\tools\compiler\ti-cgt-c2000_18.12.4.LTS\lib\</path>
         <kind>archive</kind>
         <file>rts2800_fpu32.lib</file>
         <name>memcpy.c.obj</name>
      </input_file>
      <input_file id="fl-43">
         <path>C:\ti\ccs930\ccs\tools\compiler\ti-cgt-c2000_18.12.4.LTS\lib\</path>
         <kind>archive</kind>
         <file>rts2800_fpu32.lib</file>
         <name>pre_init.c.obj</name>
      </input_file>
      <input_file id="fl-44">
         <path>C:\ti\ccs930\ccs\tools\compiler\ti-cgt-c2000_18.12.4.LTS\lib\</path>
         <kind>archive</kind>
         <file>rts2800_fpu32.lib</file>
         <name>startup.c.obj</name>
      </input_file>
      <input_file id="fl-45">
         <path>C:\ti\ccs930\ccs\tools\compiler\ti-cgt-c2000_18.12.4.LTS\lib\</path>
         <kind>archive</kind>
         <file>rts2800_fpu32.lib</file>
         <name>exit.c.obj</name>
      </input_file>
      <input_file id="fl-46">
         <path>C:\ti\ccs930\ccs\tools\compiler\ti-cgt-c2000_18.12.4.LTS\lib\</path>
         <kind>archive</kind>
         <file>rts2800_fpu32.lib</file>
         <name>_lock.c.obj</name>
      </input_file>
      <input_file id="fl-47">
         <path>C:\ti\ccs930\ccs\tools\compiler\ti-cgt-c2000_18.12.4.LTS\lib\</path>
         <kind>archive</kind>
         <file>rts2800_fpu32.lib</file>
         <name>args_main.c.obj</name>
      </input_file>
      <input_file id="fl-48">
         <path>C:\ti\ccs930\ccs\tools\compiler\ti-cgt-c2000_18.12.4.LTS\lib\</path>
         <kind>archive</kind>
         <file>rts2800_fpu32.lib</file>
         <name>memset.c.obj</name>
      </input_file>
   </input_file_list>
   <object_component_list>
      <object_component id="oc-215">
         <name>.cinit:_CRC16_TABLE</name>
         <load_address>0x82000</load_address>
         <run_address>0x82000</run_address>
         <size>0x103</size>
         <input_file_ref idref="fl-3"/>
      </object_component>
      <object_component id="oc-a2">
         <name>.cinit</name>
         <load_address>0x82103</load_address>
         <run_address>0x82103</run_address>
         <size>0x6a</size>
         <input_file_ref idref="fl-7"/>
      </object_component>
      <object_component id="oc-94">
         <name>.cinit</name>
         <load_address>0x8216d</load_address>
         <run_address>0x8216d</run_address>
         <size>0x30</size>
         <input_file_ref idref="fl-5"/>
      </object_component>
      <object_component id="oc-18f">
         <name>.cinit:_EPWM</name>
         <load_address>0x8219d</load_address>
         <run_address>0x8219d</run_address>
         <size>0x1d</size>
         <input_file_ref idref="fl-24"/>
      </object_component>
      <object_component id="oc-167">
         <name>.cinit:_ECAP</name>
         <load_address>0x821ba</load_address>
         <run_address>0x821ba</run_address>
         <size>0x11</size>
         <input_file_ref idref="fl-24"/>
      </object_component>
      <object_component id="oc-1d8">
         <name>.cinit</name>
         <load_address>0x821cb</load_address>
         <run_address>0x821cb</run_address>
         <size>0xe</size>
         <input_file_ref idref="fl-45"/>
      </object_component>
      <object_component id="oc-16f">
         <name>.cinit:_EQEP</name>
         <load_address>0x821d9</load_address>
         <run_address>0x821d9</run_address>
         <size>0xb</size>
         <input_file_ref idref="fl-24"/>
      </object_component>
      <object_component id="oc-155">
         <name>.cinit:_SPI</name>
         <load_address>0x821e4</load_address>
         <run_address>0x821e4</run_address>
         <size>0xb</size>
         <input_file_ref idref="fl-24"/>
      </object_component>
      <object_component id="oc-18a">
         <name>.cinit:_SDFM</name>
         <load_address>0x821ef</load_address>
         <run_address>0x821ef</run_address>
         <size>0x9</size>
         <input_file_ref idref="fl-24"/>
      </object_component>
      <object_component id="oc-173">
         <name>.cinit:_I2C</name>
         <load_address>0x821f8</load_address>
         <run_address>0x821f8</run_address>
         <size>0x7</size>
         <input_file_ref idref="fl-24"/>
      </object_component>
      <object_component id="oc-179">
         <name>.cinit:_MCBSP</name>
         <load_address>0x821ff</load_address>
         <run_address>0x821ff</run_address>
         <size>0x7</size>
         <input_file_ref idref="fl-24"/>
      </object_component>
      <object_component id="oc-150">
         <name>.cinit:_SCI</name>
         <load_address>0x82206</load_address>
         <run_address>0x82206</run_address>
         <size>0x7</size>
         <input_file_ref idref="fl-24"/>
      </object_component>
      <object_component id="oc-201">
         <name>.cinit:__lock</name>
         <load_address>0x8220d</load_address>
         <run_address>0x8220d</run_address>
         <size>0x5</size>
         <input_file_ref idref="fl-46"/>
      </object_component>
      <object_component id="oc-211">
         <name>.cinit:__unlock</name>
         <load_address>0x82212</load_address>
         <run_address>0x82212</run_address>
         <size>0x5</size>
         <input_file_ref idref="fl-46"/>
      </object_component>
      <object_component id="oc-12b">
         <name>.cinit</name>
         <load_address>0x82217</load_address>
         <run_address>0x82217</run_address>
         <size>0x4</size>
         <input_file_ref idref="fl-22"/>
      </object_component>
      <object_component id="oc-20e">
         <name>.cinit:_SCIARxData</name>
         <load_address>0x8221b</load_address>
         <run_address>0x8221b</run_address>
         <size>0x4</size>
         <input_file_ref idref="fl-5"/>
      </object_component>
      <object_component id="oc-c6">
         <name>.text:retain</name>
         <load_address>0x82224</load_address>
         <run_address>0x82224</run_address>
         <size>0x585</size>
         <input_file_ref idref="fl-d"/>
      </object_component>
      <object_component id="oc-207">
         <name>.text</name>
         <load_address>0x827a9</load_address>
         <run_address>0x827a9</run_address>
         <size>0x1a3</size>
         <input_file_ref idref="fl-26"/>
      </object_component>
      <object_component id="oc-1f3">
         <name>.text</name>
         <load_address>0x8294c</load_address>
         <run_address>0x8294c</run_address>
         <size>0x15c</size>
         <input_file_ref idref="fl-5"/>
      </object_component>
      <object_component id="oc-1ff">
         <name>.text</name>
         <load_address>0x82aa8</load_address>
         <run_address>0x82aa8</run_address>
         <size>0x10a</size>
         <input_file_ref idref="fl-7"/>
      </object_component>
      <object_component id="oc-1f5">
         <name>.text</name>
         <load_address>0x82bb2</load_address>
         <run_address>0x82bb2</run_address>
         <size>0xda</size>
         <input_file_ref idref="fl-6"/>
      </object_component>
      <object_component id="oc-aa">
         <name>.text</name>
         <load_address>0x82c8c</load_address>
         <run_address>0x82c8c</run_address>
         <size>0x5d</size>
         <input_file_ref idref="fl-8"/>
      </object_component>
      <object_component id="oc-83">
         <name>.text</name>
         <load_address>0x82ce9</load_address>
         <run_address>0x82ce9</run_address>
         <size>0x56</size>
         <input_file_ref idref="fl-3f"/>
      </object_component>
      <object_component id="oc-20a">
         <name>.text:_Interrupt_initModule</name>
         <load_address>0x82d3f</load_address>
         <run_address>0x82d3f</run_address>
         <size>0x54</size>
         <input_file_ref idref="fl-32"/>
      </object_component>
      <object_component id="oc-1f4">
         <name>.text:_SCI_clearInterruptStatus</name>
         <load_address>0x82d93</load_address>
         <run_address>0x82d93</run_address>
         <size>0x46</size>
         <input_file_ref idref="fl-33"/>
      </object_component>
      <object_component id="oc-204">
         <name>.text:_SCI_disableInterrupt</name>
         <load_address>0x82dd9</load_address>
         <run_address>0x82dd9</run_address>
         <size>0x46</size>
         <input_file_ref idref="fl-33"/>
      </object_component>
      <object_component id="oc-203">
         <name>.text:_SCI_enableInterrupt</name>
         <load_address>0x82e1f</load_address>
         <run_address>0x82e1f</run_address>
         <size>0x44</size>
         <input_file_ref idref="fl-33"/>
      </object_component>
      <object_component id="oc-202">
         <name>.text:_SCI_setConfig</name>
         <load_address>0x82e63</load_address>
         <run_address>0x82e63</run_address>
         <size>0x40</size>
         <input_file_ref idref="fl-33"/>
      </object_component>
      <object_component id="oc-20c">
         <name>.text:_Interrupt_enable</name>
         <load_address>0x82ea3</load_address>
         <run_address>0x82ea3</run_address>
         <size>0x33</size>
         <input_file_ref idref="fl-32"/>
      </object_component>
      <object_component id="oc-221">
         <name>.text:_Flash_setBankPowerUpDelay</name>
         <load_address>0x82ed6</load_address>
         <run_address>0x82ed6</run_address>
         <size>0x29</size>
         <input_file_ref idref="fl-31"/>
      </object_component>
      <object_component id="oc-1f1">
         <name>.text</name>
         <load_address>0x82eff</load_address>
         <run_address>0x82eff</run_address>
         <size>0x29</size>
         <input_file_ref idref="fl-45"/>
      </object_component>
      <object_component id="oc-1ee">
         <name>.text</name>
         <load_address>0x82f28</load_address>
         <run_address>0x82f28</run_address>
         <size>0x24</size>
         <input_file_ref idref="fl-41"/>
      </object_component>
      <object_component id="oc-20b">
         <name>.text:_Interrupt_initVectorTable</name>
         <load_address>0x82f4c</load_address>
         <run_address>0x82f4c</run_address>
         <size>0x20</size>
         <input_file_ref idref="fl-32"/>
      </object_component>
      <object_component id="oc-206">
         <name>.text:_SCI_isBaseValid</name>
         <load_address>0x82f6c</load_address>
         <run_address>0x82f6c</run_address>
         <size>0x1f</size>
         <input_file_ref idref="fl-33"/>
      </object_component>
      <object_component id="oc-1fe">
         <name>.text</name>
         <load_address>0x82f8b</load_address>
         <run_address>0x82f8b</run_address>
         <size>0x1d</size>
         <input_file_ref idref="fl-42"/>
      </object_component>
      <object_component id="oc-217">
         <name>.text:_CPUTimer_isBaseValid</name>
         <load_address>0x82fa8</load_address>
         <run_address>0x82fa8</run_address>
         <size>0x1a</size>
         <input_file_ref idref="fl-30"/>
      </object_component>
      <object_component id="oc-212">
         <name>.text:_SCI_disableModule</name>
         <load_address>0x82fc2</load_address>
         <run_address>0x82fc2</run_address>
         <size>0x19</size>
         <input_file_ref idref="fl-33"/>
      </object_component>
      <object_component id="oc-208">
         <name>.text:_SCI_performSoftwareReset</name>
         <load_address>0x82fdb</load_address>
         <run_address>0x82fdb</run_address>
         <size>0x19</size>
         <input_file_ref idref="fl-33"/>
      </object_component>
      <object_component id="oc-1f0">
         <name>.text</name>
         <load_address>0x82ff4</load_address>
         <run_address>0x82ff4</run_address>
         <size>0x19</size>
         <input_file_ref idref="fl-47"/>
      </object_component>
      <object_component id="oc-1be">
         <name>.text</name>
         <load_address>0x8300d</load_address>
         <run_address>0x8300d</run_address>
         <size>0x18</size>
         <input_file_ref idref="fl-40"/>
      </object_component>
      <object_component id="oc-213">
         <name>.text:_SCI_enableModule</name>
         <load_address>0x83025</load_address>
         <run_address>0x83025</run_address>
         <size>0x14</size>
         <input_file_ref idref="fl-33"/>
      </object_component>
      <object_component id="oc-209">
         <name>.text:_CPUTimer_setEmulationMode</name>
         <load_address>0x83039</load_address>
         <run_address>0x83039</run_address>
         <size>0x13</size>
         <input_file_ref idref="fl-30"/>
      </object_component>
      <object_component id="oc-21f">
         <name>.text:_Flash_isCtrlBaseValid</name>
         <load_address>0x8304c</load_address>
         <run_address>0x8304c</run_address>
         <size>0x10</size>
         <input_file_ref idref="fl-31"/>
      </object_component>
      <object_component id="oc-220">
         <name>.text:_Flash_isECCBaseValid</name>
         <load_address>0x8305c</load_address>
         <run_address>0x8305c</run_address>
         <size>0x10</size>
         <input_file_ref idref="fl-31"/>
      </object_component>
      <object_component id="oc-219">
         <name>.text:_Interrupt_defaultHandler</name>
         <load_address>0x8306c</load_address>
         <run_address>0x8306c</run_address>
         <size>0xe</size>
         <input_file_ref idref="fl-32"/>
      </object_component>
      <object_component id="oc-218">
         <name>.text:_Interrupt_disableMaster</name>
         <load_address>0x8307a</load_address>
         <run_address>0x8307a</run_address>
         <size>0xd</size>
         <input_file_ref idref="fl-32"/>
      </object_component>
      <object_component id="oc-21c">
         <name>.text:_Interrupt_enableMaster</name>
         <load_address>0x83087</load_address>
         <run_address>0x83087</run_address>
         <size>0xd</size>
         <input_file_ref idref="fl-32"/>
      </object_component>
      <object_component id="oc-210">
         <name>.text</name>
         <load_address>0x83094</load_address>
         <run_address>0x83094</run_address>
         <size>0x9</size>
         <input_file_ref idref="fl-46"/>
      </object_component>
      <object_component id="oc-b4">
         <name>.text</name>
         <load_address>0x8309d</load_address>
         <run_address>0x8309d</run_address>
         <size>0x8</size>
         <input_file_ref idref="fl-a"/>
      </object_component>
      <object_component id="oc-c0">
         <name>.text</name>
         <load_address>0x830a5</load_address>
         <run_address>0x830a5</run_address>
         <size>0x3</size>
         <input_file_ref idref="fl-c"/>
      </object_component>
      <object_component id="oc-21b">
         <name>.text:_Interrupt_illegalOperationHandler</name>
         <load_address>0x830a8</load_address>
         <run_address>0x830a8</run_address>
         <size>0x2</size>
         <input_file_ref idref="fl-32"/>
      </object_component>
      <object_component id="oc-21a">
         <name>.text:_Interrupt_nmiHandler</name>
         <load_address>0x830aa</load_address>
         <run_address>0x830aa</run_address>
         <size>0x2</size>
         <input_file_ref idref="fl-32"/>
      </object_component>
      <object_component id="oc-1ed">
         <name>.text</name>
         <load_address>0x830ac</load_address>
         <run_address>0x830ac</run_address>
         <size>0x2</size>
         <input_file_ref idref="fl-43"/>
      </object_component>
      <object_component id="oc-1ef">
         <name>.text</name>
         <load_address>0x830ae</load_address>
         <run_address>0x830ae</run_address>
         <size>0x1</size>
         <input_file_ref idref="fl-44"/>
      </object_component>
      <object_component id="oc-b5">
         <name>codestart</name>
         <load_address>0x80000</load_address>
         <run_address>0x80000</run_address>
         <size>0x2</size>
         <input_file_ref idref="fl-a"/>
      </object_component>
      <object_component id="oc-1b8">
         <name>.stack</name>
         <uninitialized>true</uninitialized>
         <run_address>0x122</run_address>
         <size>0x0</size>
         <input_file_ref idref="fl-3f"/>
      </object_component>
      <object_component id="oc-2b2">
         <name>.stack</name>
         <uninitialized>true</uninitialized>
         <run_address>0x122</run_address>
         <size>0x0</size>
      </object_component>
      <object_component id="oc-214">
         <name>.ebss:_CRC16_TABLE</name>
         <uninitialized>true</uninitialized>
         <run_address>0x8140</run_address>
         <size>0x100</size>
         <input_file_ref idref="fl-3"/>
      </object_component>
      <object_component id="oc-95">
         <name>.ebss</name>
         <uninitialized>true</uninitialized>
         <run_address>0x812e</run_address>
         <size>0xf</size>
         <input_file_ref idref="fl-5"/>
      </object_component>
      <object_component id="oc-20d">
         <name>.ebss:_SCIARxData</name>
         <uninitialized>true</uninitialized>
         <run_address>0x8000</run_address>
         <size>0x12e</size>
         <input_file_ref idref="fl-5"/>
      </object_component>
      <object_component id="oc-a3">
         <name>.ebss</name>
         <uninitialized>true</uninitialized>
         <run_address>0x8280</run_address>
         <size>0xd</size>
         <input_file_ref idref="fl-7"/>
      </object_component>
      <object_component id="oc-bb">
         <name>.ebss</name>
         <uninitialized>true</uninitialized>
         <run_address>0x825a</run_address>
         <size>0x18</size>
         <input_file_ref idref="fl-b"/>
      </object_component>
      <object_component id="oc-11e">
         <name>.ebss</name>
         <uninitialized>true</uninitialized>
         <run_address>0x829e</run_address>
         <size>0x6</size>
         <input_file_ref idref="fl-1f"/>
      </object_component>
      <object_component id="oc-12c">
         <name>.ebss</name>
         <uninitialized>true</uninitialized>
         <run_address>0x813d</run_address>
         <size>0x1</size>
         <input_file_ref idref="fl-22"/>
      </object_component>
      <object_component id="oc-1fa">
         <name>.ebss:_I2C</name>
         <uninitialized>true</uninitialized>
         <run_address>0x82b0</run_address>
         <size>0x4</size>
         <input_file_ref idref="fl-24"/>
      </object_component>
      <object_component id="oc-1fb">
         <name>.ebss:_MCBSP</name>
         <uninitialized>true</uninitialized>
         <run_address>0x82b4</run_address>
         <size>0x4</size>
         <input_file_ref idref="fl-24"/>
      </object_component>
      <object_component id="oc-1f6">
         <name>.ebss:_SCI</name>
         <uninitialized>true</uninitialized>
         <run_address>0x82b8</run_address>
         <size>0x4</size>
         <input_file_ref idref="fl-24"/>
      </object_component>
      <object_component id="oc-1fc">
         <name>.ebss:_SDFM</name>
         <uninitialized>true</uninitialized>
         <run_address>0x82a4</run_address>
         <size>0x6</size>
         <input_file_ref idref="fl-24"/>
      </object_component>
      <object_component id="oc-1f9">
         <name>.ebss:_EQEP</name>
         <uninitialized>true</uninitialized>
         <run_address>0x828e</run_address>
         <size>0x8</size>
         <input_file_ref idref="fl-24"/>
      </object_component>
      <object_component id="oc-1f7">
         <name>.ebss:_SPI</name>
         <uninitialized>true</uninitialized>
         <run_address>0x8296</run_address>
         <size>0x8</size>
         <input_file_ref idref="fl-24"/>
      </object_component>
      <object_component id="oc-1f8">
         <name>.ebss:_ECAP</name>
         <uninitialized>true</uninitialized>
         <run_address>0x8272</run_address>
         <size>0xe</size>
         <input_file_ref idref="fl-24"/>
      </object_component>
      <object_component id="oc-1fd">
         <name>.ebss:_EPWM</name>
         <uninitialized>true</uninitialized>
         <run_address>0x8240</run_address>
         <size>0x1a</size>
         <input_file_ref idref="fl-24"/>
      </object_component>
      <object_component id="oc-1d9">
         <name>.ebss</name>
         <uninitialized>true</uninitialized>
         <run_address>0x82aa</run_address>
         <size>0x6</size>
         <input_file_ref idref="fl-45"/>
      </object_component>
      <object_component id="oc-200">
         <name>.ebss:__lock</name>
         <uninitialized>true</uninitialized>
         <run_address>0x813e</run_address>
         <size>0x2</size>
         <input_file_ref idref="fl-46"/>
      </object_component>
      <object_component id="oc-21e">
         <name>.ebss:__unlock</name>
         <uninitialized>true</uninitialized>
         <run_address>0x82bc</run_address>
         <size>0x2</size>
         <input_file_ref idref="fl-46"/>
      </object_component>
      <object_component id="oc-1a7">
         <name>.econst:.string</name>
         <load_address>0x90000</load_address>
         <run_address>0x90000</run_address>
         <size>0xcb</size>
         <input_file_ref idref="fl-31"/>
      </object_component>
      <object_component id="oc-1b3">
         <name>.econst:.string</name>
         <load_address>0x900cc</load_address>
         <run_address>0x900cc</run_address>
         <size>0xc7</size>
         <input_file_ref idref="fl-33"/>
      </object_component>
      <object_component id="oc-1ad">
         <name>.econst:.string</name>
         <load_address>0x90194</load_address>
         <run_address>0x90194</run_address>
         <size>0x69</size>
         <input_file_ref idref="fl-32"/>
      </object_component>
      <object_component id="oc-1a1">
         <name>.econst:.string</name>
         <load_address>0x901fe</load_address>
         <run_address>0x901fe</run_address>
         <size>0x68</size>
         <input_file_ref idref="fl-30"/>
      </object_component>
      <object_component id="oc-21d">
         <name>.econst:_$P$T0$1</name>
         <load_address>0x90266</load_address>
         <run_address>0x90266</run_address>
         <size>0x5</size>
         <input_file_ref idref="fl-2"/>
      </object_component>
      <object_component id="oc-1b9">
         <name>.reset</name>
         <load_address>0x3fffc0</load_address>
         <run_address>0x3fffc0</run_address>
         <size>0x2</size>
         <input_file_ref idref="fl-3f"/>
      </object_component>
      <object_component id="oc-a4">
         <name>SHARE_GSRAM_CPU1</name>
         <uninitialized>true</uninitialized>
         <run_address>0x11000</run_address>
         <size>0x1b30</size>
         <input_file_ref idref="fl-7"/>
      </object_component>
      <object_component id="oc-a5">
         <name>SHARE_GSRAM_CPU2</name>
         <uninitialized>true</uninitialized>
         <run_address>0x13000</run_address>
         <size>0x14a8</size>
         <input_file_ref idref="fl-7"/>
      </object_component>
      <object_component id="oc-1f2">
         <name>.TI.ramfunc</name>
         <load_address>0x86000</load_address>
         <run_address>0x10000</run_address>
         <size>0xa7</size>
         <input_file_ref idref="fl-5"/>
      </object_component>
      <object_component id="oc-96">
         <name>.TI.ramfunc:retain</name>
         <load_address>0x860a7</load_address>
         <run_address>0x100a7</run_address>
         <size>0x85</size>
         <input_file_ref idref="fl-5"/>
      </object_component>
      <object_component id="oc-20f">
         <name>.TI.ramfunc</name>
         <load_address>0x8612c</load_address>
         <run_address>0x1012c</run_address>
         <size>0x74</size>
         <input_file_ref idref="fl-2"/>
      </object_component>
      <object_component id="oc-9c">
         <name>.TI.ramfunc:retain</name>
         <load_address>0x861a0</load_address>
         <run_address>0x101a0</run_address>
         <size>0x4c</size>
         <input_file_ref idref="fl-6"/>
      </object_component>
      <object_component id="oc-216">
         <name>.TI.ramfunc:_Flash_initModule</name>
         <load_address>0x861ec</load_address>
         <run_address>0x101ec</run_address>
         <size>0x43</size>
         <input_file_ref idref="fl-31"/>
      </object_component>
      <object_component id="oc-222">
         <name>.TI.ramfunc:_Flash_setBankPowerMode</name>
         <load_address>0x8622f</load_address>
         <run_address>0x1022f</run_address>
         <size>0x32</size>
         <input_file_ref idref="fl-31"/>
      </object_component>
      <object_component id="oc-226">
         <name>.TI.ramfunc:_Flash_setWaitstates</name>
         <load_address>0x86261</load_address>
         <run_address>0x10261</run_address>
         <size>0x26</size>
         <input_file_ref idref="fl-31"/>
      </object_component>
      <object_component id="oc-205">
         <name>.TI.ramfunc</name>
         <load_address>0x86287</load_address>
         <run_address>0x10287</run_address>
         <size>0x20</size>
         <input_file_ref idref="fl-3"/>
      </object_component>
      <object_component id="oc-223">
         <name>.TI.ramfunc:_Flash_setPumpPowerMode</name>
         <load_address>0x862a7</load_address>
         <run_address>0x102a7</run_address>
         <size>0x1f</size>
         <input_file_ref idref="fl-31"/>
      </object_component>
      <object_component id="oc-224">
         <name>.TI.ramfunc:_Flash_disableCache</name>
         <load_address>0x862c6</load_address>
         <run_address>0x102c6</run_address>
         <size>0x18</size>
         <input_file_ref idref="fl-31"/>
      </object_component>
      <object_component id="oc-225">
         <name>.TI.ramfunc:_Flash_disablePrefetch</name>
         <load_address>0x862de</load_address>
         <run_address>0x102de</run_address>
         <size>0x18</size>
         <input_file_ref idref="fl-31"/>
      </object_component>
      <object_component id="oc-227">
         <name>.TI.ramfunc:_Flash_enableCache</name>
         <load_address>0x862f6</load_address>
         <run_address>0x102f6</run_address>
         <size>0x18</size>
         <input_file_ref idref="fl-31"/>
      </object_component>
      <object_component id="oc-228">
         <name>.TI.ramfunc:_Flash_enablePrefetch</name>
         <load_address>0x8630e</load_address>
         <run_address>0x1030e</run_address>
         <size>0x18</size>
         <input_file_ref idref="fl-31"/>
      </object_component>
      <object_component id="oc-229">
         <name>.TI.ramfunc:_Flash_enableECC</name>
         <load_address>0x86326</load_address>
         <run_address>0x10326</run_address>
         <size>0x17</size>
         <input_file_ref idref="fl-31"/>
      </object_component>
      <object_component id="oc-138">
         <name>.TI.ramfunc</name>
         <load_address>0x8633d</load_address>
         <run_address>0x1033d</run_address>
         <size>0x4</size>
         <input_file_ref idref="fl-25"/>
      </object_component>
      <object_component id="oc-f3">
         <name>PUTBUFFER</name>
         <uninitialized>true</uninitialized>
         <run_address>0x3f800</run_address>
         <size>0x80</size>
         <input_file_ref idref="fl-16"/>
      </object_component>
      <object_component id="oc-ee">
         <name>PUTWRITEIDX</name>
         <uninitialized>true</uninitialized>
         <run_address>0x3f880</run_address>
         <size>0x4</size>
         <input_file_ref idref="fl-16"/>
      </object_component>
      <object_component id="oc-f1">
         <name>GETREADIDX</name>
         <uninitialized>true</uninitialized>
         <run_address>0x3f884</run_address>
         <size>0x4</size>
         <input_file_ref idref="fl-16"/>
      </object_component>
      <object_component id="oc-f2">
         <name>GETBUFFER</name>
         <uninitialized>true</uninitialized>
         <run_address>0x3fc00</run_address>
         <size>0x80</size>
         <input_file_ref idref="fl-16"/>
      </object_component>
      <object_component id="oc-f0">
         <name>GETWRITEIDX</name>
         <uninitialized>true</uninitialized>
         <run_address>0x3fc80</run_address>
         <size>0x4</size>
         <input_file_ref idref="fl-16"/>
      </object_component>
      <object_component id="oc-ef">
         <name>PUTREADIDX</name>
         <uninitialized>true</uninitialized>
         <run_address>0x3fc84</run_address>
         <size>0x4</size>
         <input_file_ref idref="fl-16"/>
      </object_component>
      <object_component id="oc-19e">
         <name>PieVectTableFile</name>
         <uninitialized>true</uninitialized>
         <run_address>0xd00</run_address>
         <size>0x1c0</size>
         <input_file_ref idref="fl-27"/>
      </object_component>
      <object_component id="oc-143">
         <name>EmuBModeVar</name>
         <uninitialized>true</uninitialized>
         <run_address>0xd00</run_address>
         <size>0x1</size>
         <input_file_ref idref="fl-27"/>
      </object_component>
      <object_component id="oc-158">
         <name>AdcaResultFile</name>
         <uninitialized>true</uninitialized>
         <run_address>0xb00</run_address>
         <size>0x18</size>
         <input_file_ref idref="fl-27"/>
      </object_component>
      <object_component id="oc-159">
         <name>AdcbResultFile</name>
         <uninitialized>true</uninitialized>
         <run_address>0xb20</run_address>
         <size>0x18</size>
         <input_file_ref idref="fl-27"/>
      </object_component>
      <object_component id="oc-15a">
         <name>AdccResultFile</name>
         <uninitialized>true</uninitialized>
         <run_address>0xb40</run_address>
         <size>0x18</size>
         <input_file_ref idref="fl-27"/>
      </object_component>
      <object_component id="oc-15b">
         <name>AdcdResultFile</name>
         <uninitialized>true</uninitialized>
         <run_address>0xb60</run_address>
         <size>0x18</size>
         <input_file_ref idref="fl-27"/>
      </object_component>
      <object_component id="oc-184">
         <name>AdcaRegsFile</name>
         <uninitialized>true</uninitialized>
         <run_address>0x7400</run_address>
         <size>0x80</size>
         <input_file_ref idref="fl-27"/>
      </object_component>
      <object_component id="oc-185">
         <name>AdcbRegsFile</name>
         <uninitialized>true</uninitialized>
         <run_address>0x7480</run_address>
         <size>0x80</size>
         <input_file_ref idref="fl-27"/>
      </object_component>
      <object_component id="oc-186">
         <name>AdccRegsFile</name>
         <uninitialized>true</uninitialized>
         <run_address>0x7500</run_address>
         <size>0x80</size>
         <input_file_ref idref="fl-27"/>
      </object_component>
      <object_component id="oc-187">
         <name>AdcdRegsFile</name>
         <uninitialized>true</uninitialized>
         <run_address>0x7580</run_address>
         <size>0x80</size>
         <input_file_ref idref="fl-27"/>
      </object_component>
      <object_component id="oc-19b">
         <name>CanaRegsFile</name>
         <uninitialized>true</uninitialized>
         <run_address>0x48000</run_address>
         <size>0x164</size>
         <input_file_ref idref="fl-27"/>
      </object_component>
      <object_component id="oc-19c">
         <name>CanbRegsFile</name>
         <uninitialized>true</uninitialized>
         <run_address>0x4a000</run_address>
         <size>0x164</size>
         <input_file_ref idref="fl-27"/>
      </object_component>
      <object_component id="oc-17f">
         <name>Cla1RegsFile</name>
         <uninitialized>true</uninitialized>
         <run_address>0x1400</run_address>
         <size>0x3e</size>
         <input_file_ref idref="fl-27"/>
      </object_component>
      <object_component id="oc-145">
         <name>Cla1SoftIntRegsFile</name>
         <uninitialized>true</uninitialized>
         <run_address>0xce0</run_address>
         <size>0x4</size>
         <input_file_ref idref="fl-27"/>
      </object_component>
      <object_component id="oc-15e">
         <name>Cmpss1RegsFile</name>
         <uninitialized>true</uninitialized>
         <run_address>0x5c80</run_address>
         <size>0x20</size>
         <input_file_ref idref="fl-27"/>
      </object_component>
      <object_component id="oc-15f">
         <name>Cmpss2RegsFile</name>
         <uninitialized>true</uninitialized>
         <run_address>0x5ca0</run_address>
         <size>0x20</size>
         <input_file_ref idref="fl-27"/>
      </object_component>
      <object_component id="oc-160">
         <name>Cmpss3RegsFile</name>
         <uninitialized>true</uninitialized>
         <run_address>0x5cc0</run_address>
         <size>0x20</size>
         <input_file_ref idref="fl-27"/>
      </object_component>
      <object_component id="oc-161">
         <name>Cmpss4RegsFile</name>
         <uninitialized>true</uninitialized>
         <run_address>0x5ce0</run_address>
         <size>0x20</size>
         <input_file_ref idref="fl-27"/>
      </object_component>
      <object_component id="oc-162">
         <name>Cmpss5RegsFile</name>
         <uninitialized>true</uninitialized>
         <run_address>0x5d00</run_address>
         <size>0x20</size>
         <input_file_ref idref="fl-27"/>
      </object_component>
      <object_component id="oc-163">
         <name>Cmpss6RegsFile</name>
         <uninitialized>true</uninitialized>
         <run_address>0x5d20</run_address>
         <size>0x20</size>
         <input_file_ref idref="fl-27"/>
      </object_component>
      <object_component id="oc-164">
         <name>Cmpss7RegsFile</name>
         <uninitialized>true</uninitialized>
         <run_address>0x5d40</run_address>
         <size>0x20</size>
         <input_file_ref idref="fl-27"/>
      </object_component>
      <object_component id="oc-165">
         <name>Cmpss8RegsFile</name>
         <uninitialized>true</uninitialized>
         <run_address>0x5d60</run_address>
         <size>0x20</size>
         <input_file_ref idref="fl-27"/>
      </object_component>
      <object_component id="oc-14a">
         <name>CpuTimer0RegsFile</name>
         <uninitialized>true</uninitialized>
         <run_address>0xc00</run_address>
         <size>0x8</size>
         <input_file_ref idref="fl-27"/>
      </object_component>
      <object_component id="oc-14b">
         <name>CpuTimer1RegsFile</name>
         <uninitialized>true</uninitialized>
         <run_address>0xc08</run_address>
         <size>0x8</size>
         <input_file_ref idref="fl-27"/>
      </object_component>
      <object_component id="oc-14c">
         <name>CpuTimer2RegsFile</name>
         <uninitialized>true</uninitialized>
         <run_address>0xc10</run_address>
         <size>0x8</size>
         <input_file_ref idref="fl-27"/>
      </object_component>
      <object_component id="oc-147">
         <name>DacaRegsFile</name>
         <uninitialized>true</uninitialized>
         <run_address>0x5c00</run_address>
         <size>0x8</size>
         <input_file_ref idref="fl-27"/>
      </object_component>
      <object_component id="oc-148">
         <name>DacbRegsFile</name>
         <uninitialized>true</uninitialized>
         <run_address>0x5c10</run_address>
         <size>0x8</size>
         <input_file_ref idref="fl-27"/>
      </object_component>
      <object_component id="oc-149">
         <name>DaccRegsFile</name>
         <uninitialized>true</uninitialized>
         <run_address>0x5c20</run_address>
         <size>0x8</size>
         <input_file_ref idref="fl-27"/>
      </object_component>
      <object_component id="oc-175">
         <name>DcsmZ1RegsFile</name>
         <uninitialized>true</uninitialized>
         <run_address>0x5f000</run_address>
         <size>0x24</size>
         <input_file_ref idref="fl-27"/>
      </object_component>
      <object_component id="oc-176">
         <name>DcsmZ2RegsFile</name>
         <uninitialized>true</uninitialized>
         <run_address>0x5f040</run_address>
         <size>0x24</size>
         <input_file_ref idref="fl-27"/>
      </object_component>
      <object_component id="oc-14d">
         <name>DcsmCommonRegsFile</name>
         <uninitialized>true</uninitialized>
         <run_address>0x5f070</run_address>
         <size>0x8</size>
         <input_file_ref idref="fl-27"/>
      </object_component>
      <object_component id="oc-18d">
         <name>DmaRegsFile</name>
         <uninitialized>true</uninitialized>
         <run_address>0x1000</run_address>
         <size>0xe0</size>
         <input_file_ref idref="fl-27"/>
      </object_component>
      <object_component id="oc-15c">
         <name>DmaClaSrcSelRegsFile</name>
         <uninitialized>true</uninitialized>
         <run_address>0x7980</run_address>
         <size>0x1a</size>
         <input_file_ref idref="fl-27"/>
      </object_component>
      <object_component id="oc-166">
         <name>ECap1RegsFile</name>
         <uninitialized>true</uninitialized>
         <run_address>0x5000</run_address>
         <size>0x20</size>
         <input_file_ref idref="fl-27"/>
      </object_component>
      <object_component id="oc-168">
         <name>ECap2RegsFile</name>
         <uninitialized>true</uninitialized>
         <run_address>0x5020</run_address>
         <size>0x20</size>
         <input_file_ref idref="fl-27"/>
      </object_component>
      <object_component id="oc-169">
         <name>ECap3RegsFile</name>
         <uninitialized>true</uninitialized>
         <run_address>0x5040</run_address>
         <size>0x20</size>
         <input_file_ref idref="fl-27"/>
      </object_component>
      <object_component id="oc-16a">
         <name>ECap4RegsFile</name>
         <uninitialized>true</uninitialized>
         <run_address>0x5060</run_address>
         <size>0x20</size>
         <input_file_ref idref="fl-27"/>
      </object_component>
      <object_component id="oc-16b">
         <name>ECap5RegsFile</name>
         <uninitialized>true</uninitialized>
         <run_address>0x5080</run_address>
         <size>0x20</size>
         <input_file_ref idref="fl-27"/>
      </object_component>
      <object_component id="oc-16c">
         <name>ECap6RegsFile</name>
         <uninitialized>true</uninitialized>
         <run_address>0x50a0</run_address>
         <size>0x20</size>
         <input_file_ref idref="fl-27"/>
      </object_component>
      <object_component id="oc-182">
         <name>Emif1RegsFile</name>
         <uninitialized>true</uninitialized>
         <run_address>0x47000</run_address>
         <size>0x70</size>
         <input_file_ref idref="fl-27"/>
      </object_component>
      <object_component id="oc-183">
         <name>Emif2RegsFile</name>
         <uninitialized>true</uninitialized>
         <run_address>0x47800</run_address>
         <size>0x70</size>
         <input_file_ref idref="fl-27"/>
      </object_component>
      <object_component id="oc-18e">
         <name>EPwm1RegsFile</name>
         <uninitialized>true</uninitialized>
         <run_address>0x4000</run_address>
         <size>0x100</size>
         <input_file_ref idref="fl-27"/>
      </object_component>
      <object_component id="oc-190">
         <name>EPwm2RegsFile</name>
         <uninitialized>true</uninitialized>
         <run_address>0x4100</run_address>
         <size>0x100</size>
         <input_file_ref idref="fl-27"/>
      </object_component>
      <object_component id="oc-191">
         <name>EPwm3RegsFile</name>
         <uninitialized>true</uninitialized>
         <run_address>0x4200</run_address>
         <size>0x100</size>
         <input_file_ref idref="fl-27"/>
      </object_component>
      <object_component id="oc-192">
         <name>EPwm4RegsFile</name>
         <uninitialized>true</uninitialized>
         <run_address>0x4300</run_address>
         <size>0x100</size>
         <input_file_ref idref="fl-27"/>
      </object_component>
      <object_component id="oc-193">
         <name>EPwm5RegsFile</name>
         <uninitialized>true</uninitialized>
         <run_address>0x4400</run_address>
         <size>0x100</size>
         <input_file_ref idref="fl-27"/>
      </object_component>
      <object_component id="oc-194">
         <name>EPwm6RegsFile</name>
         <uninitialized>true</uninitialized>
         <run_address>0x4500</run_address>
         <size>0x100</size>
         <input_file_ref idref="fl-27"/>
      </object_component>
      <object_component id="oc-195">
         <name>EPwm7RegsFile</name>
         <uninitialized>true</uninitialized>
         <run_address>0x4600</run_address>
         <size>0x100</size>
         <input_file_ref idref="fl-27"/>
      </object_component>
      <object_component id="oc-196">
         <name>EPwm8RegsFile</name>
         <uninitialized>true</uninitialized>
         <run_address>0x4700</run_address>
         <size>0x100</size>
         <input_file_ref idref="fl-27"/>
      </object_component>
      <object_component id="oc-197">
         <name>EPwm9RegsFile</name>
         <uninitialized>true</uninitialized>
         <run_address>0x4800</run_address>
         <size>0x100</size>
         <input_file_ref idref="fl-27"/>
      </object_component>
      <object_component id="oc-198">
         <name>EPwm10RegsFile</name>
         <uninitialized>true</uninitialized>
         <run_address>0x4900</run_address>
         <size>0x100</size>
         <input_file_ref idref="fl-27"/>
      </object_component>
      <object_component id="oc-199">
         <name>EPwm11RegsFile</name>
         <uninitialized>true</uninitialized>
         <run_address>0x4a00</run_address>
         <size>0x100</size>
         <input_file_ref idref="fl-27"/>
      </object_component>
      <object_component id="oc-19a">
         <name>EPwm12RegsFile</name>
         <uninitialized>true</uninitialized>
         <run_address>0x4b00</run_address>
         <size>0x100</size>
         <input_file_ref idref="fl-27"/>
      </object_component>
      <object_component id="oc-16e">
         <name>EQep1RegsFile</name>
         <uninitialized>true</uninitialized>
         <run_address>0x5100</run_address>
         <size>0x22</size>
         <input_file_ref idref="fl-27"/>
      </object_component>
      <object_component id="oc-170">
         <name>EQep2RegsFile</name>
         <uninitialized>true</uninitialized>
         <run_address>0x5140</run_address>
         <size>0x22</size>
         <input_file_ref idref="fl-27"/>
      </object_component>
      <object_component id="oc-171">
         <name>EQep3RegsFile</name>
         <uninitialized>true</uninitialized>
         <run_address>0x5180</run_address>
         <size>0x22</size>
         <input_file_ref idref="fl-27"/>
      </object_component>
      <object_component id="oc-19d">
         <name>Flash0CtrlRegsFile</name>
         <uninitialized>true</uninitialized>
         <run_address>0x5f800</run_address>
         <size>0x182</size>
         <input_file_ref idref="fl-27"/>
      </object_component>
      <object_component id="oc-17b">
         <name>Flash0EccRegsFile</name>
         <uninitialized>true</uninitialized>
         <run_address>0x5fb00</run_address>
         <size>0x28</size>
         <input_file_ref idref="fl-27"/>
      </object_component>
      <object_component id="oc-17d">
         <name>GpioDataRegsFile</name>
         <uninitialized>true</uninitialized>
         <run_address>0x7f00</run_address>
         <size>0x30</size>
         <input_file_ref idref="fl-27"/>
      </object_component>
      <object_component id="oc-172">
         <name>I2caRegsFile</name>
         <uninitialized>true</uninitialized>
         <run_address>0x7300</run_address>
         <size>0x22</size>
         <input_file_ref idref="fl-27"/>
      </object_component>
      <object_component id="oc-174">
         <name>I2cbRegsFile</name>
         <uninitialized>true</uninitialized>
         <run_address>0x7340</run_address>
         <size>0x22</size>
         <input_file_ref idref="fl-27"/>
      </object_component>
      <object_component id="oc-177">
         <name>IpcRegsFile</name>
         <uninitialized>true</uninitialized>
         <run_address>0x50000</run_address>
         <size>0x24</size>
         <input_file_ref idref="fl-27"/>
      </object_component>
      <object_component id="oc-144">
         <name>FlashPumpSemaphoreRegsFile</name>
         <uninitialized>true</uninitialized>
         <run_address>0x50024</run_address>
         <size>0x2</size>
         <input_file_ref idref="fl-27"/>
      </object_component>
      <object_component id="oc-188">
         <name>MemCfgRegsFile</name>
         <uninitialized>true</uninitialized>
         <run_address>0x5f400</run_address>
         <size>0x80</size>
         <input_file_ref idref="fl-27"/>
      </object_component>
      <object_component id="oc-16d">
         <name>Emif1ConfigRegsFile</name>
         <uninitialized>true</uninitialized>
         <run_address>0x5f480</run_address>
         <size>0x20</size>
         <input_file_ref idref="fl-27"/>
      </object_component>
      <object_component id="oc-180">
         <name>AccessProtectionRegsFile</name>
         <uninitialized>true</uninitialized>
         <run_address>0x5f4c0</run_address>
         <size>0x40</size>
         <input_file_ref idref="fl-27"/>
      </object_component>
      <object_component id="oc-181">
         <name>MemoryErrorRegsFile</name>
         <uninitialized>true</uninitialized>
         <run_address>0x5f500</run_address>
         <size>0x40</size>
         <input_file_ref idref="fl-27"/>
      </object_component>
      <object_component id="oc-178">
         <name>McbspaRegsFile</name>
         <uninitialized>true</uninitialized>
         <run_address>0x6000</run_address>
         <size>0x24</size>
         <input_file_ref idref="fl-27"/>
      </object_component>
      <object_component id="oc-17a">
         <name>McbspbRegsFile</name>
         <uninitialized>true</uninitialized>
         <run_address>0x6040</run_address>
         <size>0x24</size>
         <input_file_ref idref="fl-27"/>
      </object_component>
      <object_component id="oc-146">
         <name>NmiIntruptRegsFile</name>
         <uninitialized>true</uninitialized>
         <run_address>0x7060</run_address>
         <size>0x7</size>
         <input_file_ref idref="fl-27"/>
      </object_component>
      <object_component id="oc-15d">
         <name>PieCtrlRegsFile</name>
         <uninitialized>true</uninitialized>
         <run_address>0xce0</run_address>
         <size>0x1a</size>
         <input_file_ref idref="fl-27"/>
      </object_component>
      <object_component id="oc-14f">
         <name>SciaRegsFile</name>
         <uninitialized>true</uninitialized>
         <run_address>0x7200</run_address>
         <size>0x10</size>
         <input_file_ref idref="fl-27"/>
      </object_component>
      <object_component id="oc-151">
         <name>ScibRegsFile</name>
         <uninitialized>true</uninitialized>
         <run_address>0x7210</run_address>
         <size>0x10</size>
         <input_file_ref idref="fl-27"/>
      </object_component>
      <object_component id="oc-152">
         <name>ScicRegsFile</name>
         <uninitialized>true</uninitialized>
         <run_address>0x7220</run_address>
         <size>0x10</size>
         <input_file_ref idref="fl-27"/>
      </object_component>
      <object_component id="oc-153">
         <name>ScidRegsFile</name>
         <uninitialized>true</uninitialized>
         <run_address>0x7230</run_address>
         <size>0x10</size>
         <input_file_ref idref="fl-27"/>
      </object_component>
      <object_component id="oc-189">
         <name>Sdfm1RegsFile</name>
         <uninitialized>true</uninitialized>
         <run_address>0x5e00</run_address>
         <size>0x80</size>
         <input_file_ref idref="fl-27"/>
      </object_component>
      <object_component id="oc-18b">
         <name>Sdfm2RegsFile</name>
         <uninitialized>true</uninitialized>
         <run_address>0x5e80</run_address>
         <size>0x80</size>
         <input_file_ref idref="fl-27"/>
      </object_component>
      <object_component id="oc-154">
         <name>SpiaRegsFile</name>
         <uninitialized>true</uninitialized>
         <run_address>0x6100</run_address>
         <size>0x10</size>
         <input_file_ref idref="fl-27"/>
      </object_component>
      <object_component id="oc-156">
         <name>SpibRegsFile</name>
         <uninitialized>true</uninitialized>
         <run_address>0x6110</run_address>
         <size>0x10</size>
         <input_file_ref idref="fl-27"/>
      </object_component>
      <object_component id="oc-157">
         <name>SpicRegsFile</name>
         <uninitialized>true</uninitialized>
         <run_address>0x6120</run_address>
         <size>0x10</size>
         <input_file_ref idref="fl-27"/>
      </object_component>
      <object_component id="oc-17e">
         <name>ClkCfgRegsFile</name>
         <uninitialized>true</uninitialized>
         <run_address>0x5d200</run_address>
         <size>0x32</size>
         <input_file_ref idref="fl-27"/>
      </object_component>
      <object_component id="oc-18c">
         <name>CpuSysRegsFile</name>
         <uninitialized>true</uninitialized>
         <run_address>0x5d300</run_address>
         <size>0x82</size>
         <input_file_ref idref="fl-27"/>
      </object_component>
      <object_component id="oc-17c">
         <name>WdRegsFile</name>
         <uninitialized>true</uninitialized>
         <run_address>0x7000</run_address>
         <size>0x2b</size>
         <input_file_ref idref="fl-27"/>
      </object_component>
      <object_component id="oc-14e">
         <name>XintRegsFile</name>
         <uninitialized>true</uninitialized>
         <run_address>0x7070</run_address>
         <size>0xb</size>
         <input_file_ref idref="fl-27"/>
      </object_component>
      <object_component id="oc-84">
         <name>.debug_info</name>
         <load_address>0x0</load_address>
         <run_address>0x0</run_address>
         <size>0x2448</size>
         <input_file_ref idref="fl-2"/>
      </object_component>
      <object_component id="oc-89">
         <name>.debug_info</name>
         <load_address>0x2448</load_address>
         <run_address>0x2448</run_address>
         <size>0x50c</size>
         <input_file_ref idref="fl-3"/>
      </object_component>
      <object_component id="oc-8e">
         <name>.debug_info</name>
         <load_address>0x2954</load_address>
         <run_address>0x2954</run_address>
         <size>0x3ec</size>
         <input_file_ref idref="fl-4"/>
      </object_component>
      <object_component id="oc-93">
         <name>.debug_info</name>
         <load_address>0x2d40</load_address>
         <run_address>0x2d40</run_address>
         <size>0x88cc</size>
         <input_file_ref idref="fl-5"/>
      </object_component>
      <object_component id="oc-9b">
         <name>.debug_info</name>
         <load_address>0xb60c</load_address>
         <run_address>0xb60c</run_address>
         <size>0x6b72</size>
         <input_file_ref idref="fl-6"/>
      </object_component>
      <object_component id="oc-a1">
         <name>.debug_info</name>
         <load_address>0x1217e</load_address>
         <run_address>0x1217e</run_address>
         <size>0x333b</size>
         <input_file_ref idref="fl-7"/>
      </object_component>
      <object_component id="oc-ac">
         <name>.debug_info</name>
         <load_address>0x154b9</load_address>
         <run_address>0x154b9</run_address>
         <size>0x153</size>
         <input_file_ref idref="fl-8"/>
      </object_component>
      <object_component id="oc-af">
         <name>.debug_info</name>
         <load_address>0x1560c</load_address>
         <run_address>0x1560c</run_address>
         <size>0x468b</size>
         <input_file_ref idref="fl-9"/>
      </object_component>
      <object_component id="oc-b7">
         <name>.debug_info</name>
         <load_address>0x19c97</load_address>
         <run_address>0x19c97</run_address>
         <size>0x170</size>
         <input_file_ref idref="fl-a"/>
      </object_component>
      <object_component id="oc-ba">
         <name>.debug_info</name>
         <load_address>0x19e07</load_address>
         <run_address>0x19e07</run_address>
         <size>0x838</size>
         <input_file_ref idref="fl-b"/>
      </object_component>
      <object_component id="oc-c2">
         <name>.debug_info</name>
         <load_address>0x1a63f</load_address>
         <run_address>0x1a63f</run_address>
         <size>0x129</size>
         <input_file_ref idref="fl-c"/>
      </object_component>
      <object_component id="oc-c5">
         <name>.debug_info</name>
         <load_address>0x1a768</load_address>
         <run_address>0x1a768</run_address>
         <size>0x445d</size>
         <input_file_ref idref="fl-d"/>
      </object_component>
      <object_component id="oc-cb">
         <name>.debug_info</name>
         <load_address>0x1ebc5</load_address>
         <run_address>0x1ebc5</run_address>
         <size>0x471f</size>
         <input_file_ref idref="fl-e"/>
      </object_component>
      <object_component id="oc-d0">
         <name>.debug_info</name>
         <load_address>0x232e4</load_address>
         <run_address>0x232e4</run_address>
         <size>0x34f</size>
         <input_file_ref idref="fl-f"/>
      </object_component>
      <object_component id="oc-d5">
         <name>.debug_info</name>
         <load_address>0x23633</load_address>
         <run_address>0x23633</run_address>
         <size>0x4d5</size>
         <input_file_ref idref="fl-10"/>
      </object_component>
      <object_component id="oc-da">
         <name>.debug_info</name>
         <load_address>0x23b08</load_address>
         <run_address>0x23b08</run_address>
         <size>0x1b4</size>
         <input_file_ref idref="fl-11"/>
      </object_component>
      <object_component id="oc-dc">
         <name>.debug_info</name>
         <load_address>0x23cbc</load_address>
         <run_address>0x23cbc</run_address>
         <size>0x146b</size>
         <input_file_ref idref="fl-12"/>
      </object_component>
      <object_component id="oc-e1">
         <name>.debug_info</name>
         <load_address>0x25127</load_address>
         <run_address>0x25127</run_address>
         <size>0x5cdb</size>
         <input_file_ref idref="fl-13"/>
      </object_component>
      <object_component id="oc-e6">
         <name>.debug_info</name>
         <load_address>0x2ae02</load_address>
         <run_address>0x2ae02</run_address>
         <size>0x1b3</size>
         <input_file_ref idref="fl-14"/>
      </object_component>
      <object_component id="oc-e8">
         <name>.debug_info</name>
         <load_address>0x2afb5</load_address>
         <run_address>0x2afb5</run_address>
         <size>0x1643</size>
         <input_file_ref idref="fl-15"/>
      </object_component>
      <object_component id="oc-ed">
         <name>.debug_info</name>
         <load_address>0x2c5f8</load_address>
         <run_address>0x2c5f8</run_address>
         <size>0x4c54</size>
         <input_file_ref idref="fl-16"/>
      </object_component>
      <object_component id="oc-f8">
         <name>.debug_info</name>
         <load_address>0x3124c</load_address>
         <run_address>0x3124c</run_address>
         <size>0x48f8</size>
         <input_file_ref idref="fl-17"/>
      </object_component>
      <object_component id="oc-fd">
         <name>.debug_info</name>
         <load_address>0x35b44</load_address>
         <run_address>0x35b44</run_address>
         <size>0x160c</size>
         <input_file_ref idref="fl-18"/>
      </object_component>
      <object_component id="oc-102">
         <name>.debug_info</name>
         <load_address>0x37150</load_address>
         <run_address>0x37150</run_address>
         <size>0x1303</size>
         <input_file_ref idref="fl-19"/>
      </object_component>
      <object_component id="oc-107">
         <name>.debug_info</name>
         <load_address>0x38453</load_address>
         <run_address>0x38453</run_address>
         <size>0x349e</size>
         <input_file_ref idref="fl-1a"/>
      </object_component>
      <object_component id="oc-10c">
         <name>.debug_info</name>
         <load_address>0x3b8f1</load_address>
         <run_address>0x3b8f1</run_address>
         <size>0x6655</size>
         <input_file_ref idref="fl-1b"/>
      </object_component>
      <object_component id="oc-111">
         <name>.debug_info</name>
         <load_address>0x41f46</load_address>
         <run_address>0x41f46</run_address>
         <size>0x1b3</size>
         <input_file_ref idref="fl-1c"/>
      </object_component>
      <object_component id="oc-113">
         <name>.debug_info</name>
         <load_address>0x420f9</load_address>
         <run_address>0x420f9</run_address>
         <size>0xc51</size>
         <input_file_ref idref="fl-1d"/>
      </object_component>
      <object_component id="oc-118">
         <name>.debug_info</name>
         <load_address>0x42d4a</load_address>
         <run_address>0x42d4a</run_address>
         <size>0x73a5</size>
         <input_file_ref idref="fl-1e"/>
      </object_component>
      <object_component id="oc-11d">
         <name>.debug_info</name>
         <load_address>0x4a0ef</load_address>
         <run_address>0x4a0ef</run_address>
         <size>0x41e</size>
         <input_file_ref idref="fl-1f"/>
      </object_component>
      <object_component id="oc-123">
         <name>.debug_info</name>
         <load_address>0x4a50d</load_address>
         <run_address>0x4a50d</run_address>
         <size>0x1b3</size>
         <input_file_ref idref="fl-20"/>
      </object_component>
      <object_component id="oc-125">
         <name>.debug_info</name>
         <load_address>0x4a6c0</load_address>
         <run_address>0x4a6c0</run_address>
         <size>0x29ff</size>
         <input_file_ref idref="fl-21"/>
      </object_component>
      <object_component id="oc-12a">
         <name>.debug_info</name>
         <load_address>0x4d0bf</load_address>
         <run_address>0x4d0bf</run_address>
         <size>0x3424</size>
         <input_file_ref idref="fl-22"/>
      </object_component>
      <object_component id="oc-131">
         <name>.debug_info</name>
         <load_address>0x504e3</load_address>
         <run_address>0x504e3</run_address>
         <size>0x1fd8</size>
         <input_file_ref idref="fl-23"/>
      </object_component>
      <object_component id="oc-136">
         <name>.debug_info</name>
         <load_address>0x524bb</load_address>
         <run_address>0x524bb</run_address>
         <size>0xbc11</size>
         <input_file_ref idref="fl-24"/>
      </object_component>
      <object_component id="oc-13a">
         <name>.debug_info</name>
         <load_address>0x5e0cc</load_address>
         <run_address>0x5e0cc</run_address>
         <size>0x12c</size>
         <input_file_ref idref="fl-25"/>
      </object_component>
      <object_component id="oc-13d">
         <name>.debug_info</name>
         <load_address>0x5e1f8</load_address>
         <run_address>0x5e1f8</run_address>
         <size>0x1b3a</size>
         <input_file_ref idref="fl-26"/>
      </object_component>
      <object_component id="oc-142">
         <name>.debug_info</name>
         <load_address>0x5fd32</load_address>
         <run_address>0x5fd32</run_address>
         <size>0x3055f</size>
         <input_file_ref idref="fl-27"/>
      </object_component>
      <object_component id="oc-1a0">
         <name>.debug_info</name>
         <load_address>0x90291</load_address>
         <run_address>0x90291</run_address>
         <size>0x7b0</size>
         <input_file_ref idref="fl-30"/>
      </object_component>
      <object_component id="oc-1a6">
         <name>.debug_info</name>
         <load_address>0x90a41</load_address>
         <run_address>0x90a41</run_address>
         <size>0x18f3</size>
         <input_file_ref idref="fl-31"/>
      </object_component>
      <object_component id="oc-1ac">
         <name>.debug_info</name>
         <load_address>0x92334</load_address>
         <run_address>0x92334</run_address>
         <size>0xef8</size>
         <input_file_ref idref="fl-32"/>
      </object_component>
      <object_component id="oc-1b2">
         <name>.debug_info</name>
         <load_address>0x9322c</load_address>
         <run_address>0x9322c</run_address>
         <size>0x1259</size>
         <input_file_ref idref="fl-33"/>
      </object_component>
      <object_component id="oc-1ba">
         <name>.debug_info</name>
         <load_address>0x94485</load_address>
         <run_address>0x94485</run_address>
         <size>0x172</size>
         <input_file_ref idref="fl-3f"/>
      </object_component>
      <object_component id="oc-1bf">
         <name>.debug_info</name>
         <load_address>0x945f7</load_address>
         <run_address>0x945f7</run_address>
         <size>0x175</size>
         <input_file_ref idref="fl-40"/>
      </object_component>
      <object_component id="oc-1c3">
         <name>.debug_info</name>
         <load_address>0x9476c</load_address>
         <run_address>0x9476c</run_address>
         <size>0x560</size>
         <input_file_ref idref="fl-41"/>
      </object_component>
      <object_component id="oc-1c8">
         <name>.debug_info</name>
         <load_address>0x94ccc</load_address>
         <run_address>0x94ccc</run_address>
         <size>0x439</size>
         <input_file_ref idref="fl-42"/>
      </object_component>
      <object_component id="oc-1cd">
         <name>.debug_info</name>
         <load_address>0x95105</load_address>
         <run_address>0x95105</run_address>
         <size>0x3ac</size>
         <input_file_ref idref="fl-43"/>
      </object_component>
      <object_component id="oc-1d2">
         <name>.debug_info</name>
         <load_address>0x954b1</load_address>
         <run_address>0x954b1</run_address>
         <size>0x3a9</size>
         <input_file_ref idref="fl-44"/>
      </object_component>
      <object_component id="oc-1d7">
         <name>.debug_info</name>
         <load_address>0x9585a</load_address>
         <run_address>0x9585a</run_address>
         <size>0x543</size>
         <input_file_ref idref="fl-45"/>
      </object_component>
      <object_component id="oc-1de">
         <name>.debug_info</name>
         <load_address>0x95d9d</load_address>
         <run_address>0x95d9d</run_address>
         <size>0x4cb</size>
         <input_file_ref idref="fl-46"/>
      </object_component>
      <object_component id="oc-1e3">
         <name>.debug_info</name>
         <load_address>0x96268</load_address>
         <run_address>0x96268</run_address>
         <size>0x466</size>
         <input_file_ref idref="fl-47"/>
      </object_component>
      <object_component id="oc-1e8">
         <name>.debug_info</name>
         <load_address>0x966ce</load_address>
         <run_address>0x966ce</run_address>
         <size>0x375</size>
         <input_file_ref idref="fl-48"/>
      </object_component>
      <object_component id="oc-2b5">
         <name>.debug_info</name>
         <load_address>0x96a43</load_address>
         <run_address>0x96a43</run_address>
         <size>0xca</size>
      </object_component>
      <object_component id="oc-85">
         <name>.debug_frame</name>
         <load_address>0x0</load_address>
         <run_address>0x0</run_address>
         <size>0x60</size>
         <input_file_ref idref="fl-2"/>
      </object_component>
      <object_component id="oc-8a">
         <name>.debug_frame</name>
         <load_address>0x60</load_address>
         <run_address>0x60</run_address>
         <size>0x44</size>
         <input_file_ref idref="fl-3"/>
      </object_component>
      <object_component id="oc-8f">
         <name>.debug_frame</name>
         <load_address>0xa4</load_address>
         <run_address>0xa4</run_address>
         <size>0x28</size>
         <input_file_ref idref="fl-4"/>
      </object_component>
      <object_component id="oc-97">
         <name>.debug_frame</name>
         <load_address>0xcc</load_address>
         <run_address>0xcc</run_address>
         <size>0x380</size>
         <input_file_ref idref="fl-5"/>
      </object_component>
      <object_component id="oc-9d">
         <name>.debug_frame</name>
         <load_address>0x44c</load_address>
         <run_address>0x44c</run_address>
         <size>0x1dc</size>
         <input_file_ref idref="fl-6"/>
      </object_component>
      <object_component id="oc-a6">
         <name>.debug_frame</name>
         <load_address>0x628</load_address>
         <run_address>0x628</run_address>
         <size>0xe8</size>
         <input_file_ref idref="fl-7"/>
      </object_component>
      <object_component id="oc-b0">
         <name>.debug_frame</name>
         <load_address>0x710</load_address>
         <run_address>0x710</run_address>
         <size>0x28</size>
         <input_file_ref idref="fl-9"/>
      </object_component>
      <object_component id="oc-bc">
         <name>.debug_frame</name>
         <load_address>0x738</load_address>
         <run_address>0x738</run_address>
         <size>0x28</size>
         <input_file_ref idref="fl-b"/>
      </object_component>
      <object_component id="oc-c7">
         <name>.debug_frame</name>
         <load_address>0x760</load_address>
         <run_address>0x760</run_address>
         <size>0x11d0</size>
         <input_file_ref idref="fl-d"/>
      </object_component>
      <object_component id="oc-cc">
         <name>.debug_frame</name>
         <load_address>0x1930</load_address>
         <run_address>0x1930</run_address>
         <size>0x28</size>
         <input_file_ref idref="fl-e"/>
      </object_component>
      <object_component id="oc-d1">
         <name>.debug_frame</name>
         <load_address>0x1958</load_address>
         <run_address>0x1958</run_address>
         <size>0x28</size>
         <input_file_ref idref="fl-f"/>
      </object_component>
      <object_component id="oc-d6">
         <name>.debug_frame</name>
         <load_address>0x1980</load_address>
         <run_address>0x1980</run_address>
         <size>0x28</size>
         <input_file_ref idref="fl-10"/>
      </object_component>
      <object_component id="oc-dd">
         <name>.debug_frame</name>
         <load_address>0x19a8</load_address>
         <run_address>0x19a8</run_address>
         <size>0x28</size>
         <input_file_ref idref="fl-12"/>
      </object_component>
      <object_component id="oc-e2">
         <name>.debug_frame</name>
         <load_address>0x19d0</load_address>
         <run_address>0x19d0</run_address>
         <size>0x28</size>
         <input_file_ref idref="fl-13"/>
      </object_component>
      <object_component id="oc-e9">
         <name>.debug_frame</name>
         <load_address>0x19f8</load_address>
         <run_address>0x19f8</run_address>
         <size>0x28</size>
         <input_file_ref idref="fl-15"/>
      </object_component>
      <object_component id="oc-f4">
         <name>.debug_frame</name>
         <load_address>0x1a20</load_address>
         <run_address>0x1a20</run_address>
         <size>0x28</size>
         <input_file_ref idref="fl-16"/>
      </object_component>
      <object_component id="oc-f9">
         <name>.debug_frame</name>
         <load_address>0x1a48</load_address>
         <run_address>0x1a48</run_address>
         <size>0x28</size>
         <input_file_ref idref="fl-17"/>
      </object_component>
      <object_component id="oc-fe">
         <name>.debug_frame</name>
         <load_address>0x1a70</load_address>
         <run_address>0x1a70</run_address>
         <size>0x28</size>
         <input_file_ref idref="fl-18"/>
      </object_component>
      <object_component id="oc-103">
         <name>.debug_frame</name>
         <load_address>0x1a98</load_address>
         <run_address>0x1a98</run_address>
         <size>0x28</size>
         <input_file_ref idref="fl-19"/>
      </object_component>
      <object_component id="oc-108">
         <name>.debug_frame</name>
         <load_address>0x1ac0</load_address>
         <run_address>0x1ac0</run_address>
         <size>0x28</size>
         <input_file_ref idref="fl-1a"/>
      </object_component>
      <object_component id="oc-10d">
         <name>.debug_frame</name>
         <load_address>0x1ae8</load_address>
         <run_address>0x1ae8</run_address>
         <size>0x28</size>
         <input_file_ref idref="fl-1b"/>
      </object_component>
      <object_component id="oc-114">
         <name>.debug_frame</name>
         <load_address>0x1b10</load_address>
         <run_address>0x1b10</run_address>
         <size>0x28</size>
         <input_file_ref idref="fl-1d"/>
      </object_component>
      <object_component id="oc-119">
         <name>.debug_frame</name>
         <load_address>0x1b38</load_address>
         <run_address>0x1b38</run_address>
         <size>0x28</size>
         <input_file_ref idref="fl-1e"/>
      </object_component>
      <object_component id="oc-11f">
         <name>.debug_frame</name>
         <load_address>0x1b60</load_address>
         <run_address>0x1b60</run_address>
         <size>0x28</size>
         <input_file_ref idref="fl-1f"/>
      </object_component>
      <object_component id="oc-126">
         <name>.debug_frame</name>
         <load_address>0x1b88</load_address>
         <run_address>0x1b88</run_address>
         <size>0x28</size>
         <input_file_ref idref="fl-21"/>
      </object_component>
      <object_component id="oc-12d">
         <name>.debug_frame</name>
         <load_address>0x1bb0</load_address>
         <run_address>0x1bb0</run_address>
         <size>0x28</size>
         <input_file_ref idref="fl-22"/>
[...]
      </symbol>
      <symbol id="sm-468">
         <name>_SPI</name>
         <value>0x8296</value>
         <object_component_ref idref="oc-1f7"/>
      </symbol>
      <symbol id="sm-469">
         <name>_EQEP</name>
         <value>0x828e</value>
         <object_component_ref idref="oc-1f9"/>
      </symbol>
      <symbol id="sm-46a">
         <name>_SDFM</name>
         <value>0x82a4</value>
         <object_component_ref idref="oc-1fc"/>
      </symbol>
      <symbol id="sm-46b">
         <name>_SCI</name>
         <value>0x82b8</value>
         <object_component_ref idref="oc-1f6"/>
      </symbol>
      <symbol id="sm-477">
         <name>_F28x_usDelay</name>
         <value>0x1033d</value>
         <object_component_ref idref="oc-138"/>
      </symbol>
      <symbol id="sm-488">
         <name>_Device_initGPIO</name>
         <value>0x828d4</value>
         <object_component_ref idref="oc-207"/>
      </symbol>
      <symbol id="sm-489">
         <name>___error__</name>
         <value>0x82945</value>
         <object_component_ref idref="oc-207"/>
      </symbol>
      <symbol id="sm-48a">
         <name>_Device_enableUnbondedGPIOPullupsFor176Pin</name>
         <value>0x828f5</value>
         <object_component_ref idref="oc-207"/>
      </symbol>
      <symbol id="sm-48b">
         <name>_Device_enableUnbondedGPIOPullups</name>
         <value>0x8292f</value>
         <object_component_ref idref="oc-207"/>
      </symbol>
      <symbol id="sm-48c">
         <name>_Device_init</name>
         <value>0x827dd</value>
         <object_component_ref idref="oc-207"/>
      </symbol>
      <symbol id="sm-48d">
         <name>_Device_enableUnbondedGPIOPullupsFor100Pin</name>
         <value>0x8290c</value>
         <object_component_ref idref="oc-207"/>
      </symbol>
      <symbol id="sm-48e">
         <name>_Device_enableAllPeripherals</name>
         <value>0x827f7</value>
         <object_component_ref idref="oc-207"/>
      </symbol>
      <symbol id="sm-53c">
         <name>_WdRegs</name>
         <value>0x7000</value>
         <object_component_ref idref="oc-17c"/>
      </symbol>
      <symbol id="sm-53d">
         <name>_CanaRegs</name>
         <value>0x48000</value>
         <object_component_ref idref="oc-19b"/>
      </symbol>
      <symbol id="sm-53e">
         <name>_PieVectTable</name>
         <value>0xd00</value>
         <object_component_ref idref="oc-19e"/>
      </symbol>
      <symbol id="sm-53f">
         <name>_Cmpss6Regs</name>
         <value>0x5d20</value>
         <object_component_ref idref="oc-163"/>
      </symbol>
      <symbol id="sm-540">
         <name>_ClkCfgRegs</name>
         <value>0x5d200</value>
         <object_component_ref idref="oc-17e"/>
      </symbol>
      <symbol id="sm-541">
         <name>_AdcdRegs</name>
         <value>0x7580</value>
         <object_component_ref idref="oc-187"/>
      </symbol>
      <symbol id="sm-542">
         <name>_ScidRegs</name>
         <value>0x7230</value>
         <object_component_ref idref="oc-153"/>
      </symbol>
      <symbol id="sm-543">
         <name>_EmuBMode</name>
         <value>0xd00</value>
         <object_component_ref idref="oc-143"/>
      </symbol>
      <symbol id="sm-544">
         <name>_ECap4Regs</name>
         <value>0x5060</value>
         <object_component_ref idref="oc-16a"/>
      </symbol>
      <symbol id="sm-545">
         <name>_Flash0EccRegs</name>
         <value>0x5fb00</value>
         <object_component_ref idref="oc-17b"/>
      </symbol>
      <symbol id="sm-546">
         <name>_IpcRegs</name>
         <value>0x50000</value>
         <object_component_ref idref="oc-177"/>
      </symbol>
      <symbol id="sm-547">
         <name>_Cmpss7Regs</name>
         <value>0x5d40</value>
         <object_component_ref idref="oc-164"/>
      </symbol>
      <symbol id="sm-548">
         <name>_DcsmZ2Regs</name>
         <value>0x5f040</value>
         <object_component_ref idref="oc-176"/>
      </symbol>
      <symbol id="sm-549">
         <name>_EPwm4Regs</name>
         <value>0x4300</value>
         <object_component_ref idref="oc-192"/>
      </symbol>
      <symbol id="sm-54a">
         <name>_FlashPumpSemaphoreRegs</name>
         <value>0x50024</value>
         <object_component_ref idref="oc-144"/>
      </symbol>
      <symbol id="sm-54b">
         <name>_ECap5Regs</name>
         <value>0x5080</value>
         <object_component_ref idref="oc-16b"/>
      </symbol>
      <symbol id="sm-54c">
         <name>_I2cbRegs</name>
         <value>0x7340</value>
         <object_component_ref idref="oc-174"/>
      </symbol>
      <symbol id="sm-54d">
         <name>_CpuTimer1Regs</name>
         <value>0xc08</value>
         <object_component_ref idref="oc-14b"/>
      </symbol>
      <symbol id="sm-54e">
         <name>_Cmpss4Regs</name>
         <value>0x5ce0</value>
         <object_component_ref idref="oc-161"/>
      </symbol>
      <symbol id="sm-54f">
         <name>_EPwm5Regs</name>
         <value>0x4400</value>
         <object_component_ref idref="oc-193"/>
      </symbol>
      <symbol id="sm-550">
         <name>_SpiaRegs</name>
         <value>0x6100</value>
         <object_component_ref idref="oc-154"/>
      </symbol>
      <symbol id="sm-551">
         <name>_CpuSysRegs</name>
         <value>0x5d300</value>
         <object_component_ref idref="oc-18c"/>
      </symbol>
      <symbol id="sm-552">
         <name>_Cla1SoftIntRegs</name>
         <value>0xce0</value>
         <object_component_ref idref="oc-145"/>
      </symbol>
      <symbol id="sm-553">
         <name>_CanbRegs</name>
         <value>0x4a000</value>
         <object_component_ref idref="oc-19c"/>
      </symbol>
      <symbol id="sm-554">
         <name>_ECap6Regs</name>
         <value>0x50a0</value>
         <object_component_ref idref="oc-16c"/>
      </symbol>
      <symbol id="sm-555">
         <name>_DmaRegs</name>
         <value>0x1000</value>
         <object_component_ref idref="oc-18d"/>
      </symbol>
      <symbol id="sm-556">
         <name>_XintRegs</name>
         <value>0x7070</value>
         <object_component_ref idref="oc-14e"/>
      </symbol>
      <symbol id="sm-557">
         <name>_CpuTimer0Regs</name>
         <value>0xc00</value>
         <object_component_ref idref="oc-14a"/>
      </symbol>
      <symbol id="sm-558">
         <name>_Cmpss5Regs</name>
         <value>0x5d00</value>
         <object_component_ref idref="oc-162"/>
      </symbol>
      <symbol id="sm-559">
         <name>_Emif1Regs</name>
         <value>0x47000</value>
         <object_component_ref idref="oc-182"/>
      </symbol>
      <symbol id="sm-55a">
         <name>_AccessProtectionRegs</name>
         <value>0x5f4c0</value>
         <object_component_ref idref="oc-180"/>
      </symbol>
      <symbol id="sm-55b">
         <name>_MemCfgRegs</name>
         <value>0x5f400</value>
         <object_component_ref idref="oc-188"/>
      </symbol>
      <symbol id="sm-55c">
         <name>_DacaRegs</name>
         <value>0x5c00</value>
         <object_component_ref idref="oc-147"/>
      </symbol>
      <symbol id="sm-55d">
         <name>_McbspbRegs</name>
         <value>0x6040</value>
         <object_component_ref idref="oc-17a"/>
      </symbol>
      <symbol id="sm-55e">
         <name>_EPwm6Regs</name>
         <value>0x4500</value>
         <object_component_ref idref="oc-194"/>
      </symbol>
      <symbol id="sm-55f">
         <name>_AdcaRegs</name>
         <value>0x7400</value>
         <object_component_ref idref="oc-184"/>
      </symbol>
      <symbol id="sm-560">
         <name>_SciaRegs</name>
         <value>0x7200</value>
         <object_component_ref idref="oc-14f"/>
      </symbol>
      <symbol id="sm-561">
         <name>_EPwm11Regs</name>
         <value>0x4a00</value>
         <object_component_ref idref="oc-199"/>
      </symbol>
      <symbol id="sm-562">
         <name>_GpioDataRegs</name>
         <value>0x7f00</value>
         <object_component_ref idref="oc-17d"/>
      </symbol>
      <symbol id="sm-563">
         <name>_Sdfm1Regs</name>
         <value>0x5e00</value>
         <object_component_ref idref="oc-189"/>
      </symbol>
      <symbol id="sm-564">
         <name>_Cmpss2Regs</name>
         <value>0x5ca0</value>
         <object_component_ref idref="oc-15f"/>
      </symbol>
      <symbol id="sm-565">
         <name>_Emif2Regs</name>
         <value>0x47800</value>
         <object_component_ref idref="oc-183"/>
      </symbol>
      <symbol id="sm-566">
         <name>_DcsmZ1Regs</name>
         <value>0x5f000</value>
         <object_component_ref idref="oc-175"/>
      </symbol>
      <symbol id="sm-567">
         <name>_Flash0CtrlRegs</name>
         <value>0x5f800</value>
         <object_component_ref idref="oc-19d"/>
      </symbol>
      <symbol id="sm-568">
         <name>_EPwm7Regs</name>
         <value>0x4600</value>
         <object_component_ref idref="oc-195"/>
      </symbol>
      <symbol id="sm-569">
         <name>_SpicRegs</name>
         <value>0x6120</value>
         <object_component_ref idref="oc-157"/>
      </symbol>
      <symbol id="sm-56a">
         <name>_EPwm10Regs</name>
         <value>0x4900</value>
         <object_component_ref idref="oc-198"/>
      </symbol>
      <symbol id="sm-56b">
         <name>_CpuTimer2Regs</name>
         <value>0xc10</value>
         <object_component_ref idref="oc-14c"/>
      </symbol>
      <symbol id="sm-56c">
         <name>_DmaClaSrcSelRegs</name>
         <value>0x7980</value>
         <object_component_ref idref="oc-15c"/>
      </symbol>
      <symbol id="sm-56d">
         <name>_Cmpss3Regs</name>
         <value>0x5cc0</value>
         <object_component_ref idref="oc-160"/>
      </symbol>
      <symbol id="sm-56e">
         <name>_DaccRegs</name>
         <value>0x5c20</value>
         <object_component_ref idref="oc-149"/>
      </symbol>
      <symbol id="sm-56f">
         <name>_PieCtrlRegs</name>
         <value>0xce0</value>
         <object_component_ref idref="oc-15d"/>
      </symbol>
      <symbol id="sm-570">
         <name>_SpibRegs</name>
         <value>0x6110</value>
         <object_component_ref idref="oc-156"/>
      </symbol>
      <symbol id="sm-571">
         <name>_AdccRegs</name>
         <value>0x7500</value>
         <object_component_ref idref="oc-186"/>
      </symbol>
      <symbol id="sm-572">
         <name>_ScicRegs</name>
         <value>0x7220</value>
         <object_component_ref idref="oc-152"/>
      </symbol>
      <symbol id="sm-573">
         <name>_ECap1Regs</name>
         <value>0x5000</value>
         <object_component_ref idref="oc-166"/>
      </symbol>
      <symbol id="sm-574">
         <name>_MemoryErrorRegs</name>
         <value>0x5f500</value>
         <object_component_ref idref="oc-181"/>
      </symbol>
      <symbol id="sm-575">
         <name>_Cla1Regs</name>
         <value>0x1400</value>
         <object_component_ref idref="oc-17f"/>
      </symbol>
      <symbol id="sm-576">
         <name>_EQep1Regs</name>
         <value>0x5100</value>
         <object_component_ref idref="oc-16e"/>
      </symbol>
      <symbol id="sm-577">
         <name>_DacbRegs</name>
         <value>0x5c10</value>
         <object_component_ref idref="oc-148"/>
      </symbol>
      <symbol id="sm-578">
         <name>_McbspaRegs</name>
         <value>0x6000</value>
         <object_component_ref idref="oc-178"/>
      </symbol>
      <symbol id="sm-579">
         <name>_EPwm1Regs</name>
         <value>0x4000</value>
         <object_component_ref idref="oc-18e"/>
      </symbol>
      <symbol id="sm-57a">
         <name>_AdcbRegs</name>
         <value>0x7480</value>
         <object_component_ref idref="oc-185"/>
      </symbol>
      <symbol id="sm-57b">
         <name>_ScibRegs</name>
         <value>0x7210</value>
         <object_component_ref idref="oc-151"/>
      </symbol>
      <symbol id="sm-57c">
         <name>_AdcaResultRegs</name>
         <value>0xb00</value>
         <object_component_ref idref="oc-158"/>
      </symbol>
      <symbol id="sm-57d">
         <name>_ECap2Regs</name>
         <value>0x5020</value>
         <object_component_ref idref="oc-168"/>
      </symbol>
      <symbol id="sm-57e">
         <name>_EPwm12Regs</name>
         <value>0x4b00</value>
         <object_component_ref idref="oc-19a"/>
      </symbol>
      <symbol id="sm-57f">
         <name>_AdcbResultRegs</name>
         <value>0xb20</value>
         <object_component_ref idref="oc-159"/>
      </symbol>
      <symbol id="sm-580">
         <name>_AdccResultRegs</name>
         <value>0xb40</value>
         <object_component_ref idref="oc-15a"/>
      </symbol>
      <symbol id="sm-581">
         <name>_Emif1ConfigRegs</name>
         <value>0x5f480</value>
         <object_component_ref idref="oc-16d"/>
      </symbol>
      <symbol id="sm-582">
         <name>_Sdfm2Regs</name>
         <value>0x5e80</value>
         <object_component_ref idref="oc-18b"/>
      </symbol>
      <symbol id="sm-583">
         <name>_AdcdResultRegs</name>
         <value>0xb60</value>
         <object_component_ref idref="oc-15b"/>
      </symbol>
      <symbol id="sm-584">
         <name>_EQep2Regs</name>
         <value>0x5140</value>
         <object_component_ref idref="oc-170"/>
      </symbol>
      <symbol id="sm-585">
         <name>_Cmpss1Regs</name>
         <value>0x5c80</value>
         <object_component_ref idref="oc-15e"/>
      </symbol>
      <symbol id="sm-586">
         <name>_EPwm8Regs</name>
         <value>0x4700</value>
         <object_component_ref idref="oc-196"/>
      </symbol>
      <symbol id="sm-587">
         <name>_DcsmCommonRegs</name>
         <value>0x5f070</value>
         <object_component_ref idref="oc-14d"/>
      </symbol>
      <symbol id="sm-588">
         <name>_EPwm2Regs</name>
         <value>0x4100</value>
         <object_component_ref idref="oc-190"/>
      </symbol>
      <symbol id="sm-589">
         <name>_ECap3Regs</name>
         <value>0x5040</value>
         <object_component_ref idref="oc-169"/>
      </symbol>
      <symbol id="sm-58a">
         <name>_Cmpss8Regs</name>
         <value>0x5d60</value>
         <object_component_ref idref="oc-165"/>
      </symbol>
      <symbol id="sm-58b">
         <name>_EQep3Regs</name>
         <value>0x5180</value>
         <object_component_ref idref="oc-171"/>
      </symbol>
      <symbol id="sm-58c">
         <name>_EPwm9Regs</name>
         <value>0x4800</value>
         <object_component_ref idref="oc-197"/>
      </symbol>
      <symbol id="sm-58d">
         <name>_NmiIntruptRegs</name>
         <value>0x7060</value>
         <object_component_ref idref="oc-146"/>
      </symbol>
      <symbol id="sm-58e">
         <name>_EPwm3Regs</name>
         <value>0x4200</value>
         <object_component_ref idref="oc-191"/>
      </symbol>
      <symbol id="sm-58f">
         <name>_I2caRegs</name>
         <value>0x7300</value>
         <object_component_ref idref="oc-172"/>
      </symbol>
      <symbol id="sm-5a5">
         <name>_CPUTimer_setEmulationMode</name>
         <value>0x83039</value>
         <object_component_ref idref="oc-209"/>
      </symbol>
      <symbol id="sm-5e9">
         <name>_Flash_initModule</name>
         <value>0x101ec</value>
         <object_component_ref idref="oc-216"/>
      </symbol>
      <symbol id="sm-61b">
         <name>_Interrupt_enable</name>
         <value>0x82ea3</value>
         <object_component_ref idref="oc-20c"/>
      </symbol>
      <symbol id="sm-61c">
         <name>_Interrupt_initVectorTable</name>
         <value>0x82f4c</value>
         <object_component_ref idref="oc-20b"/>
      </symbol>
      <symbol id="sm-61d">
         <name>_Interrupt_initModule</name>
         <value>0x82d3f</value>
         <object_component_ref idref="oc-20a"/>
      </symbol>
      <symbol id="sm-659">
         <name>_SCI_enableInterrupt</name>
         <value>0x82e1f</value>
         <object_component_ref idref="oc-203"/>
      </symbol>
      <symbol id="sm-65a">
         <name>_SCI_clearInterruptStatus</name>
         <value>0x82d93</value>
         <object_component_ref idref="oc-1f4"/>
      </symbol>
      <symbol id="sm-65b">
         <name>_SCI_setConfig</name>
         <value>0x82e63</value>
         <object_component_ref idref="oc-202"/>
      </symbol>
      <symbol id="sm-65c">
         <name>_SCI_disableInterrupt</name>
         <value>0x82dd9</value>
         <object_component_ref idref="oc-204"/>
      </symbol>
      <symbol id="sm-677">
         <name>_c_int00</name>
         <value>0x82ce9</value>
         <object_component_ref idref="oc-83"/>
      </symbol>
      <symbol id="sm-678">
         <name>__stack</name>
         <value>0x122</value>
         <object_component_ref idref="oc-1b8"/>
      </symbol>
      <symbol id="sm-684">
         <name>LL$$AND</name>
         <value>0x8300d</value>
         <object_component_ref idref="oc-1be"/>
      </symbol>
      <symbol id="sm-685">
         <name>LL$$OR</name>
         <value>0x83015</value>
         <object_component_ref idref="oc-1be"/>
      </symbol>
      <symbol id="sm-686">
         <name>LL$$XOR</name>
         <value>0x8301d</value>
         <object_component_ref idref="oc-1be"/>
      </symbol>
      <symbol id="sm-695">
         <name>_copy_in</name>
         <value>0x82f28</value>
         <object_component_ref idref="oc-1ee"/>
      </symbol>
      <symbol id="sm-6a6">
         <name>_memcpy</name>
         <value>0x82f8b</value>
         <object_component_ref idref="oc-1fe"/>
      </symbol>
      <symbol id="sm-6b2">
         <name>__system_pre_init</name>
         <value>0x830ac</value>
         <object_component_ref idref="oc-1ed"/>
      </symbol>
      <symbol id="sm-6bf">
         <name>__system_post_cinit</name>
         <value>0x830ae</value>
         <object_component_ref idref="oc-1ef"/>
      </symbol>
      <symbol id="sm-6d3">
         <name>C$$EXIT</name>
         <value>0x82eff</value>
         <object_component_ref idref="oc-1f1"/>
      </symbol>
      <symbol id="sm-6d4">
         <name>_exit</name>
         <value>0x82f01</value>
         <object_component_ref idref="oc-1f1"/>
      </symbol>
      <symbol id="sm-6d5">
         <name>___TI_cleanup_ptr</name>
         <value>0x82ac</value>
         <object_component_ref idref="oc-1d9"/>
      </symbol>
      <symbol id="sm-6d6">
         <name>___TI_enable_exit_profile_output</name>
         <value>0x82aa</value>
         <object_component_ref idref="oc-1d9"/>
      </symbol>
      <symbol id="sm-6d7">
         <name>_abort</name>
         <value>0x82eff</value>
         <object_component_ref idref="oc-1f1"/>
      </symbol>
      <symbol id="sm-6d8">
         <name>___TI_dtors_ptr</name>
         <value>0x82ae</value>
         <object_component_ref idref="oc-1d9"/>
      </symbol>
      <symbol id="sm-6ec">
         <name>__unlock</name>
         <value>0x82bc</value>
         <object_component_ref idref="oc-21e"/>
      </symbol>
      <symbol id="sm-6ed">
         <name>__lock</name>
         <value>0x813e</value>
         <object_component_ref idref="oc-200"/>
      </symbol>
      <symbol id="sm-6ee">
         <name>__register_lock</name>
         <value>0x83098</value>
         <object_component_ref idref="oc-210"/>
      </symbol>
      <symbol id="sm-6ef">
         <name>__nop</name>
         <value>0x8309c</value>
         <object_component_ref idref="oc-210"/>
      </symbol>
      <symbol id="sm-6f0">
         <name>__register_unlock</name>
         <value>0x83094</value>
         <object_component_ref idref="oc-210"/>
      </symbol>
      <symbol id="sm-6ff">
         <name>__args_main</name>
         <value>0x82ff4</value>
         <object_component_ref idref="oc-1f0"/>
      </symbol>
   </symbol_table>
   <title>Link successful</title>
</link_info>
