<?xml version="1.0" encoding="ISO-8859-1" ?>
<link_info>
   <banner>TMS320C2000 Linker PC v18.12.4.LTS</banner>
   <copyright>Copyright (c) 1996-2018 Texas Instruments Incorporated</copyright>
   <link_time>0x5f0bc0ee</link_time>
   <link_errors>0x0</link_errors>
   <output_file>5V50A_Multi_Channel_Cycler_CPU1.out</output_file>
   <entry_point>
      <name>_c_int00</name>
      <address>0x84885</address>
   </entry_point>
   <input_file_list>
      <input_file id="fl-2">
         <path>.\PHOENIXON_CONTROLS\CPU\source\</path>
         <kind>object</kind>
         <file>PhoenixonControls_AD5547_DAC.obj</file>
         <name>PhoenixonControls_AD5547_DAC.obj</name>
      </input_file>
      <input_file id="fl-3">
         <path>.\PHOENIXON_CONTROLS\CPU\source\</path>
         <kind>object</kind>
         <file>PhoenixonControls_AD5664R_DAC.obj</file>
         <name>PhoenixonControls_AD5664R_DAC.obj</name>
      </input_file>
      <input_file id="fl-4">
         <path>.\PHOENIXON_CONTROLS\CPU\source\</path>
         <kind>object</kind>
         <file>PhoenixonControls_AD7606_ADC.obj</file>
         <name>PhoenixonControls_AD7606_ADC.obj</name>
      </input_file>
      <input_file id="fl-5">
         <path>.\PHOENIXON_CONTROLS\CPU\source\</path>
         <kind>object</kind>
         <file>PhoenixonControls_AD7608_ADC.obj</file>
         <name>PhoenixonControls_AD7608_ADC.obj</name>
      </input_file>
      <input_file id="fl-6">
         <path>.\PHOENIXON_CONTROLS\CPU\source\</path>
         <kind>object</kind>
         <file>PhoenixonControls_ADC.obj</file>
         <name>PhoenixonControls_ADC.obj</name>
      </input_file>
      <input_file id="fl-7">
         <path>.\PHOENIXON_CONTROLS\CPU\source\</path>
         <kind>object</kind>
         <file>PhoenixonControls_ALARM.obj</file>
         <name>PhoenixonControls_ALARM.obj</name>
      </input_file>
      <input_file id="fl-8">
         <path>.\PHOENIXON_CONTROLS\CPU\source\</path>
         <kind>object</kind>
         <file>PhoenixonControls_CALIBRATION.obj</file>
         <name>PhoenixonControls_CALIBRATION.obj</name>
      </input_file>
      <input_file id="fl-9">
         <path>.\PHOENIXON_CONTROLS\CPU\source\</path>
         <kind>object</kind>
         <file>PhoenixonControls_COMMUNICATION.obj</file>
         <name>PhoenixonControls_COMMUNICATION.obj</name>
      </input_file>
      <input_file id="fl-a">
         <path>.\PHOENIXON_CONTROLS\CPU\source\</path>
         <kind>object</kind>
         <file>PhoenixonControls_CONTROL.obj</file>
         <name>PhoenixonControls_CONTROL.obj</name>
      </input_file>
      <input_file id="fl-b">
         <path>.\PHOENIXON_CONTROLS\CPU\source\</path>
         <kind>object</kind>
         <file>PhoenixonControls_CRC16.obj</file>
         <name>PhoenixonControls_CRC16.obj</name>
      </input_file>
      <input_file id="fl-c">
         <path>.\PHOENIXON_CONTROLS\CPU\source\</path>
         <kind>object</kind>
         <file>PhoenixonControls_EMIF.obj</file>
         <name>PhoenixonControls_EMIF.obj</name>
      </input_file>
      <input_file id="fl-d">
         <path>.\PHOENIXON_CONTROLS\CPU\source\</path>
         <kind>object</kind>
         <file>PhoenixonControls_GPIO.obj</file>
         <name>PhoenixonControls_GPIO.obj</name>
      </input_file>
      <input_file id="fl-e">
         <path>.\PHOENIXON_CONTROLS\CPU\source\</path>
         <kind>object</kind>
         <file>PhoenixonControls_OPERATION.obj</file>
         <name>PhoenixonControls_OPERATION.obj</name>
      </input_file>
      <input_file id="fl-f">
         <path>.\PHOENIXON_CONTROLS\CPU\source\</path>
         <kind>object</kind>
         <file>PhoenixonControls_RingBuffer.obj</file>
         <name>PhoenixonControls_RingBuffer.obj</name>
      </input_file>
      <input_file id="fl-10">
         <path>.\PHOENIXON_CONTROLS\CPU\source\</path>
         <kind>object</kind>
         <file>PhoenixonControls_SCHEDULE.obj</file>
         <name>PhoenixonControls_SCHEDULE.obj</name>
      </input_file>
      <input_file id="fl-11">
         <path>.\PHOENIXON_CONTROLS\CPU\source\</path>
         <kind>object</kind>
         <file>PhoenixonControls_SENSING.obj</file>
         <name>PhoenixonControls_SENSING.obj</name>
      </input_file>
      <input_file id="fl-12">
         <path>.\PHOENIXON_CONTROLS\CPU\source\</path>
         <kind>object</kind>
         <file>PhoenixonControls_SPI.obj</file>
         <name>PhoenixonControls_SPI.obj</name>
      </input_file>
      <input_file id="fl-13">
         <path>.\PHOENIXON_CONTROLS\CPU\source\</path>
         <kind>object</kind>
         <file>PhoenixonControls_TIMER.obj</file>
         <name>PhoenixonControls_TIMER.obj</name>
      </input_file>
      <input_file id="fl-14">
         <path>.\PHOENIXON_CONTROLS\CPU\source\</path>
         <kind>object</kind>
         <file>PhoenixonControls_TUNING.obj</file>
         <name>PhoenixonControls_TUNING.obj</name>
      </input_file>
      <input_file id="fl-15">
         <path>.\PHOENIXON_CONTROLS\CPU\source\</path>
         <kind>object</kind>
         <file>main_CPU1.obj</file>
         <name>main_CPU1.obj</name>
      </input_file>
      <input_file id="fl-16">
         <path>.\PHOENIXON_CONTROLS\CPU\source\</path>
         <kind>object</kind>
         <file>memcpy_fast_far.obj</file>
         <name>memcpy_fast_far.obj</name>
      </input_file>
      <input_file id="fl-17">
         <path>.\common\source\</path>
         <kind>object</kind>
         <file>F2837xD_Adc.obj</file>
         <name>F2837xD_Adc.obj</name>
      </input_file>
      <input_file id="fl-18">
         <path>.\common\source\</path>
         <kind>object</kind>
         <file>F2837xD_CodeStartBranch.obj</file>
         <name>F2837xD_CodeStartBranch.obj</name>
      </input_file>
      <input_file id="fl-19">
         <path>.\common\source\</path>
         <kind>object</kind>
         <file>F2837xD_CpuTimers.obj</file>
         <name>F2837xD_CpuTimers.obj</name>
      </input_file>
      <input_file id="fl-1a">
         <path>.\common\source\</path>
         <kind>object</kind>
         <file>F2837xD_DBGIER.obj</file>
         <name>F2837xD_DBGIER.obj</name>
      </input_file>
      <input_file id="fl-1b">
         <path>.\common\source\</path>
         <kind>object</kind>
         <file>F2837xD_DefaultISR.obj</file>
         <name>F2837xD_DefaultISR.obj</name>
      </input_file>
      <input_file id="fl-1c">
         <path>.\common\source\</path>
         <kind>object</kind>
         <file>F2837xD_Dma.obj</file>
         <name>F2837xD_Dma.obj</name>
      </input_file>
      <input_file id="fl-1d">
         <path>.\common\source\</path>
         <kind>object</kind>
         <file>F2837xD_ECap.obj</file>
         <name>F2837xD_ECap.obj</name>
      </input_file>
      <input_file id="fl-1e">
         <path>.\common\source\</path>
         <kind>object</kind>
         <file>F2837xD_EPwm.obj</file>
         <name>F2837xD_EPwm.obj</name>
      </input_file>
      <input_file id="fl-1f">
         <path>.\common\source\</path>
         <kind>object</kind>
         <file>F2837xD_EQep.obj</file>
         <name>F2837xD_EQep.obj</name>
      </input_file>
      <input_file id="fl-20">
         <path>.\common\source\</path>
         <kind>object</kind>
         <file>F2837xD_Emif.obj</file>
         <name>F2837xD_Emif.obj</name>
      </input_file>
      <input_file id="fl-21">
         <path>.\common\source\</path>
         <kind>object</kind>
         <file>F2837xD_Gpio.obj</file>
         <name>F2837xD_Gpio.obj</name>
      </input_file>
      <input_file id="fl-22">
         <path>.\common\source\</path>
         <kind>object</kind>
         <file>F2837xD_I2C.obj</file>
         <name>F2837xD_I2C.obj</name>
      </input_file>
      <input_file id="fl-23">
         <path>.\common\source\</path>
         <kind>object</kind>
         <file>F2837xD_Ipc.obj</file>
         <name>F2837xD_Ipc.obj</name>
      </input_file>
      <input_file id="fl-24">
         <path>.\common\source\</path>
         <kind>object</kind>
         <file>F2837xD_Ipc_Driver.obj</file>
         <name>F2837xD_Ipc_Driver.obj</name>
      </input_file>
      <input_file id="fl-25">
         <path>.\common\source\</path>
         <kind>object</kind>
         <file>F2837xD_Ipc_Driver_Lite.obj</file>
         <name>F2837xD_Ipc_Driver_Lite.obj</name>
      </input_file>
      <input_file id="fl-26">
         <path>.\common\source\</path>
         <kind>object</kind>
         <file>F2837xD_Ipc_Driver_Util.obj</file>
         <name>F2837xD_Ipc_Driver_Util.obj</name>
      </input_file>
      <input_file id="fl-27">
         <path>.\common\source\</path>
         <kind>object</kind>
         <file>F2837xD_Mcbsp.obj</file>
         <name>F2837xD_Mcbsp.obj</name>
      </input_file>
      <input_file id="fl-28">
         <path>.\common\source\</path>
         <kind>object</kind>
         <file>F2837xD_PieCtrl.obj</file>
         <name>F2837xD_PieCtrl.obj</name>
      </input_file>
      <input_file id="fl-29">
         <path>.\common\source\</path>
         <kind>object</kind>
         <file>F2837xD_PieVect.obj</file>
         <name>F2837xD_PieVect.obj</name>
      </input_file>
      <input_file id="fl-2a">
         <path>.\common\source\</path>
         <kind>object</kind>
         <file>F2837xD_Sci.obj</file>
         <name>F2837xD_Sci.obj</name>
      </input_file>
      <input_file id="fl-2b">
         <path>.\common\source\</path>
         <kind>object</kind>
         <file>F2837xD_Spi.obj</file>
         <name>F2837xD_Spi.obj</name>
      </input_file>
      <input_file id="fl-2c">
         <path>.\common\source\</path>
         <kind>object</kind>
         <file>F2837xD_SysCtrl.obj</file>
         <name>F2837xD_SysCtrl.obj</name>
      </input_file>
      <input_file id="fl-2d">
         <path>.\common\source\</path>
         <kind>object</kind>
         <file>F2837xD_TempSensorConv.obj</file>
         <name>F2837xD_TempSensorConv.obj</name>
      </input_file>
      <input_file id="fl-2e">
         <path>.\common\source\</path>
         <kind>object</kind>
         <file>F2837xD_Upp.obj</file>
         <name>F2837xD_Upp.obj</name>
      </input_file>
      <input_file id="fl-2f">
         <path>.\common\source\</path>
         <kind>object</kind>
         <file>F2837xD_can.obj</file>
         <name>F2837xD_can.obj</name>
      </input_file>
      <input_file id="fl-30">
         <path>.\common\source\</path>
         <kind>object</kind>
         <file>F2837xD_sci_io.obj</file>
         <name>F2837xD_sci_io.obj</name>
      </input_file>
      <input_file id="fl-31">
         <path>.\common\source\</path>
         <kind>object</kind>
         <file>F2837xD_sdfm_drivers.obj</file>
         <name>F2837xD_sdfm_drivers.obj</name>
      </input_file>
      <input_file id="fl-32">
         <path>.\common\source\</path>
         <kind>object</kind>
         <file>F2837xD_struct.obj</file>
         <name>F2837xD_struct.obj</name>
      </input_file>
      <input_file id="fl-33">
         <path>.\common\source\</path>
         <kind>object</kind>
         <file>F2837xD_usDelay.obj</file>
         <name>F2837xD_usDelay.obj</name>
      </input_file>
      <input_file id="fl-34">
         <path>.\common\source\</path>
         <kind>object</kind>
         <file>device.obj</file>
         <name>device.obj</name>
      </input_file>
      <input_file id="fl-35">
         <path>.\headers\source\</path>
         <kind>object</kind>
         <file>F2837xD_GlobalVariableDefs.obj</file>
         <name>F2837xD_GlobalVariableDefs.obj</name>
      </input_file>
      <input_file id="fl-3d">
         <kind>object</kind>
         <file>&lt;internal&gt;</file>
         <name>&lt;internal&gt;</name>
      </input_file>
      <input_file id="fl-3e">
         <path>..\driverlib\</path>
         <kind>archive</kind>
         <file>driverlib.lib</file>
         <name>adc.obj</name>
      </input_file>
      <input_file id="fl-3f">
         <path>..\driverlib\</path>
         <kind>archive</kind>
         <file>driverlib.lib</file>
         <name>cputimer.obj</name>
      </input_file>
      <input_file id="fl-40">
         <path>..\driverlib\</path>
         <kind>archive</kind>
         <file>driverlib.lib</file>
         <name>flash.obj</name>
      </input_file>
      <input_file id="fl-41">
         <path>..\driverlib\</path>
         <kind>archive</kind>
         <file>driverlib.lib</file>
         <name>gpio.obj</name>
      </input_file>
      <input_file id="fl-42">
         <path>..\driverlib\</path>
         <kind>archive</kind>
         <file>driverlib.lib</file>
         <name>interrupt.obj</name>
      </input_file>
      <input_file id="fl-43">
         <path>..\driverlib\</path>
         <kind>archive</kind>
         <file>driverlib.lib</file>
         <name>memcfg.obj</name>
      </input_file>
      <input_file id="fl-44">
         <path>..\driverlib\</path>
         <kind>archive</kind>
         <file>driverlib.lib</file>
         <name>spi.obj</name>
      </input_file>
      <input_file id="fl-45">
         <path>..\driverlib\</path>
         <kind>archive</kind>
         <file>driverlib.lib</file>
         <name>sysctl.obj</name>
      </input_file>
      <input_file id="fl-51">
         <path>C:\ti\ccs930\ccs\tools\compiler\ti-cgt-c2000_18.12.4.LTS\lib\</path>
         <kind>archive</kind>
         <file>rts2800_fpu32.lib</file>
         <name>boot28.asm.obj</name>
      </input_file>
      <input_file id="fl-52">
         <path>C:\ti\ccs930\ccs\tools\compiler\ti-cgt-c2000_18.12.4.LTS\lib\</path>
         <kind>archive</kind>
         <file>rts2800_fpu32.lib</file>
         <name>fd_add28.asm.obj</name>
      </input_file>
      <input_file id="fl-53">
         <path>C:\ti\ccs930\ccs\tools\compiler\ti-cgt-c2000_18.12.4.LTS\lib\</path>
         <kind>archive</kind>
         <file>rts2800_fpu32.lib</file>
         <name>fd_cmp28.asm.obj</name>
      </input_file>
      <input_file id="fl-54">
         <path>C:\ti\ccs930\ccs\tools\compiler\ti-cgt-c2000_18.12.4.LTS\lib\</path>
         <kind>archive</kind>
         <file>rts2800_fpu32.lib</file>
         <name>fd_mpy28.asm.obj</name>
      </input_file>
      <input_file id="fl-55">
         <path>C:\ti\ccs930\ccs\tools\compiler\ti-cgt-c2000_18.12.4.LTS\lib\</path>
         <kind>archive</kind>
         <file>rts2800_fpu32.lib</file>
         <name>fd_toul28.asm.obj</name>
      </input_file>
      <input_file id="fl-56">
         <path>C:\ti\ccs930\ccs\tools\compiler\ti-cgt-c2000_18.12.4.LTS\lib\</path>
         <kind>archive</kind>
         <file>rts2800_fpu32.lib</file>
         <name>fs_div28.asm.obj</name>
      </input_file>
      <input_file id="fl-57">
         <path>C:\ti\ccs930\ccs\tools\compiler\ti-cgt-c2000_18.12.4.LTS\lib\</path>
         <kind>archive</kind>
         <file>rts2800_fpu32.lib</file>
         <name>ll_aox28.asm.obj</name>
      </input_file>
      <input_file id="fl-58">
         <path>C:\ti\ccs930\ccs\tools\compiler\ti-cgt-c2000_18.12.4.LTS\lib\</path>
         <kind>archive</kind>
         <file>rts2800_fpu32.lib</file>
         <name>ll_cmp28.asm.obj</name>
      </input_file>
      <input_file id="fl-59">
         <path>C:\ti\ccs930\ccs\tools\compiler\ti-cgt-c2000_18.12.4.LTS\lib\</path>
         <kind>archive</kind>
         <file>rts2800_fpu32.lib</file>
         <name>ll_div28.asm.obj</name>
      </input_file>
      <input_file id="fl-5a">
         <path>C:\ti\ccs930\ccs\tools\compiler\ti-cgt-c2000_18.12.4.LTS\lib\</path>
         <kind>archive</kind>
         <file>rts2800_fpu32.lib</file>
         <name>fs_tofdfpu32.asm.obj</name>
      </input_file>
      <input_file id="fl-5b">
         <path>C:\ti\ccs930\ccs\tools\compiler\ti-cgt-c2000_18.12.4.LTS\lib\</path>
         <kind>archive</kind>
         <file>rts2800_fpu32.lib</file>
         <name>cpy_tbl.c.obj</name>
      </input_file>
      <input_file id="fl-5c">
         <path>C:\ti\ccs930\ccs\tools\compiler\ti-cgt-c2000_18.12.4.LTS\lib\</path>
         <kind>archive</kind>
         <file>rts2800_fpu32.lib</file>
         <name>memcpy.c.obj</name>
      </input_file>
      <input_file id="fl-5d">
         <path>C:\ti\ccs930\ccs\tools\compiler\ti-cgt-c2000_18.12.4.LTS\lib\</path>
         <kind>archive</kind>
         <file>rts2800_fpu32.lib</file>
         <name>pre_init.c.obj</name>
      </input_file>
      <input_file id="fl-5e">
         <path>C:\ti\ccs930\ccs\tools\compiler\ti-cgt-c2000_18.12.4.LTS\lib\</path>
         <kind>archive</kind>
         <file>rts2800_fpu32.lib</file>
         <name>startup.c.obj</name>
      </input_file>
      <input_file id="fl-5f">
         <path>C:\ti\ccs930\ccs\tools\compiler\ti-cgt-c2000_18.12.4.LTS\lib\</path>
         <kind>archive</kind>
         <file>rts2800_fpu32.lib</file>
         <name>exit.c.obj</name>
      </input_file>
      <input_file id="fl-60">
         <path>C:\ti\ccs930\ccs\tools\compiler\ti-cgt-c2000_18.12.4.LTS\lib\</path>
         <kind>archive</kind>
         <file>rts2800_fpu32.lib</file>
         <name>_lock.c.obj</name>
      </input_file>
      <input_file id="fl-61">
         <path>C:\ti\ccs930\ccs\tools\compiler\ti-cgt-c2000_18.12.4.LTS\lib\</path>
         <kind>archive</kind>
         <file>rts2800_fpu32.lib</file>
         <name>args_main.c.obj</name>
      </input_file>
      <input_file id="fl-62">
         <path>C:\ti\ccs930\ccs\tools\compiler\ti-cgt-c2000_18.12.4.LTS\lib\</path>
         <kind>archive</kind>
         <file>rts2800_fpu32.lib</file>
         <name>memset.c.obj</name>
      </input_file>
   </input_file_list>
   <object_component_list>
      <object_component id="oc-2f1">
         <name>.cinit:_CurrentCharge_Low_ADC</name>
         <load_address>0x82000</load_address>
         <run_address>0x82000</run_address>
         <size>0x63</size>
         <input_file_ref idref="fl-8"/>
      </object_component>
      <object_component id="oc-2ef">
         <name>.cinit:_CurrentCharge_Low_REF</name>
         <load_address>0x82063</load_address>
         <run_address>0x82063</run_address>
         <size>0x63</size>
         <input_file_ref idref="fl-8"/>
      </object_component>
      <object_component id="oc-2e9">
         <name>.cinit:_CurrentDischarge_Low_ADC</name>
         <load_address>0x820c6</load_address>
         <run_address>0x820c6</run_address>
         <size>0x63</size>
         <input_file_ref idref="fl-8"/>
      </object_component>
      <object_component id="oc-2e7">
         <name>.cinit:_CurrentDischarge_Low_REF</name>
         <load_address>0x82129</load_address>
         <run_address>0x82129</run_address>
         <size>0x63</size>
         <input_file_ref idref="fl-8"/>
      </object_component>
      <object_component id="oc-cb">
         <name>.cinit</name>
         <load_address>0x8218c</load_address>
         <run_address>0x8218c</run_address>
         <size>0x4d</size>
         <input_file_ref idref="fl-e"/>
      </object_component>
      <object_component id="oc-f3">
         <name>.cinit</name>
         <load_address>0x821d9</load_address>
         <run_address>0x821d9</run_address>
         <size>0x4b</size>
         <input_file_ref idref="fl-15"/>
      </object_component>
      <object_component id="oc-2f5">
         <name>.cinit:_CurrentCharge_ADC</name>
         <load_address>0x82224</load_address>
         <run_address>0x82224</run_address>
         <size>0x3b</size>
         <input_file_ref idref="fl-8"/>
      </object_component>
      <object_component id="oc-2f3">
         <name>.cinit:_CurrentCharge_REF</name>
         <load_address>0x8225f</load_address>
         <run_address>0x8225f</run_address>
         <size>0x3b</size>
         <input_file_ref idref="fl-8"/>
      </object_component>
      <object_component id="oc-2ed">
         <name>.cinit:_CurrentDischarge_ADC</name>
         <load_address>0x8229a</load_address>
         <run_address>0x8229a</run_address>
         <size>0x3b</size>
         <input_file_ref idref="fl-8"/>
      </object_component>
      <object_component id="oc-2eb">
         <name>.cinit:_CurrentDischarge_REF</name>
         <load_address>0x822d5</load_address>
         <run_address>0x822d5</run_address>
         <size>0x3b</size>
         <input_file_ref idref="fl-8"/>
      </object_component>
      <object_component id="oc-2e5">
         <name>.cinit:_VoltageCharge_ADC</name>
         <load_address>0x82310</load_address>
         <run_address>0x82310</run_address>
         <size>0x33</size>
         <input_file_ref idref="fl-8"/>
      </object_component>
      <object_component id="oc-2fb">
         <name>.cinit:_VoltageCharge_REF</name>
         <load_address>0x82343</load_address>
         <run_address>0x82343</run_address>
         <size>0x33</size>
         <input_file_ref idref="fl-8"/>
      </object_component>
      <object_component id="oc-2e2">
         <name>.cinit:_VoltageDischarge_ADC</name>
         <load_address>0x82376</load_address>
         <run_address>0x82376</run_address>
         <size>0x33</size>
         <input_file_ref idref="fl-8"/>
      </object_component>
      <object_component id="oc-2fd">
         <name>.cinit:_VoltageDischarge_REF</name>
         <load_address>0x823a9</load_address>
         <run_address>0x823a9</run_address>
         <size>0x33</size>
         <input_file_ref idref="fl-8"/>
      </object_component>
      <object_component id="oc-1cc">
         <name>.cinit:_TRIP_SEL</name>
         <load_address>0x823dc</load_address>
         <run_address>0x823dc</run_address>
         <size>0x21</size>
         <input_file_ref idref="fl-32"/>
      </object_component>
      <object_component id="oc-1f6">
         <name>.cinit:_EPWM</name>
         <load_address>0x823fd</load_address>
         <run_address>0x823fd</run_address>
         <size>0x1d</size>
         <input_file_ref idref="fl-32"/>
      </object_component>
      <object_component id="oc-364">
         <name>.cinit:_s_Data$10</name>
         <load_address>0x8241a</load_address>
         <run_address>0x8241a</run_address>
         <size>0x13</size>
         <input_file_ref idref="fl-a"/>
      </object_component>
      <object_component id="oc-316">
         <name>.cinit:_s_Data$11</name>
         <load_address>0x8242d</load_address>
         <run_address>0x8242d</run_address>
         <size>0x13</size>
         <input_file_ref idref="fl-a"/>
      </object_component>
      <object_component id="oc-30d">
         <name>.cinit:_s_Data$6</name>
         <load_address>0x82440</load_address>
         <run_address>0x82440</run_address>
         <size>0x13</size>
         <input_file_ref idref="fl-a"/>
      </object_component>
      <object_component id="oc-314">
         <name>.cinit:_s_Data$9</name>
         <load_address>0x82453</load_address>
         <run_address>0x82453</run_address>
         <size>0x13</size>
         <input_file_ref idref="fl-a"/>
      </object_component>
      <object_component id="oc-1c5">
         <name>.cinit:_ECAP</name>
         <load_address>0x82466</load_address>
         <run_address>0x82466</run_address>
         <size>0x11</size>
         <input_file_ref idref="fl-32"/>
      </object_component>
      <object_component id="oc-282">
         <name>.cinit</name>
         <load_address>0x82477</load_address>
         <run_address>0x82477</run_address>
         <size>0xe</size>
         <input_file_ref idref="fl-5f"/>
      </object_component>
      <object_component id="oc-1eb">
         <name>.cinit:_ADC</name>
         <load_address>0x82485</load_address>
         <run_address>0x82485</run_address>
         <size>0xd</size>
         <input_file_ref idref="fl-32"/>
      </object_component>
      <object_component id="oc-1d1">
         <name>.cinit:_EQEP</name>
         <load_address>0x82492</load_address>
         <run_address>0x82492</run_address>
         <size>0xb</size>
         <input_file_ref idref="fl-32"/>
      </object_component>
      <object_component id="oc-1b3">
         <name>.cinit:_SPI</name>
         <load_address>0x8249d</load_address>
         <run_address>0x8249d</run_address>
         <size>0xb</size>
         <input_file_ref idref="fl-32"/>
      </object_component>
      <object_component id="oc-303">
         <name>.cinit:_s_Data$1</name>
         <load_address>0x824a8</load_address>
         <run_address>0x824a8</run_address>
         <size>0xb</size>
         <input_file_ref idref="fl-a"/>
      </object_component>
      <object_component id="oc-305">
         <name>.cinit:_s_Data$2</name>
         <load_address>0x824b3</load_address>
         <run_address>0x824b3</run_address>
         <size>0xb</size>
         <input_file_ref idref="fl-a"/>
      </object_component>
      <object_component id="oc-307">
         <name>.cinit:_s_Data$3</name>
         <load_address>0x824be</load_address>
         <run_address>0x824be</run_address>
         <size>0xb</size>
         <input_file_ref idref="fl-a"/>
      </object_component>
      <object_component id="oc-309">
         <name>.cinit:_s_Data$4</name>
         <load_address>0x824c9</load_address>
         <run_address>0x824c9</run_address>
         <size>0xb</size>
         <input_file_ref idref="fl-a"/>
      </object_component>
      <object_component id="oc-30b">
         <name>.cinit:_s_Data$5</name>
         <load_address>0x824d4</load_address>
         <run_address>0x824d4</run_address>
         <size>0xb</size>
         <input_file_ref idref="fl-a"/>
      </object_component>
      <object_component id="oc-310">
         <name>.cinit:_s_Data$7</name>
         <load_address>0x824df</load_address>
         <run_address>0x824df</run_address>
         <size>0xb</size>
         <input_file_ref idref="fl-a"/>
      </object_component>
      <object_component id="oc-312">
         <name>.cinit:_s_Data$8</name>
         <load_address>0x824ea</load_address>
         <run_address>0x824ea</run_address>
         <size>0xb</size>
         <input_file_ref idref="fl-a"/>
      </object_component>
      <object_component id="oc-1f1">
         <name>.cinit:_SDFM</name>
         <load_address>0x824f5</load_address>
         <run_address>0x824f5</run_address>
         <size>0x9</size>
         <input_file_ref idref="fl-32"/>
      </object_component>
      <object_component id="oc-91">
         <name>.cinit</name>
         <load_address>0x824fe</load_address>
         <run_address>0x824fe</run_address>
         <size>0x8</size>
         <input_file_ref idref="fl-4"/>
      </object_component>
      <object_component id="oc-98">
         <name>.cinit</name>
         <load_address>0x82506</load_address>
         <run_address>0x82506</run_address>
         <size>0x8</size>
         <input_file_ref idref="fl-5"/>
      </object_component>
      <object_component id="oc-1d5">
         <name>.cinit:_I2C</name>
         <load_address>0x8250e</load_address>
         <run_address>0x8250e</run_address>
         <size>0x7</size>
         <input_file_ref idref="fl-32"/>
      </object_component>
      <object_component id="oc-1db">
         <name>.cinit:_MCBSP</name>
         <load_address>0x82515</load_address>
         <run_address>0x82515</run_address>
         <size>0x7</size>
         <input_file_ref idref="fl-32"/>
      </object_component>
      <object_component id="oc-1ae">
         <name>.cinit:_SCI</name>
         <load_address>0x8251c</load_address>
         <run_address>0x8251c</run_address>
         <size>0x7</size>
         <input_file_ref idref="fl-32"/>
      </object_component>
      <object_component id="oc-2aa">
         <name>.cinit:_AVGCounter</name>
         <load_address>0x82523</load_address>
         <run_address>0x82523</run_address>
         <size>0x5</size>
         <input_file_ref idref="fl-13"/>
      </object_component>
      <object_component id="oc-2ff">
         <name>.cinit:_Current$26</name>
         <load_address>0x82528</load_address>
         <run_address>0x82528</run_address>
         <size>0x5</size>
         <input_file_ref idref="fl-e"/>
      </object_component>
      <object_component id="oc-2a6">
         <name>.cinit:_CurrentAVG</name>
         <load_address>0x8252d</load_address>
         <run_address>0x8252d</run_address>
         <size>0x5</size>
         <input_file_ref idref="fl-13"/>
      </object_component>
      <object_component id="oc-368">
         <name>.cinit:_DataSum$12</name>
         <load_address>0x82532</load_address>
         <run_address>0x82532</run_address>
         <size>0x5</size>
         <input_file_ref idref="fl-7"/>
      </object_component>
      <object_component id="oc-374">
         <name>.cinit:_DataSum$18</name>
         <load_address>0x82537</load_address>
         <run_address>0x82537</run_address>
         <size>0x5</size>
         <input_file_ref idref="fl-7"/>
      </object_component>
      <object_component id="oc-356">
         <name>.cinit:_SettingTime$10</name>
         <load_address>0x8253c</load_address>
         <run_address>0x8253c</run_address>
         <size>0x5</size>
         <input_file_ref idref="fl-e"/>
      </object_component>
      <object_component id="oc-2db">
         <name>.cinit:_ValueTemp$18</name>
         <load_address>0x82541</load_address>
         <run_address>0x82541</run_address>
         <size>0x5</size>
         <input_file_ref idref="fl-e"/>
      </object_component>
      <object_component id="oc-2f7">
         <name>.cinit:_Voltage$24</name>
         <load_address>0x82546</load_address>
         <run_address>0x82546</run_address>
         <size>0x5</size>
         <input_file_ref idref="fl-e"/>
      </object_component>
      <object_component id="oc-2a4">
         <name>.cinit:_VoltageAVG</name>
         <load_address>0x8254b</load_address>
         <run_address>0x8254b</run_address>
         <size>0x5</size>
         <input_file_ref idref="fl-13"/>
      </object_component>
      <object_component id="oc-2a8">
         <name>.cinit:_WattAVG</name>
         <load_address>0x82550</load_address>
         <run_address>0x82550</run_address>
         <size>0x5</size>
         <input_file_ref idref="fl-13"/>
      </object_component>
      <object_component id="oc-2c5">
         <name>.cinit:__lock</name>
         <load_address>0x82555</load_address>
         <run_address>0x82555</run_address>
         <size>0x5</size>
         <input_file_ref idref="fl-60"/>
      </object_component>
      <object_component id="oc-324">
         <name>.cinit:__unlock</name>
         <load_address>0x8255a</load_address>
         <run_address>0x8255a</run_address>
         <size>0x5</size>
         <input_file_ref idref="fl-60"/>
      </object_component>
      <object_component id="oc-301">
         <name>.cinit:_current$27</name>
         <load_address>0x8255f</load_address>
         <run_address>0x8255f</run_address>
         <size>0x5</size>
         <input_file_ref idref="fl-e"/>
      </object_component>
      <object_component id="oc-185">
         <name>.cinit</name>
         <load_address>0x82564</load_address>
         <run_address>0x82564</run_address>
         <size>0x4</size>
         <input_file_ref idref="fl-30"/>
      </object_component>
      <object_component id="oc-85">
         <name>.cinit</name>
         <load_address>0x82568</load_address>
         <run_address>0x82568</run_address>
         <size>0x4</size>
         <input_file_ref idref="fl-2"/>
      </object_component>
      <object_component id="oc-b5">
         <name>.cinit</name>
         <load_address>0x8256c</load_address>
         <run_address>0x8256c</run_address>
         <size>0x4</size>
         <input_file_ref idref="fl-a"/>
      </object_component>
      <object_component id="oc-e4">
         <name>.cinit</name>
         <load_address>0x82570</load_address>
         <run_address>0x82570</run_address>
         <size>0x4</size>
         <input_file_ref idref="fl-13"/>
      </object_component>
      <object_component id="oc-ec">
         <name>.cinit</name>
         <load_address>0x82574</load_address>
         <run_address>0x82574</run_address>
         <size>0x4</size>
         <input_file_ref idref="fl-14"/>
      </object_component>
      <object_component id="oc-29d">
         <name>.cinit:_Bank</name>
         <load_address>0x82578</load_address>
         <run_address>0x82578</run_address>
         <size>0x4</size>
         <input_file_ref idref="fl-13"/>
      </object_component>
      <object_component id="oc-2d0">
         <name>.cinit:_CC_To_CV_Change_Flag$2</name>
         <load_address>0x8257c</load_address>
         <run_address>0x8257c</run_address>
         <size>0x4</size>
         <input_file_ref idref="fl-e"/>
      </object_component>
      <object_component id="oc-366">
         <name>.cinit:_CheckTime$13</name>
         <load_address>0x82580</load_address>
         <run_address>0x82580</run_address>
         <size>0x4</size>
         <input_file_ref idref="fl-7"/>
      </object_component>
      <object_component id="oc-372">
         <name>.cinit:_CheckTime$19</name>
         <load_address>0x82584</load_address>
         <run_address>0x82584</run_address>
         <size>0x4</size>
         <input_file_ref idref="fl-7"/>
      </object_component>
      <object_component id="oc-326">
         <name>.cinit:_CheckTime$1</name>
         <load_address>0x82588</load_address>
         <run_address>0x82588</run_address>
         <size>0x4</size>
         <input_file_ref idref="fl-7"/>
      </object_component>
      <object_component id="oc-338">
         <name>.cinit:_CheckTime$22</name>
         <load_address>0x8258c</load_address>
         <run_address>0x8258c</run_address>
         <size>0x4</size>
         <input_file_ref idref="fl-7"/>
      </object_component>
      <object_component id="oc-33c">
         <name>.cinit:_CheckTime$24</name>
         <load_address>0x82590</load_address>
         <run_address>0x82590</run_address>
         <size>0x4</size>
         <input_file_ref idref="fl-7"/>
      </object_component>
      <object_component id="oc-340">
         <name>.cinit:_CheckTime$26</name>
         <load_address>0x82594</load_address>
         <run_address>0x82594</run_address>
         <size>0x4</size>
         <input_file_ref idref="fl-7"/>
      </object_component>
      <object_component id="oc-344">
         <name>.cinit:_CheckTime$28</name>
         <load_address>0x82598</load_address>
         <run_address>0x82598</run_address>
         <size>0x4</size>
         <input_file_ref idref="fl-7"/>
      </object_component>
      <object_component id="oc-348">
         <name>.cinit:_CheckTime$30</name>
         <load_address>0x8259c</load_address>
         <run_address>0x8259c</run_address>
         <size>0x4</size>
         <input_file_ref idref="fl-7"/>
      </object_component>
      <object_component id="oc-34c">
         <name>.cinit:_CheckTime$32</name>
         <load_address>0x825a0</load_address>
         <run_address>0x825a0</run_address>
         <size>0x4</size>
         <input_file_ref idref="fl-7"/>
      </object_component>
      <object_component id="oc-32c">
         <name>.cinit:_CheckTime$4</name>
         <load_address>0x825a4</load_address>
         <run_address>0x825a4</run_address>
         <size>0x4</size>
         <input_file_ref idref="fl-7"/>
      </object_component>
      <object_component id="oc-332">
         <name>.cinit:_CheckTime$7</name>
         <load_address>0x825a8</load_address>
         <run_address>0x825a8</run_address>
         <size>0x4</size>
         <input_file_ref idref="fl-7"/>
      </object_component>
      <object_component id="oc-370">
         <name>.cinit:_CommandFlagOld$15</name>
         <load_address>0x825ac</load_address>
         <run_address>0x825ac</run_address>
         <size>0x4</size>
         <input_file_ref idref="fl-7"/>
      </object_component>
      <object_component id="oc-37c">
         <name>.cinit:_CommandFlagOld$21</name>
         <load_address>0x825b0</load_address>
         <run_address>0x825b0</run_address>
         <size>0x4</size>
         <input_file_ref idref="fl-7"/>
      </object_component>
      <object_component id="oc-32a">
         <name>.cinit:_CommandFlagOld$3</name>
         <load_address>0x825b4</load_address>
         <run_address>0x825b4</run_address>
         <size>0x4</size>
         <input_file_ref idref="fl-7"/>
      </object_component>
      <object_component id="oc-330">
         <name>.cinit:_CommandFlagOld$6</name>
         <load_address>0x825b8</load_address>
         <run_address>0x825b8</run_address>
         <size>0x4</size>
         <input_file_ref idref="fl-7"/>
      </object_component>
      <object_component id="oc-336">
         <name>.cinit:_CommandFlagOld$9</name>
         <load_address>0x825bc</load_address>
         <run_address>0x825bc</run_address>
         <size>0x4</size>
         <input_file_ref idref="fl-7"/>
      </object_component>
      <object_component id="oc-2a0">
         <name>.cinit:_DataCount</name>
         <load_address>0x825c0</load_address>
         <run_address>0x825c0</run_address>
         <size>0x4</size>
         <input_file_ref idref="fl-13"/>
      </object_component>
      <object_component id="oc-322">
         <name>.cinit:_DataCount_old</name>
         <load_address>0x825c4</load_address>
         <run_address>0x825c4</run_address>
         <size>0x4</size>
         <input_file_ref idref="fl-15"/>
      </object_component>
      <object_component id="oc-2ae">
         <name>.cinit:_EndConditionState</name>
         <load_address>0x825c8</load_address>
         <run_address>0x825c8</run_address>
         <size>0x4</size>
         <input_file_ref idref="fl-13"/>
      </object_component>
      <object_component id="oc-2d7">
         <name>.cinit:_Flag$20</name>
         <load_address>0x825cc</load_address>
         <run_address>0x825cc</run_address>
         <size>0x4</size>
         <input_file_ref idref="fl-e"/>
      </object_component>
      <object_component id="oc-2ca">
         <name>.cinit:_Flag$4</name>
         <load_address>0x825d0</load_address>
         <run_address>0x825d0</run_address>
         <size>0x4</size>
         <input_file_ref idref="fl-e"/>
      </object_component>
      <object_component id="oc-2b3">
         <name>.cinit:_FlagPause</name>
         <load_address>0x825d4</load_address>
         <run_address>0x825d4</run_address>
         <size>0x4</size>
         <input_file_ref idref="fl-13"/>
      </object_component>
      <object_component id="oc-354">
         <name>.cinit:_Index$11</name>
         <load_address>0x825d8</load_address>
         <run_address>0x825d8</run_address>
         <size>0x4</size>
         <input_file_ref idref="fl-e"/>
      </object_component>
      <object_component id="oc-358">
         <name>.cinit:_Index$14</name>
         <load_address>0x825dc</load_address>
         <run_address>0x825dc</run_address>
         <size>0x4</size>
         <input_file_ref idref="fl-e"/>
      </object_component>
      <object_component id="oc-360">
         <name>.cinit:_Index$17</name>
         <load_address>0x825e0</load_address>
         <run_address>0x825e0</run_address>
         <size>0x4</size>
         <input_file_ref idref="fl-e"/>
      </object_component>
      <object_component id="oc-2e0">
         <name>.cinit:_Index$21</name>
         <load_address>0x825e4</load_address>
         <run_address>0x825e4</run_address>
         <size>0x4</size>
         <input_file_ref idref="fl-e"/>
      </object_component>
      <object_component id="oc-2f9">
         <name>.cinit:_Index$25</name>
         <load_address>0x825e8</load_address>
         <run_address>0x825e8</run_address>
         <size>0x4</size>
         <input_file_ref idref="fl-e"/>
      </object_component>
      <object_component id="oc-2cc">
         <name>.cinit:_Index$5</name>
         <load_address>0x825ec</load_address>
         <run_address>0x825ec</run_address>
         <size>0x4</size>
         <input_file_ref idref="fl-e"/>
      </object_component>
      <object_component id="oc-350">
         <name>.cinit:_Index$9</name>
         <load_address>0x825f0</load_address>
         <run_address>0x825f0</run_address>
         <size>0x4</size>
         <input_file_ref idref="fl-e"/>
      </object_component>
      <object_component id="oc-36a">
         <name>.cinit:_MovingCounter$10</name>
         <load_address>0x825f4</load_address>
         <run_address>0x825f4</run_address>
         <size>0x4</size>
         <input_file_ref idref="fl-7"/>
      </object_component>
      <object_component id="oc-376">
         <name>.cinit:_MovingCounter$16</name>
         <load_address>0x825f8</load_address>
         <run_address>0x825f8</run_address>
         <size>0x4</size>
         <input_file_ref idref="fl-7"/>
      </object_component>
      <object_component id="oc-36c">
         <name>.cinit:_MovingStartFlag$11</name>
         <load_address>0x825fc</load_address>
         <run_address>0x825fc</run_address>
         <size>0x4</size>
         <input_file_ref idref="fl-7"/>
      </object_component>
      <object_component id="oc-378">
         <name>.cinit:_MovingStartFlag$17</name>
         <load_address>0x82600</load_address>
         <run_address>0x82600</run_address>
         <size>0x4</size>
         <input_file_ref idref="fl-7"/>
      </object_component>
      <object_component id="oc-2d9">
         <name>.cinit:_ReaultTemp$19</name>
         <load_address>0x82604</load_address>
         <run_address>0x82604</run_address>
         <size>0x4</size>
         <input_file_ref idref="fl-e"/>
      </object_component>
      <object_component id="oc-35a">
         <name>.cinit:_RiseFallTime$12</name>
         <load_address>0x82608</load_address>
         <run_address>0x82608</run_address>
         <size>0x4</size>
         <input_file_ref idref="fl-e"/>
      </object_component>
      <object_component id="oc-35e">
         <name>.cinit:_RiseFallTime$15</name>
         <load_address>0x8260c</load_address>
         <run_address>0x8260c</run_address>
         <size>0x4</size>
         <input_file_ref idref="fl-e"/>
      </object_component>
      <object_component id="oc-2b1">
         <name>.cinit:_SaveCOMMAND</name>
         <load_address>0x82610</load_address>
         <run_address>0x82610</run_address>
         <size>0x4</size>
         <input_file_ref idref="fl-13"/>
      </object_component>
      <object_component id="oc-36e">
         <name>.cinit:_SetTime$14</name>
         <load_address>0x82614</load_address>
         <run_address>0x82614</run_address>
         <size>0x4</size>
         <input_file_ref idref="fl-7"/>
      </object_component>
      <object_component id="oc-37a">
         <name>.cinit:_SetTime$20</name>
         <load_address>0x82618</load_address>
         <run_address>0x82618</run_address>
         <size>0x4</size>
         <input_file_ref idref="fl-7"/>
      </object_component>
      <object_component id="oc-33a">
         <name>.cinit:_SetTime$23</name>
         <load_address>0x8261c</load_address>
         <run_address>0x8261c</run_address>
         <size>0x4</size>
         <input_file_ref idref="fl-7"/>
      </object_component>
      <object_component id="oc-33e">
         <name>.cinit:_SetTime$25</name>
         <load_address>0x82620</load_address>
         <run_address>0x82620</run_address>
         <size>0x4</size>
         <input_file_ref idref="fl-7"/>
      </object_component>
      <object_component id="oc-342">
         <name>.cinit:_SetTime$27</name>
         <load_address>0x82624</load_address>
         <run_address>0x82624</run_address>
         <size>0x4</size>
         <input_file_ref idref="fl-7"/>
      </object_component>
      <object_component id="oc-346">
         <name>.cinit:_SetTime$29</name>
         <load_address>0x82628</load_address>
         <run_address>0x82628</run_address>
         <size>0x4</size>
         <input_file_ref idref="fl-7"/>
      </object_component>
      <object_component id="oc-328">
         <name>.cinit:_SetTime$2</name>
         <load_address>0x8262c</load_address>
         <run_address>0x8262c</run_address>
         <size>0x4</size>
         <input_file_ref idref="fl-7"/>
      </object_component>
      <object_component id="oc-34a">
         <name>.cinit:_SetTime$31</name>
         <load_address>0x82630</load_address>
         <run_address>0x82630</run_address>
         <size>0x4</size>
         <input_file_ref idref="fl-7"/>
      </object_component>
      <object_component id="oc-34e">
         <name>.cinit:_SetTime$33</name>
         <load_address>0x82634</load_address>
         <run_address>0x82634</run_address>
         <size>0x4</size>
         <input_file_ref idref="fl-7"/>
      </object_component>
      <object_component id="oc-32e">
         <name>.cinit:_SetTime$5</name>
         <load_address>0x82638</load_address>
         <run_address>0x82638</run_address>
         <size>0x4</size>
         <input_file_ref idref="fl-7"/>
      </object_component>
      <object_component id="oc-334">
         <name>.cinit:_SetTime$8</name>
         <load_address>0x8263c</load_address>
         <run_address>0x8263c</run_address>
         <size>0x4</size>
         <input_file_ref idref="fl-7"/>
      </object_component>
      <object_component id="oc-35c">
         <name>.cinit:_SettingTime$13</name>
         <load_address>0x82640</load_address>
         <run_address>0x82640</run_address>
         <size>0x4</size>
         <input_file_ref idref="fl-e"/>
      </object_component>
      <object_component id="oc-362">
         <name>.cinit:_SettingTime$16</name>
         <load_address>0x82644</load_address>
         <run_address>0x82644</run_address>
         <size>0x4</size>
         <input_file_ref idref="fl-e"/>
      </object_component>
      <object_component id="oc-2ce">
         <name>.cinit:_SettingTime$3</name>
         <load_address>0x82648</load_address>
         <run_address>0x82648</run_address>
         <size>0x4</size>
         <input_file_ref idref="fl-e"/>
      </object_component>
      <object_component id="oc-352">
         <name>.cinit:_SettingTime$8</name>
         <load_address>0x8264c</load_address>
         <run_address>0x8264c</run_address>
         <size>0x4</size>
         <input_file_ref idref="fl-e"/>
      </object_component>
      <object_component id="oc-2b5">
         <name>.cinit:_UpdateFlagStepEnd</name>
         <load_address>0x82650</load_address>
         <run_address>0x82650</run_address>
         <size>0x4</size>
         <input_file_ref idref="fl-13"/>
      </object_component>
      <object_component id="oc-2ac">
         <name>.cinit:_UpdateFlagStepStart</name>
         <load_address>0x82654</load_address>
         <run_address>0x82654</run_address>
         <size>0x4</size>
         <input_file_ref idref="fl-13"/>
      </object_component>
      <object_component id="oc-2d4">
         <name>.cinit:_error_time$7</name>
         <load_address>0x82658</load_address>
         <run_address>0x82658</run_address>
         <size>0x4</size>
         <input_file_ref idref="fl-e"/>
      </object_component>
      <object_component id="oc-2c7">
         <name>.cinit:_old_Command$1</name>
         <load_address>0x8265c</load_address>
         <run_address>0x8265c</run_address>
         <size>0x4</size>
         <input_file_ref idref="fl-e"/>
      </object_component>
      <object_component id="oc-2d2">
         <name>.cinit:_sensing_stable_count$6</name>
         <load_address>0x82660</load_address>
         <run_address>0x82660</run_address>
         <size>0x4</size>
         <input_file_ref idref="fl-e"/>
      </object_component>
      <object_component id="oc-117">
         <name>.text:retain</name>
         <load_address>0x82668</load_address>
         <run_address>0x82668</run_address>
         <size>0x585</size>
         <input_file_ref idref="fl-1b"/>
      </object_component>
      <object_component id="oc-31a">
         <name>.text</name>
         <load_address>0x82bed</load_address>
         <run_address>0x82bed</run_address>
         <size>0x3df</size>
         <input_file_ref idref="fl-d"/>
      </object_component>
      <object_component id="oc-2d5">
         <name>.text</name>
         <load_address>0x82fcc</load_address>
         <run_address>0x82fcc</run_address>
         <size>0x3de</size>
         <input_file_ref idref="fl-e"/>
      </object_component>
      <object_component id="oc-2dd">
         <name>.text</name>
         <load_address>0x833aa</load_address>
         <run_address>0x833aa</run_address>
         <size>0x2b2</size>
         <input_file_ref idref="fl-7"/>
      </object_component>
      <object_component id="oc-319">
         <name>.text</name>
         <load_address>0x8365c</load_address>
         <run_address>0x8365c</run_address>
         <size>0x24e</size>
         <input_file_ref idref="fl-34"/>
      </object_component>
      <object_component id="oc-38a">
         <name>.text</name>
         <load_address>0x838aa</load_address>
         <run_address>0x838aa</run_address>
         <size>0x244</size>
         <input_file_ref idref="fl-21"/>
      </object_component>
      <object_component id="oc-383">
         <name>.text:_SysCtl_setClock</name>
         <load_address>0x83aee</load_address>
         <run_address>0x83aee</run_address>
         <size>0x221</size>
         <input_file_ref idref="fl-45"/>
      </object_component>
      <object_component id="oc-31c">
         <name>.text</name>
         <load_address>0x83d0f</load_address>
         <run_address>0x83d0f</run_address>
         <size>0x1d9</size>
         <input_file_ref idref="fl-6"/>
      </object_component>
      <object_component id="oc-30e">
         <name>.text</name>
         <load_address>0x83ee8</load_address>
         <run_address>0x83ee8</run_address>
         <size>0x113</size>
         <input_file_ref idref="fl-2"/>
      </object_component>
      <object_component id="oc-111">
         <name>.text</name>
         <load_address>0x83ffb</load_address>
         <run_address>0x83ffb</run_address>
         <size>0x3</size>
         <input_file_ref idref="fl-1a"/>
      </object_component>
      <object_component id="oc-38f">
         <name>.text:_Interrupt_illegalOperationHandler</name>
         <load_address>0x83ffe</load_address>
         <run_address>0x83ffe</run_address>
         <size>0x2</size>
         <input_file_ref idref="fl-42"/>
      </object_component>
      <object_component id="oc-31b">
         <name>.text</name>
         <load_address>0x84000</load_address>
         <run_address>0x84000</run_address>
         <size>0x1ab</size>
         <input_file_ref idref="fl-c"/>
      </object_component>
      <object_component id="oc-2c3">
         <name>.text</name>
         <load_address>0x841ab</load_address>
         <run_address>0x841ab</run_address>
         <size>0x17f</size>
         <input_file_ref idref="fl-15"/>
      </object_component>
      <object_component id="oc-263">
         <name>.text</name>
         <load_address>0x8432a</load_address>
         <run_address>0x8432a</run_address>
         <size>0x107</size>
         <input_file_ref idref="fl-59"/>
      </object_component>
      <object_component id="oc-2b8">
         <name>.text</name>
         <load_address>0x84431</load_address>
         <run_address>0x84431</run_address>
         <size>0xd4</size>
         <input_file_ref idref="fl-13"/>
      </object_component>
      <object_component id="oc-240">
         <name>.text</name>
         <load_address>0x84505</load_address>
         <run_address>0x84505</run_address>
         <size>0x9c</size>
         <input_file_ref idref="fl-52"/>
      </object_component>
      <object_component id="oc-38b">
         <name>.text:_ADC_setMode</name>
         <load_address>0x845a1</load_address>
         <run_address>0x845a1</run_address>
         <size>0x9a</size>
         <input_file_ref idref="fl-3e"/>
      </object_component>
      <object_component id="oc-254">
         <name>.text</name>
         <load_address>0x8463b</load_address>
         <run_address>0x8463b</run_address>
         <size>0x88</size>
         <input_file_ref idref="fl-56"/>
      </object_component>
      <object_component id="oc-24a">
         <name>.text</name>
         <load_address>0x846c3</load_address>
         <run_address>0x846c3</run_address>
         <size>0x83</size>
         <input_file_ref idref="fl-54"/>
      </object_component>
      <object_component id="oc-317">
         <name>.text</name>
         <load_address>0x84746</load_address>
         <run_address>0x84746</run_address>
         <size>0x73</size>
         <input_file_ref idref="fl-3"/>
      </object_component>
      <object_component id="oc-2dc">
         <name>.text</name>
         <load_address>0x847b9</load_address>
         <run_address>0x847b9</run_address>
         <size>0x6f</size>
         <input_file_ref idref="fl-a"/>
      </object_component>
      <object_component id="oc-fb">
         <name>.text</name>
         <load_address>0x84828</load_address>
         <run_address>0x84828</run_address>
         <size>0x5d</size>
         <input_file_ref idref="fl-16"/>
      </object_component>
      <object_component id="oc-83">
         <name>.text</name>
         <load_address>0x84885</load_address>
         <run_address>0x84885</run_address>
         <size>0x56</size>
         <input_file_ref idref="fl-51"/>
      </object_component>
      <object_component id="oc-31e">
         <name>.text:_Interrupt_initModule</name>
         <load_address>0x848db</load_address>
         <run_address>0x848db</run_address>
         <size>0x54</size>
         <input_file_ref idref="fl-42"/>
      </object_component>
      <object_component id="oc-388">
         <name>.text:_GPIO_setPadConfig</name>
         <load_address>0x8492f</load_address>
         <run_address>0x8492f</run_address>
         <size>0x52</size>
         <input_file_ref idref="fl-41"/>
      </object_component>
      <object_component id="oc-39e">
         <name>.text:_SysCtl_selectOscSource</name>
         <load_address>0x84981</load_address>
         <run_address>0x84981</run_address>
         <size>0x4d</size>
         <input_file_ref idref="fl-45"/>
      </object_component>
      <object_component id="oc-386">
         <name>.text:_GPIO_setPinConfig</name>
         <load_address>0x849ce</load_address>
         <run_address>0x849ce</run_address>
         <size>0x3d</size>
         <input_file_ref idref="fl-41"/>
      </object_component>
      <object_component id="oc-385">
         <name>.text:_GPIO_setMasterCore</name>
         <load_address>0x84a0b</load_address>
         <run_address>0x84a0b</run_address>
         <size>0x38</size>
         <input_file_ref idref="fl-41"/>
      </object_component>
      <object_component id="oc-389">
         <name>.text:_GPIO_setQualificationMode</name>
         <load_address>0x84a43</load_address>
         <run_address>0x84a43</run_address>
         <size>0x38</size>
         <input_file_ref idref="fl-41"/>
      </object_component>
      <object_component id="oc-320">
         <name>.text:_Interrupt_enable</name>
         <load_address>0x84a7b</load_address>
         <run_address>0x84a7b</run_address>
         <size>0x33</size>
         <input_file_ref idref="fl-42"/>
      </object_component>
      <object_component id="oc-387">
         <name>.text:_GPIO_setDirectionMode</name>
         <load_address>0x84aae</load_address>
         <run_address>0x84aae</run_address>
         <size>0x31</size>
         <input_file_ref idref="fl-41"/>
      </object_component>
      <object_component id="oc-245">
         <name>.text</name>
         <load_address>0x84adf</load_address>
         <run_address>0x84adf</run_address>
         <size>0x2a</size>
         <input_file_ref idref="fl-53"/>
      </object_component>
      <object_component id="oc-394">
         <name>.text:_Flash_setBankPowerUpDelay</name>
         <load_address>0x84b09</load_address>
         <run_address>0x84b09</run_address>
         <size>0x29</size>
         <input_file_ref idref="fl-40"/>
      </object_component>
      <object_component id="oc-29b">
         <name>.text</name>
         <load_address>0x84b32</load_address>
         <run_address>0x84b32</run_address>
         <size>0x29</size>
         <input_file_ref idref="fl-5f"/>
      </object_component>
      <object_component id="oc-384">
         <name>.text:_MemCfg_setGSRAMMasterSel</name>
         <load_address>0x84b5b</load_address>
         <run_address>0x84b5b</run_address>
         <size>0x26</size>
         <input_file_ref idref="fl-43"/>
      </object_component>
      <object_component id="oc-298">
         <name>.text</name>
         <load_address>0x84b81</load_address>
         <run_address>0x84b81</run_address>
         <size>0x24</size>
         <input_file_ref idref="fl-5b"/>
      </object_component>
      <object_component id="oc-31f">
         <name>.text:_Interrupt_initVectorTable</name>
         <load_address>0x84ba5</load_address>
         <run_address>0x84ba5</run_address>
         <size>0x20</size>
         <input_file_ref idref="fl-42"/>
      </object_component>
      <object_component id="oc-25e">
         <name>.text</name>
         <load_address>0x84bc5</load_address>
         <run_address>0x84bc5</run_address>
         <size>0x1e</size>
         <input_file_ref idref="fl-58"/>
      </object_component>
      <object_component id="oc-2b6">
         <name>.text</name>
         <load_address>0x84be3</load_address>
         <run_address>0x84be3</run_address>
         <size>0x1d</size>
         <input_file_ref idref="fl-5c"/>
      </object_component>
      <object_component id="oc-268">
         <name>.text</name>
         <load_address>0x84c00</load_address>
         <run_address>0x84c00</run_address>
         <size>0x1c</size>
         <input_file_ref idref="fl-5a"/>
      </object_component>
      <object_component id="oc-24f">
         <name>.text</name>
         <load_address>0x84c1c</load_address>
         <run_address>0x84c1c</run_address>
         <size>0x1b</size>
         <input_file_ref idref="fl-55"/>
      </object_component>
      <object_component id="oc-381">
         <name>.text:_CPUTimer_isBaseValid</name>
         <load_address>0x84c37</load_address>
         <run_address>0x84c37</run_address>
         <size>0x1a</size>
         <input_file_ref idref="fl-3f"/>
      </object_component>
      <object_component id="oc-29a">
         <name>.text</name>
         <load_address>0x84c51</load_address>
         <run_address>0x84c51</run_address>
         <size>0x19</size>
         <input_file_ref idref="fl-61"/>
      </object_component>
      <object_component id="oc-259">
         <name>.text</name>
         <load_address>0x84c6a</load_address>
         <run_address>0x84c6a</run_address>
         <size>0x18</size>
         <input_file_ref idref="fl-57"/>
      </object_component>
      <object_component id="oc-318">
         <name>.text:_CPUTimer_setEmulationMode</name>
         <load_address>0x84c82</load_address>
         <run_address>0x84c82</run_address>
         <size>0x13</size>
         <input_file_ref idref="fl-3f"/>
      </object_component>
      <object_component id="oc-392">
         <name>.text:_Flash_isCtrlBaseValid</name>
         <load_address>0x84c95</load_address>
         <run_address>0x84c95</run_address>
         <size>0x10</size>
         <input_file_ref idref="fl-40"/>
      </object_component>
      <object_component id="oc-393">
         <name>.text:_Flash_isECCBaseValid</name>
         <load_address>0x84ca5</load_address>
         <run_address>0x84ca5</run_address>
         <size>0x10</size>
         <input_file_ref idref="fl-40"/>
      </object_component>
      <object_component id="oc-3a0">
         <name>.text:_GPIO_isPinValid</name>
         <load_address>0x84cb5</load_address>
         <run_address>0x84cb5</run_address>
         <size>0xe</size>
         <input_file_ref idref="fl-41"/>
      </object_component>
      <object_component id="oc-38d">
         <name>.text:_Interrupt_defaultHandler</name>
         <load_address>0x84cc3</load_address>
         <run_address>0x84cc3</run_address>
         <size>0xe</size>
         <input_file_ref idref="fl-42"/>
      </object_component>
      <object_component id="oc-31d">
         <name>.text</name>
         <load_address>0x84cd1</load_address>
         <run_address>0x84cd1</run_address>
         <size>0xd</size>
         <input_file_ref idref="fl-5"/>
      </object_component>
      <object_component id="oc-38c">
         <name>.text:_Interrupt_disableMaster</name>
         <load_address>0x84cde</load_address>
         <run_address>0x84cde</run_address>
         <size>0xd</size>
         <input_file_ref idref="fl-42"/>
      </object_component>
      <object_component id="oc-390">
         <name>.text:_Interrupt_enableMaster</name>
         <load_address>0x84ceb</load_address>
         <run_address>0x84ceb</run_address>
         <size>0xd</size>
         <input_file_ref idref="fl-42"/>
      </object_component>
      <object_component id="oc-39d">
         <name>.text:_SysCtl_isMCDClockFailureDetected</name>
         <load_address>0x84cf8</load_address>
         <run_address>0x84cf8</run_address>
         <size>0xb</size>
         <input_file_ref idref="fl-45"/>
      </object_component>
      <object_component id="oc-39f">
         <name>.text:_SysCtl_serviceWatchdog</name>
         <load_address>0x84d03</load_address>
         <run_address>0x84d03</run_address>
         <size>0x9</size>
         <input_file_ref idref="fl-45"/>
      </object_component>
      <object_component id="oc-323">
         <name>.text</name>
         <load_address>0x84d0c</load_address>
         <run_address>0x84d0c</run_address>
         <size>0x9</size>
         <input_file_ref idref="fl-60"/>
      </object_component>
      <object_component id="oc-105">
         <name>.text</name>
         <load_address>0x84d15</load_address>
         <run_address>0x84d15</run_address>
         <size>0x8</size>
         <input_file_ref idref="fl-18"/>
      </object_component>
      <object_component id="oc-38e">
         <name>.text:_Interrupt_nmiHandler</name>
         <load_address>0x84d1d</load_address>
         <run_address>0x84d1d</run_address>
         <size>0x2</size>
         <input_file_ref idref="fl-42"/>
      </object_component>
      <object_component id="oc-297">
         <name>.text</name>
         <load_address>0x84d1f</load_address>
         <run_address>0x84d1f</run_address>
         <size>0x2</size>
         <input_file_ref idref="fl-5d"/>
      </object_component>
      <object_component id="oc-299">
         <name>.text</name>
         <load_address>0x84d21</load_address>
         <run_address>0x84d21</run_address>
         <size>0x1</size>
         <input_file_ref idref="fl-5e"/>
      </object_component>
      <object_component id="oc-106">
         <name>codestart</name>
         <load_address>0x80000</load_address>
         <run_address>0x80000</run_address>
         <size>0x2</size>
         <input_file_ref idref="fl-18"/>
      </object_component>
      <object_component id="oc-23a">
         <name>.stack</name>
         <uninitialized>true</uninitialized>
         <run_address>0x122</run_address>
         <size>0x0</size>
         <input_file_ref idref="fl-51"/>
      </object_component>
      <object_component id="oc-429">
         <name>.stack</name>
         <uninitialized>true</uninitialized>
         <run_address>0x122</run_address>
         <size>0x0</size>
      </object_component>
      <object_component id="oc-86">
         <name>.ebss</name>
         <uninitialized>true</uninitialized>
         <run_address>0x123c4</run_address>
         <size>0x1</size>
         <input_file_ref idref="fl-2"/>
      </object_component>
      <object_component id="oc-92">
         <name>.ebss</name>
         <uninitialized>true</uninitialized>
         <run_address>0x1187e</run_address>
         <size>0x2</size>
         <input_file_ref idref="fl-4"/>
      </object_component>
      <object_component id="oc-99">
         <name>.ebss</name>
         <uninitialized>true</uninitialized>
         <run_address>0x11f7e</run_address>
         <size>0x2</size>
         <input_file_ref idref="fl-5"/>
      </object_component>
      <object_component id="oc-325">
         <name>.ebss:_CheckTime$1</name>
         <uninitialized>true</uninitialized>
         <run_address>0x122dc</run_address>
         <size>0x4</size>
         <input_file_ref idref="fl-7"/>
      </object_component>
      <object_component id="oc-327">
         <name>.ebss:_SetTime$2</name>
         <uninitialized>true</uninitialized>
         <run_address>0x1238c</run_address>
         <size>0x4</size>
         <input_file_ref idref="fl-7"/>
      </object_component>
      <object_component id="oc-329">
         <name>.ebss:_CommandFlagOld$3</name>
         <uninitialized>true</uninitialized>
         <run_address>0x12308</run_address>
         <size>0x4</size>
         <input_file_ref idref="fl-7"/>
      </object_component>
      <object_component id="oc-32b">
         <name>.ebss:_CheckTime$4</name>
         <uninitialized>true</uninitialized>
         <run_address>0x122f8</run_address>
         <size>0x4</size>
         <input_file_ref idref="fl-7"/>
      </object_component>
      <object_component id="oc-32d">
         <name>.ebss:_SetTime$5</name>
         <uninitialized>true</uninitialized>
         <run_address>0x12398</run_address>
         <size>0x4</size>
         <input_file_ref idref="fl-7"/>
      </object_component>
      <object_component id="oc-32f">
         <name>.ebss:_CommandFlagOld$6</name>
         <uninitialized>true</uninitialized>
         <run_address>0x1230c</run_address>
         <size>0x4</size>
         <input_file_ref idref="fl-7"/>
      </object_component>
      <object_component id="oc-331">
         <name>.ebss:_CheckTime$7</name>
         <uninitialized>true</uninitialized>
         <run_address>0x122fc</run_address>
         <size>0x4</size>
         <input_file_ref idref="fl-7"/>
      </object_component>
      <object_component id="oc-333">
         <name>.ebss:_SetTime$8</name>
         <uninitialized>true</uninitialized>
         <run_address>0x1239c</run_address>
         <size>0x4</size>
         <input_file_ref idref="fl-7"/>
      </object_component>
      <object_component id="oc-335">
         <name>.ebss:_CommandFlagOld$9</name>
         <uninitialized>true</uninitialized>
         <run_address>0x12310</run_address>
         <size>0x4</size>
         <input_file_ref idref="fl-7"/>
      </object_component>
      <object_component id="oc-369">
         <name>.ebss:_MovingCounter$10</name>
         <uninitialized>true</uninitialized>
         <run_address>0x12350</run_address>
         <size>0x4</size>
         <input_file_ref idref="fl-7"/>
      </object_component>
      <object_component id="oc-36b">
         <name>.ebss:_MovingStartFlag$11</name>
         <uninitialized>true</uninitialized>
         <run_address>0x12358</run_address>
         <size>0x4</size>
         <input_file_ref idref="fl-7"/>
      </object_component>
      <object_component id="oc-365">
         <name>.ebss:_CheckTime$13</name>
         <uninitialized>true</uninitialized>
         <run_address>0x122d4</run_address>
         <size>0x4</size>
         <input_file_ref idref="fl-7"/>
      </object_component>
      <object_component id="oc-36d">
         <name>.ebss:_SetTime$14</name>
         <uninitialized>true</uninitialized>
         <run_address>0x12374</run_address>
         <size>0x4</size>
         <input_file_ref idref="fl-7"/>
      </object_component>
      <object_component id="oc-36f">
         <name>.ebss:_CommandFlagOld$15</name>
         <uninitialized>true</uninitialized>
         <run_address>0x12300</run_address>
         <size>0x4</size>
         <input_file_ref idref="fl-7"/>
      </object_component>
      <object_component id="oc-375">
         <name>.ebss:_MovingCounter$16</name>
         <uninitialized>true</uninitialized>
         <run_address>0x12354</run_address>
         <size>0x4</size>
         <input_file_ref idref="fl-7"/>
      </object_component>
      <object_component id="oc-377">
         <name>.ebss:_MovingStartFlag$17</name>
         <uninitialized>true</uninitialized>
         <run_address>0x1235c</run_address>
         <size>0x4</size>
         <input_file_ref idref="fl-7"/>
      </object_component>
      <object_component id="oc-371">
         <name>.ebss:_CheckTime$19</name>
         <uninitialized>true</uninitialized>
         <run_address>0x122d8</run_address>
         <size>0x4</size>
         <input_file_ref idref="fl-7"/>
      </object_component>
      <object_component id="oc-379">
         <name>.ebss:_SetTime$20</name>
         <uninitialized>true</uninitialized>
         <run_address>0x12378</run_address>
         <size>0x4</size>
         <input_file_ref idref="fl-7"/>
      </object_component>
      <object_component id="oc-37b">
         <name>.ebss:_CommandFlagOld$21</name>
         <uninitialized>true</uninitialized>
         <run_address>0x12304</run_address>
         <size>0x4</size>
         <input_file_ref idref="fl-7"/>
      </object_component>
      <object_component id="oc-337">
         <name>.ebss:_CheckTime$22</name>
         <uninitialized>true</uninitialized>
         <run_address>0x122e0</run_address>
         <size>0x4</size>
         <input_file_ref idref="fl-7"/>
      </object_component>
      <object_component id="oc-339">
         <name>.ebss:_SetTime$23</name>
         <uninitialized>true</uninitialized>
         <run_address>0x1237c</run_address>
         <size>0x4</size>
         <input_file_ref idref="fl-7"/>
      </object_component>
      <object_component id="oc-33b">
         <name>.ebss:_CheckTime$24</name>
         <uninitialized>true</uninitialized>
         <run_address>0x122e4</run_address>
         <size>0x4</size>
         <input_file_ref idref="fl-7"/>
      </object_component>
      <object_component id="oc-33d">
         <name>.ebss:_SetTime$25</name>
         <uninitialized>true</uninitialized>
         <run_address>0x12380</run_address>
         <size>0x4</size>
         <input_file_ref idref="fl-7"/>
      </object_component>
      <object_component id="oc-33f">
         <name>.ebss:_CheckTime$26</name>
         <uninitialized>true</uninitialized>
         <run_address>0x122e8</run_address>
         <size>0x4</size>
         <input_file_ref idref="fl-7"/>
      </object_component>
      <object_component id="oc-341">
         <name>.ebss:_SetTime$27</name>
         <uninitialized>true</uninitialized>
         <run_address>0x12384</run_address>
         <size>0x4</size>
         <input_file_ref idref="fl-7"/>
      </object_component>
      <object_component id="oc-343">
         <name>.ebss:_CheckTime$28</name>
         <uninitialized>true</uninitialized>
         <run_address>0x122ec</run_address>
         <size>0x4</size>
         <input_file_ref idref="fl-7"/>
      </object_component>
      <object_component id="oc-345">
         <name>.ebss:_SetTime$29</name>
         <uninitialized>true</uninitialized>
         <run_address>0x12388</run_address>
         <size>0x4</size>
         <input_file_ref idref="fl-7"/>
      </object_component>
      <object_component id="oc-347">
         <name>.ebss:_CheckTime$30</name>
         <uninitialized>true</uninitialized>
         <run_address>0x122f0</run_address>
         <size>0x4</size>
         <input_file_ref idref="fl-7"/>
      </object_component>
      <object_component id="oc-349">
         <name>.ebss:_SetTime$31</name>
         <uninitialized>true</uninitialized>
         <run_address>0x12390</run_address>
         <size>0x4</size>
         <input_file_ref idref="fl-7"/>
      </object_component>
      <object_component id="oc-34b">
         <name>.ebss:_CheckTime$32</name>
         <uninitialized>true</uninitialized>
         <run_address>0x122f4</run_address>
         <size>0x4</size>
         <input_file_ref idref="fl-7"/>
      </object_component>
      <object_component id="oc-34d">
         <name>.ebss:_SetTime$33</name>
         <uninitialized>true</uninitialized>
         <run_address>0x12394</run_address>
         <size>0x4</size>
         <input_file_ref idref="fl-7"/>
      </object_component>
      <object_component id="oc-367">
         <name>.ebss:_DataSum$12</name>
         <uninitialized>true</uninitialized>
         <run_address>0x12230</run_address>
         <size>0x8</size>
         <input_file_ref idref="fl-7"/>
      </object_component>
      <object_component id="oc-373">
         <name>.ebss:_DataSum$18</name>
         <uninitialized>true</uninitialized>
         <run_address>0x12238</run_address>
         <size>0x8</size>
         <input_file_ref idref="fl-7"/>
      </object_component>
      <object_component id="oc-2fa">
         <name>.ebss:_VoltageCharge_REF</name>
         <uninitialized>true</uninitialized>
         <run_address>0x12140</run_address>
         <size>0x30</size>
         <input_file_ref idref="fl-8"/>
      </object_component>
      <object_component id="oc-2fc">
         <name>.ebss:_VoltageDischarge_REF</name>
         <uninitialized>true</uninitialized>
         <run_address>0x121c0</run_address>
         <size>0x30</size>
         <input_file_ref idref="fl-8"/>
      </object_component>
      <object_component id="oc-2e4">
         <name>.ebss:_VoltageCharge_ADC</name>
         <uninitialized>true</uninitialized>
         <run_address>0x1184e</run_address>
         <size>0x30</size>
         <input_file_ref idref="fl-8"/>
      </object_component>
      <object_component id="oc-2e1">
         <name>.ebss:_VoltageDischarge_ADC</name>
         <uninitialized>true</uninitialized>
         <run_address>0x12180</run_address>
         <size>0x30</size>
         <input_file_ref idref="fl-8"/>
      </object_component>
      <object_component id="oc-2f2">
         <name>.ebss:_CurrentCharge_REF</name>
         <uninitialized>true</uninitialized>
         <run_address>0x12080</run_address>
         <size>0x38</size>
         <input_file_ref idref="fl-8"/>
      </object_component>
      <object_component id="oc-2ea">
         <name>.ebss:_CurrentDischarge_REF</name>
         <uninitialized>true</uninitialized>
         <run_address>0x12100</run_address>
         <size>0x38</size>
         <input_file_ref idref="fl-8"/>
      </object_component>
      <object_component id="oc-2f4">
         <name>.ebss:_CurrentCharge_ADC</name>
         <uninitialized>true</uninitialized>
         <run_address>0x11e48</run_address>
         <size>0x38</size>
         <input_file_ref idref="fl-8"/>
      </object_component>
      <object_component id="oc-2ec">
         <name>.ebss:_CurrentDischarge_ADC</name>
         <uninitialized>true</uninitialized>
         <run_address>0x120c0</run_address>
         <size>0x38</size>
         <input_file_ref idref="fl-8"/>
      </object_component>
      <object_component id="oc-2ee">
         <name>.ebss:_CurrentCharge_Low_REF</name>
         <uninitialized>true</uninitialized>
         <run_address>0x11f00</run_address>
         <size>0x60</size>
         <input_file_ref idref="fl-8"/>
      </object_component>
      <object_component id="oc-2e6">
         <name>.ebss:_CurrentDischarge_Low_REF</name>
         <uninitialized>true</uninitialized>
         <run_address>0x12000</run_address>
         <size>0x60</size>
         <input_file_ref idref="fl-8"/>
      </object_component>
      <object_component id="oc-2f0">
         <name>.ebss:_CurrentCharge_Low_ADC</name>
         <uninitialized>true</uninitialized>
         <run_address>0x11e80</run_address>
         <size>0x60</size>
         <input_file_ref idref="fl-8"/>
      </object_component>
      <object_component id="oc-2e8">
         <name>.ebss:_CurrentDischarge_Low_ADC</name>
         <uninitialized>true</uninitialized>
         <run_address>0x11f80</run_address>
         <size>0x60</size>
         <input_file_ref idref="fl-8"/>
      </object_component>
      <object_component id="oc-ae">
         <name>.ebss</name>
         <uninitialized>true</uninitialized>
         <run_address>0x11ee0</run_address>
         <size>0x1f</size>
         <input_file_ref idref="fl-9"/>
      </object_component>
      <object_component id="oc-2af">
         <name>.ebss:_s_DATA</name>
         <uninitialized>true</uninitialized>
         <run_address>0x9000</run_address>
         <size>0x76f0</size>
         <input_file_ref idref="fl-9"/>
      </object_component>
      <object_component id="oc-b6">
         <name>.ebss</name>
         <uninitialized>true</uninitialized>
         <run_address>0x123c5</run_address>
         <size>0x1</size>
         <input_file_ref idref="fl-a"/>
      </object_component>
      <object_component id="oc-302">
         <name>.ebss:_s_Data$1</name>
         <uninitialized>true</uninitialized>
         <run_address>0x12280</run_address>
         <size>0x8</size>
         <input_file_ref idref="fl-a"/>
      </object_component>
      <object_component id="oc-304">
         <name>.ebss:_s_Data$2</name>
         <uninitialized>true</uninitialized>
         <run_address>0x12288</run_address>
         <size>0x8</size>
         <input_file_ref idref="fl-a"/>
      </object_component>
      <object_component id="oc-306">
         <name>.ebss:_s_Data$3</name>
         <uninitialized>true</uninitialized>
         <run_address>0x12290</run_address>
         <size>0x8</size>
         <input_file_ref idref="fl-a"/>
      </object_component>
      <object_component id="oc-308">
         <name>.ebss:_s_Data$4</name>
         <uninitialized>true</uninitialized>
         <run_address>0x12298</run_address>
         <size>0x8</size>
         <input_file_ref idref="fl-a"/>
      </object_component>
      <object_component id="oc-30a">
         <name>.ebss:_s_Data$5</name>
         <uninitialized>true</uninitialized>
         <run_address>0x122a0</run_address>
         <size>0x8</size>
         <input_file_ref idref="fl-a"/>
      </object_component>
      <object_component id="oc-30f">
         <name>.ebss:_s_Data$7</name>
         <uninitialized>true</uninitialized>
         <run_address>0x122a8</run_address>
         <size>0x8</size>
         <input_file_ref idref="fl-a"/>
      </object_component>
      <object_component id="oc-311">
         <name>.ebss:_s_Data$8</name>
         <uninitialized>true</uninitialized>
         <run_address>0x122b0</run_address>
         <size>0x8</size>
         <input_file_ref idref="fl-a"/>
      </object_component>
      <object_component id="oc-30c">
         <name>.ebss:_s_Data$6</name>
         <uninitialized>true</uninitialized>
         <run_address>0x121b0</run_address>
         <size>0x10</size>
         <input_file_ref idref="fl-a"/>
      </object_component>
      <object_component id="oc-313">
         <name>.ebss:_s_Data$9</name>
         <uninitialized>true</uninitialized>
         <run_address>0x121f0</run_address>
         <size>0x10</size>
         <input_file_ref idref="fl-a"/>
      </object_component>
      <object_component id="oc-363">
         <name>.ebss:_s_Data$10</name>
         <uninitialized>true</uninitialized>
         <run_address>0x106f0</run_address>
         <size>0x10</size>
         <input_file_ref idref="fl-a"/>
      </object_component>
      <object_component id="oc-315">
         <name>.ebss:_s_Data$11</name>
         <uninitialized>true</uninitialized>
         <run_address>0x12170</run_address>
         <size>0x10</size>
         <input_file_ref idref="fl-a"/>
      </object_component>
      <object_component id="oc-cc">
         <name>.ebss</name>
         <uninitialized>true</uninitialized>
         <run_address>0x11f60</run_address>
         <size>0x1e</size>
         <input_file_ref idref="fl-e"/>
      </object_component>
[...]
         <object_component_ref idref="oc-1f9"/>
      </symbol>
      <symbol id="sm-c0a">
         <name>_FlashPumpSemaphoreRegs</name>
         <value>0x50024</value>
         <object_component_ref idref="oc-19f"/>
      </symbol>
      <symbol id="sm-c0b">
         <name>_ECap5Regs</name>
         <value>0x5080</value>
         <object_component_ref idref="oc-1c9"/>
      </symbol>
      <symbol id="sm-c0c">
         <name>_I2cbRegs</name>
         <value>0x7340</value>
         <object_component_ref idref="oc-1d6"/>
      </symbol>
      <symbol id="sm-c0d">
         <name>_CpuTimer1Regs</name>
         <value>0xc08</value>
         <object_component_ref idref="oc-1a9"/>
      </symbol>
      <symbol id="sm-c0e">
         <name>_RomPrefetchRegs</name>
         <value>0x5e608</value>
         <object_component_ref idref="oc-1a0"/>
      </symbol>
      <symbol id="sm-c0f">
         <name>_Cmpss4Regs</name>
         <value>0x5ce0</value>
         <object_component_ref idref="oc-1bf"/>
      </symbol>
      <symbol id="sm-c10">
         <name>_EPwm5Regs</name>
         <value>0x4400</value>
         <object_component_ref idref="oc-1fa"/>
      </symbol>
      <symbol id="sm-c11">
         <name>_UppRegs</name>
         <value>0x6200</value>
         <object_component_ref idref="oc-1e7"/>
      </symbol>
      <symbol id="sm-c12">
         <name>_SpiaRegs</name>
         <value>0x6100</value>
         <object_component_ref idref="oc-1b2"/>
      </symbol>
      <symbol id="sm-c13">
         <name>_CpuSysRegs</name>
         <value>0x5d300</value>
         <object_component_ref idref="oc-1f3"/>
      </symbol>
      <symbol id="sm-c14">
         <name>_Cla1SoftIntRegs</name>
         <value>0xce0</value>
         <object_component_ref idref="oc-1a2"/>
      </symbol>
      <symbol id="sm-c15">
         <name>_CanbRegs</name>
         <value>0x4a000</value>
         <object_component_ref idref="oc-204"/>
      </symbol>
      <symbol id="sm-c16">
         <name>_ECap6Regs</name>
         <value>0x50a0</value>
         <object_component_ref idref="oc-1ca"/>
      </symbol>
      <symbol id="sm-c17">
         <name>_DmaRegs</name>
         <value>0x1000</value>
         <object_component_ref idref="oc-1f4"/>
      </symbol>
      <symbol id="sm-c18">
         <name>_EmuBootPins</name>
         <value>0xd01</value>
         <object_component_ref idref="oc-19e"/>
      </symbol>
      <symbol id="sm-c19">
         <name>_XintRegs</name>
         <value>0x7070</value>
         <object_component_ref idref="oc-1ac"/>
      </symbol>
      <symbol id="sm-c1a">
         <name>_CpuTimer0Regs</name>
         <value>0xc00</value>
         <object_component_ref idref="oc-1a8"/>
      </symbol>
      <symbol id="sm-c1b">
         <name>_Cmpss5Regs</name>
         <value>0x5d00</value>
         <object_component_ref idref="oc-1c0"/>
      </symbol>
      <symbol id="sm-c1c">
         <name>_Emif1Regs</name>
         <value>0x47000</value>
         <object_component_ref idref="oc-1e8"/>
      </symbol>
      <symbol id="sm-c1d">
         <name>_AccessProtectionRegs</name>
         <value>0x5f4c0</value>
         <object_component_ref idref="oc-1e4"/>
      </symbol>
      <symbol id="sm-c1e">
         <name>_MemCfgRegs</name>
         <value>0x5f400</value>
         <object_component_ref idref="oc-1ef"/>
      </symbol>
      <symbol id="sm-c1f">
         <name>_DacaRegs</name>
         <value>0x5c00</value>
         <object_component_ref idref="oc-1a5"/>
      </symbol>
      <symbol id="sm-c20">
         <name>_McbspbRegs</name>
         <value>0x6040</value>
         <object_component_ref idref="oc-1dc"/>
      </symbol>
      <symbol id="sm-c21">
         <name>_EPwm6Regs</name>
         <value>0x4500</value>
         <object_component_ref idref="oc-1fb"/>
      </symbol>
      <symbol id="sm-c22">
         <name>_AdcaRegs</name>
         <value>0x7400</value>
         <object_component_ref idref="oc-1ea"/>
      </symbol>
      <symbol id="sm-c23">
         <name>_SciaRegs</name>
         <value>0x7200</value>
         <object_component_ref idref="oc-1ad"/>
      </symbol>
      <symbol id="sm-c24">
         <name>_EPwm11Regs</name>
         <value>0x4a00</value>
         <object_component_ref idref="oc-200"/>
      </symbol>
      <symbol id="sm-c25">
         <name>_GpioDataRegs</name>
         <value>0x7f00</value>
         <object_component_ref idref="oc-1df"/>
      </symbol>
      <symbol id="sm-c26">
         <name>_Sdfm1Regs</name>
         <value>0x5e00</value>
         <object_component_ref idref="oc-1f0"/>
      </symbol>
      <symbol id="sm-c27">
         <name>_Cmpss2Regs</name>
         <value>0x5ca0</value>
         <object_component_ref idref="oc-1bd"/>
      </symbol>
      <symbol id="sm-c28">
         <name>_Emif2Regs</name>
         <value>0x47800</value>
         <object_component_ref idref="oc-1e9"/>
      </symbol>
      <symbol id="sm-c29">
         <name>_DcsmZ1Regs</name>
         <value>0x5f000</value>
         <object_component_ref idref="oc-1d7"/>
      </symbol>
      <symbol id="sm-c2a">
         <name>_Flash0CtrlRegs</name>
         <value>0x5f800</value>
         <object_component_ref idref="oc-206"/>
      </symbol>
      <symbol id="sm-c2b">
         <name>_EPwm7Regs</name>
         <value>0x4600</value>
         <object_component_ref idref="oc-1fc"/>
      </symbol>
      <symbol id="sm-c2c">
         <name>_SpicRegs</name>
         <value>0x6120</value>
         <object_component_ref idref="oc-1b5"/>
      </symbol>
      <symbol id="sm-c2d">
         <name>_EPwm10Regs</name>
         <value>0x4900</value>
         <object_component_ref idref="oc-1ff"/>
      </symbol>
      <symbol id="sm-c2e">
         <name>_CpuTimer2Regs</name>
         <value>0xc10</value>
         <object_component_ref idref="oc-1aa"/>
      </symbol>
      <symbol id="sm-c2f">
         <name>_DmaClaSrcSelRegs</name>
         <value>0x7980</value>
         <object_component_ref idref="oc-1ba"/>
      </symbol>
      <symbol id="sm-c30">
         <name>_AnalogSubsysRegs</name>
         <value>0x5d180</value>
         <object_component_ref idref="oc-1e6"/>
      </symbol>
      <symbol id="sm-c31">
         <name>_Cmpss3Regs</name>
         <value>0x5cc0</value>
         <object_component_ref idref="oc-1be"/>
      </symbol>
      <symbol id="sm-c32">
         <name>_DaccRegs</name>
         <value>0x5c20</value>
         <object_component_ref idref="oc-1a7"/>
      </symbol>
      <symbol id="sm-c33">
         <name>_PieCtrlRegs</name>
         <value>0xce0</value>
         <object_component_ref idref="oc-1bb"/>
      </symbol>
      <symbol id="sm-c34">
         <name>_DevCfgRegs</name>
         <value>0x5d000</value>
         <object_component_ref idref="oc-202"/>
      </symbol>
      <symbol id="sm-c35">
         <name>_SpibRegs</name>
         <value>0x6110</value>
         <object_component_ref idref="oc-1b4"/>
      </symbol>
      <symbol id="sm-c36">
         <name>_AdccRegs</name>
         <value>0x7500</value>
         <object_component_ref idref="oc-1ed"/>
      </symbol>
      <symbol id="sm-c37">
         <name>_ScicRegs</name>
         <value>0x7220</value>
         <object_component_ref idref="oc-1b0"/>
      </symbol>
      <symbol id="sm-c38">
         <name>_ECap1Regs</name>
         <value>0x5000</value>
         <object_component_ref idref="oc-1c4"/>
      </symbol>
      <symbol id="sm-c39">
         <name>_OutputXbarRegs</name>
         <value>0x7a80</value>
         <object_component_ref idref="oc-1e3"/>
      </symbol>
      <symbol id="sm-c3a">
         <name>_MemoryErrorRegs</name>
         <value>0x5f500</value>
         <object_component_ref idref="oc-1e5"/>
      </symbol>
      <symbol id="sm-c3b">
         <name>_Cla1Regs</name>
         <value>0x1400</value>
         <object_component_ref idref="oc-1e1"/>
      </symbol>
      <symbol id="sm-c3c">
         <name>_EQep1Regs</name>
         <value>0x5100</value>
         <object_component_ref idref="oc-1d0"/>
      </symbol>
      <symbol id="sm-c3d">
         <name>_DacbRegs</name>
         <value>0x5c10</value>
         <object_component_ref idref="oc-1a6"/>
      </symbol>
      <symbol id="sm-c3e">
         <name>_McbspaRegs</name>
         <value>0x6000</value>
         <object_component_ref idref="oc-1da"/>
      </symbol>
      <symbol id="sm-c3f">
         <name>_EPwm1Regs</name>
         <value>0x4000</value>
         <object_component_ref idref="oc-1f5"/>
      </symbol>
      <symbol id="sm-c40">
         <name>_AdcbRegs</name>
         <value>0x7480</value>
         <object_component_ref idref="oc-1ec"/>
      </symbol>
      <symbol id="sm-c41">
         <name>_ScibRegs</name>
         <value>0x7210</value>
         <object_component_ref idref="oc-1af"/>
      </symbol>
      <symbol id="sm-c42">
         <name>_AdcaResultRegs</name>
         <value>0xb00</value>
         <object_component_ref idref="oc-1b6"/>
      </symbol>
      <symbol id="sm-c43">
         <name>_ECap2Regs</name>
         <value>0x5020</value>
         <object_component_ref idref="oc-1c6"/>
      </symbol>
      <symbol id="sm-c44">
         <name>_EPwm12Regs</name>
         <value>0x4b00</value>
         <object_component_ref idref="oc-201"/>
      </symbol>
      <symbol id="sm-c45">
         <name>_AdcbResultRegs</name>
         <value>0xb20</value>
         <object_component_ref idref="oc-1b7"/>
      </symbol>
      <symbol id="sm-c46">
         <name>_AdccResultRegs</name>
         <value>0xb40</value>
         <object_component_ref idref="oc-1b8"/>
      </symbol>
      <symbol id="sm-c47">
         <name>_Emif1ConfigRegs</name>
         <value>0x5f480</value>
         <object_component_ref idref="oc-1ce"/>
      </symbol>
      <symbol id="sm-c48">
         <name>_Sdfm2Regs</name>
         <value>0x5e80</value>
         <object_component_ref idref="oc-1f2"/>
      </symbol>
      <symbol id="sm-c49">
         <name>_AdcdResultRegs</name>
         <value>0xb60</value>
         <object_component_ref idref="oc-1b9"/>
      </symbol>
      <symbol id="sm-c4a">
         <name>_EQep2Regs</name>
         <value>0x5140</value>
         <object_component_ref idref="oc-1d2"/>
      </symbol>
      <symbol id="sm-c4b">
         <name>_Cmpss1Regs</name>
         <value>0x5c80</value>
         <object_component_ref idref="oc-1bc"/>
      </symbol>
      <symbol id="sm-c4c">
         <name>_EPwm8Regs</name>
         <value>0x4700</value>
         <object_component_ref idref="oc-1fd"/>
      </symbol>
      <symbol id="sm-c4d">
         <name>_Emif2ConfigRegs</name>
         <value>0x5f4a0</value>
         <object_component_ref idref="oc-1cf"/>
      </symbol>
      <symbol id="sm-c4e">
         <name>_DcsmCommonRegs</name>
         <value>0x5f070</value>
         <object_component_ref idref="oc-1ab"/>
      </symbol>
      <symbol id="sm-c4f">
         <name>_EPwm2Regs</name>
         <value>0x4100</value>
         <object_component_ref idref="oc-1f7"/>
      </symbol>
      <symbol id="sm-c50">
         <name>_ECap3Regs</name>
         <value>0x5040</value>
         <object_component_ref idref="oc-1c7"/>
      </symbol>
      <symbol id="sm-c51">
         <name>_Cmpss8Regs</name>
         <value>0x5d60</value>
         <object_component_ref idref="oc-1c3"/>
      </symbol>
      <symbol id="sm-c52">
         <name>_EQep3Regs</name>
         <value>0x5180</value>
         <object_component_ref idref="oc-1d3"/>
      </symbol>
      <symbol id="sm-c53">
         <name>_SyncSocRegs</name>
         <value>0x7940</value>
         <object_component_ref idref="oc-1a3"/>
      </symbol>
      <symbol id="sm-c54">
         <name>_EPwm9Regs</name>
         <value>0x4800</value>
         <object_component_ref idref="oc-1fe"/>
      </symbol>
      <symbol id="sm-c55">
         <name>_NmiIntruptRegs</name>
         <value>0x7060</value>
         <object_component_ref idref="oc-1a4"/>
      </symbol>
      <symbol id="sm-c56">
         <name>_EPwm3Regs</name>
         <value>0x4200</value>
         <object_component_ref idref="oc-1f8"/>
      </symbol>
      <symbol id="sm-c57">
         <name>_I2caRegs</name>
         <value>0x7300</value>
         <object_component_ref idref="oc-1d4"/>
      </symbol>
      <symbol id="sm-c75">
         <name>_ADC_setMode</name>
         <value>0x845a1</value>
         <object_component_ref idref="oc-38b"/>
      </symbol>
      <symbol id="sm-c8b">
         <name>_CPUTimer_setEmulationMode</name>
         <value>0x84c82</value>
         <object_component_ref idref="oc-318"/>
      </symbol>
      <symbol id="sm-ccf">
         <name>_Flash_initModule</name>
         <value>0x16afe</value>
         <object_component_ref idref="oc-382"/>
      </symbol>
      <symbol id="sm-cf9">
         <name>_GPIO_setMasterCore</name>
         <value>0x84a0b</value>
         <object_component_ref idref="oc-385"/>
      </symbol>
      <symbol id="sm-cfa">
         <name>_GPIO_setPinConfig</name>
         <value>0x849ce</value>
         <object_component_ref idref="oc-386"/>
      </symbol>
      <symbol id="sm-cfb">
         <name>_GPIO_setDirectionMode</name>
         <value>0x84aae</value>
         <object_component_ref idref="oc-387"/>
      </symbol>
      <symbol id="sm-cfc">
         <name>_GPIO_setQualificationMode</name>
         <value>0x84a43</value>
         <object_component_ref idref="oc-389"/>
      </symbol>
      <symbol id="sm-cfd">
         <name>_GPIO_setPadConfig</name>
         <value>0x8492f</value>
         <object_component_ref idref="oc-388"/>
      </symbol>
      <symbol id="sm-d2f">
         <name>_Interrupt_enable</name>
         <value>0x84a7b</value>
         <object_component_ref idref="oc-320"/>
      </symbol>
      <symbol id="sm-d30">
         <name>_Interrupt_initVectorTable</name>
         <value>0x84ba5</value>
         <object_component_ref idref="oc-31f"/>
      </symbol>
      <symbol id="sm-d31">
         <name>_Interrupt_initModule</name>
         <value>0x848db</value>
         <object_component_ref idref="oc-31e"/>
      </symbol>
      <symbol id="sm-d44">
         <name>_MemCfg_setGSRAMMasterSel</name>
         <value>0x84b5b</value>
         <object_component_ref idref="oc-384"/>
      </symbol>
      <symbol id="sm-d90">
         <name>_SysCtl_delay</name>
         <value>0x16c92</value>
         <object_component_ref idref="oc-234"/>
      </symbol>
      <symbol id="sm-d91">
         <name>_SysCtl_selectOscSource</name>
         <value>0x84981</value>
         <object_component_ref idref="oc-39e"/>
      </symbol>
      <symbol id="sm-d92">
         <name>_SysCtl_setClock</name>
         <value>0x83aee</value>
         <object_component_ref idref="oc-383"/>
      </symbol>
      <symbol id="sm-dad">
         <name>_c_int00</name>
         <value>0x84885</value>
         <object_component_ref idref="oc-83"/>
      </symbol>
      <symbol id="sm-dae">
         <name>__stack</name>
         <value>0x122</value>
         <object_component_ref idref="oc-23a"/>
      </symbol>
      <symbol id="sm-dc9">
         <name>FD$$ADD</name>
         <value>0x84505</value>
         <object_component_ref idref="oc-240"/>
      </symbol>
      <symbol id="sm-dd9">
         <name>FD$$CMP</name>
         <value>0x84adf</value>
         <object_component_ref idref="oc-245"/>
      </symbol>
      <symbol id="sm-deb">
         <name>FD$$MPY</name>
         <value>0x846c3</value>
         <object_component_ref idref="oc-24a"/>
      </symbol>
      <symbol id="sm-dfa">
         <name>FD$$TOUL</name>
         <value>0x84c1c</value>
         <object_component_ref idref="oc-24f"/>
      </symbol>
      <symbol id="sm-e0b">
         <name>FS$$DIV</name>
         <value>0x8463b</value>
         <object_component_ref idref="oc-254"/>
      </symbol>
      <symbol id="sm-e17">
         <name>LL$$AND</name>
         <value>0x84c6a</value>
         <object_component_ref idref="oc-259"/>
      </symbol>
      <symbol id="sm-e18">
         <name>LL$$OR</name>
         <value>0x84c72</value>
         <object_component_ref idref="oc-259"/>
      </symbol>
      <symbol id="sm-e19">
         <name>LL$$XOR</name>
         <value>0x84c7a</value>
         <object_component_ref idref="oc-259"/>
      </symbol>
      <symbol id="sm-e27">
         <name>ULL$$CMP</name>
         <value>0x84bd7</value>
         <object_component_ref idref="oc-25e"/>
      </symbol>
      <symbol id="sm-e28">
         <name>LL$$CMP</name>
         <value>0x84bc5</value>
         <object_component_ref idref="oc-25e"/>
      </symbol>
      <symbol id="sm-e54">
         <name>ULL$$MOD</name>
         <value>0x843cf</value>
         <object_component_ref idref="oc-263"/>
      </symbol>
      <symbol id="sm-e55">
         <name>ULL$$DIV</name>
         <value>0x843a0</value>
         <object_component_ref idref="oc-263"/>
      </symbol>
      <symbol id="sm-e56">
         <name>LL$$MOD</name>
         <value>0x84366</value>
         <object_component_ref idref="oc-263"/>
      </symbol>
      <symbol id="sm-e57">
         <name>LL$$DIV</name>
         <value>0x8432a</value>
         <object_component_ref idref="oc-263"/>
      </symbol>
      <symbol id="sm-e67">
         <name>FS$$TOFD</name>
         <value>0x84c00</value>
         <object_component_ref idref="oc-268"/>
      </symbol>
      <symbol id="sm-e76">
         <name>_copy_in</name>
         <value>0x84b81</value>
         <object_component_ref idref="oc-298"/>
      </symbol>
      <symbol id="sm-e87">
         <name>_memcpy</name>
         <value>0x84be3</value>
         <object_component_ref idref="oc-2b6"/>
      </symbol>
      <symbol id="sm-e93">
         <name>__system_pre_init</name>
         <value>0x84d1f</value>
         <object_component_ref idref="oc-297"/>
      </symbol>
      <symbol id="sm-ea0">
         <name>__system_post_cinit</name>
         <value>0x84d21</value>
         <object_component_ref idref="oc-299"/>
      </symbol>
      <symbol id="sm-eb4">
         <name>C$$EXIT</name>
         <value>0x84b32</value>
         <object_component_ref idref="oc-29b"/>
      </symbol>
      <symbol id="sm-eb5">
         <name>_exit</name>
         <value>0x84b34</value>
         <object_component_ref idref="oc-29b"/>
      </symbol>
      <symbol id="sm-eb6">
         <name>___TI_cleanup_ptr</name>
         <value>0x122c8</value>
         <object_component_ref idref="oc-283"/>
      </symbol>
      <symbol id="sm-eb7">
         <name>___TI_enable_exit_profile_output</name>
         <value>0x122c6</value>
         <object_component_ref idref="oc-283"/>
      </symbol>
      <symbol id="sm-eb8">
         <name>_abort</name>
         <value>0x84b32</value>
         <object_component_ref idref="oc-29b"/>
      </symbol>
      <symbol id="sm-eb9">
         <name>___TI_dtors_ptr</name>
         <value>0x122ca</value>
         <object_component_ref idref="oc-283"/>
      </symbol>
      <symbol id="sm-ecd">
         <name>__unlock</name>
         <value>0x122be</value>
         <object_component_ref idref="oc-391"/>
      </symbol>
      <symbol id="sm-ece">
         <name>__lock</name>
         <value>0x11ffe</value>
         <object_component_ref idref="oc-2c4"/>
      </symbol>
      <symbol id="sm-ecf">
         <name>__register_lock</name>
         <value>0x84d10</value>
         <object_component_ref idref="oc-323"/>
      </symbol>
      <symbol id="sm-ed0">
         <name>__nop</name>
         <value>0x84d14</value>
         <object_component_ref idref="oc-323"/>
      </symbol>
      <symbol id="sm-ed1">
         <name>__register_unlock</name>
         <value>0x84d0c</value>
         <object_component_ref idref="oc-323"/>
      </symbol>
      <symbol id="sm-ee0">
         <name>__args_main</name>
         <value>0x84c51</value>
         <object_component_ref idref="oc-29a"/>
      </symbol>
   </symbol_table>
   <title>Link successful</title>
</link_info>
