<?xml version="1.0" encoding="ISO-8859-1" ?>
<link_info>
   <banner>TMS320C2000 Linker PC v18.12.4.LTS</banner>
   <copyright>Copyright (c) 1996-2018 Texas Instruments Incorporated</copyright>
   <link_time>0x5e86ead5</link_time>
   <link_errors>0x0</link_errors>
   <output_file>Multi_Channel_Cycler_CPU1.out</output_file>
   <entry_point>
      <name>_c_int00</name>
      <address>0x85189</address>
   </entry_point>
   <input_file_list>
      <input_file id="fl-2">
         <path>.\PHOENIXON_CONTROLS\CPU\source\</path>
         <kind>object</kind>
         <file>PhoenixonControls_AD5547_DAC.obj</file>
         <name>PhoenixonControls_AD5547_DAC.obj</name>
      </input_file>
      <input_file id="fl-3">
         <path>.\PHOENIXON_CONTROLS\CPU\source\</path>
         <kind>object</kind>
         <file>PhoenixonControls_AD5664R_DAC.obj</file>
         <name>PhoenixonControls_AD5664R_DAC.obj</name>
      </input_file>
      <input_file id="fl-4">
         <path>.\PHOENIXON_CONTROLS\CPU\source\</path>
         <kind>object</kind>
         <file>PhoenixonControls_AD7606_ADC.obj</file>
         <name>PhoenixonControls_AD7606_ADC.obj</name>
      </input_file>
      <input_file id="fl-5">
         <path>.\PHOENIXON_CONTROLS\CPU\source\</path>
         <kind>object</kind>
         <file>PhoenixonControls_AD7608_ADC.obj</file>
         <name>PhoenixonControls_AD7608_ADC.obj</name>
      </input_file>
      <input_file id="fl-6">
         <path>.\PHOENIXON_CONTROLS\CPU\source\</path>
         <kind>object</kind>
         <file>PhoenixonControls_ADC.obj</file>
         <name>PhoenixonControls_ADC.obj</name>
      </input_file>
      <input_file id="fl-7">
         <path>.\PHOENIXON_CONTROLS\CPU\source\</path>
         <kind>object</kind>
         <file>PhoenixonControls_ALARM.obj</file>
         <name>PhoenixonControls_ALARM.obj</name>
      </input_file>
      <input_file id="fl-8">
         <path>.\PHOENIXON_CONTROLS\CPU\source\</path>
         <kind>object</kind>
         <file>PhoenixonControls_CALIBRATION.obj</file>
         <name>PhoenixonControls_CALIBRATION.obj</name>
      </input_file>
      <input_file id="fl-9">
         <path>.\PHOENIXON_CONTROLS\CPU\source\</path>
         <kind>object</kind>
         <file>PhoenixonControls_COMMUNICATION.obj</file>
         <name>PhoenixonControls_COMMUNICATION.obj</name>
      </input_file>
      <input_file id="fl-a">
         <path>.\PHOENIXON_CONTROLS\CPU\source\</path>
         <kind>object</kind>
         <file>PhoenixonControls_CONTROL.obj</file>
         <name>PhoenixonControls_CONTROL.obj</name>
      </input_file>
      <input_file id="fl-b">
         <path>.\PHOENIXON_CONTROLS\CPU\source\</path>
         <kind>object</kind>
         <file>PhoenixonControls_CRC16.obj</file>
         <name>PhoenixonControls_CRC16.obj</name>
      </input_file>
      <input_file id="fl-c">
         <path>.\PHOENIXON_CONTROLS\CPU\source\</path>
         <kind>object</kind>
         <file>PhoenixonControls_EMIF.obj</file>
         <name>PhoenixonControls_EMIF.obj</name>
      </input_file>
      <input_file id="fl-d">
         <path>.\PHOENIXON_CONTROLS\CPU\source\</path>
         <kind>object</kind>
         <file>PhoenixonControls_GPIO.obj</file>
         <name>PhoenixonControls_GPIO.obj</name>
      </input_file>
      <input_file id="fl-e">
         <path>.\PHOENIXON_CONTROLS\CPU\source\</path>
         <kind>object</kind>
         <file>PhoenixonControls_OPERATION.obj</file>
         <name>PhoenixonControls_OPERATION.obj</name>
      </input_file>
      <input_file id="fl-f">
         <path>.\PHOENIXON_CONTROLS\CPU\source\</path>
         <kind>object</kind>
         <file>PhoenixonControls_RingBuffer.obj</file>
         <name>PhoenixonControls_RingBuffer.obj</name>
      </input_file>
      <input_file id="fl-10">
         <path>.\PHOENIXON_CONTROLS\CPU\source\</path>
         <kind>object</kind>
         <file>PhoenixonControls_SCHEDULE.obj</file>
         <name>PhoenixonControls_SCHEDULE.obj</name>
      </input_file>
      <input_file id="fl-11">
         <path>.\PHOENIXON_CONTROLS\CPU\source\</path>
         <kind>object</kind>
         <file>PhoenixonControls_SENSING.obj</file>
         <name>PhoenixonControls_SENSING.obj</name>
      </input_file>
      <input_file id="fl-12">
         <path>.\PHOENIXON_CONTROLS\CPU\source\</path>
         <kind>object</kind>
         <file>PhoenixonControls_SPI.obj</file>
         <name>PhoenixonControls_SPI.obj</name>
      </input_file>
      <input_file id="fl-13">
         <path>.\PHOENIXON_CONTROLS\CPU\source\</path>
         <kind>object</kind>
         <file>PhoenixonControls_TIMER.obj</file>
         <name>PhoenixonControls_TIMER.obj</name>
      </input_file>
      <input_file id="fl-14">
         <path>.\PHOENIXON_CONTROLS\CPU\source\</path>
         <kind>object</kind>
         <file>PhoenixonControls_TUNING.obj</file>
         <name>PhoenixonControls_TUNING.obj</name>
      </input_file>
      <input_file id="fl-15">
         <path>.\PHOENIXON_CONTROLS\CPU\source\</path>
         <kind>object</kind>
         <file>main_CPU1.obj</file>
         <name>main_CPU1.obj</name>
      </input_file>
      <input_file id="fl-16">
         <path>.\PHOENIXON_CONTROLS\CPU\source\</path>
         <kind>object</kind>
         <file>memcpy_fast_far.obj</file>
         <name>memcpy_fast_far.obj</name>
      </input_file>
      <input_file id="fl-17">
         <path>.\common\source\</path>
         <kind>object</kind>
         <file>F2837xD_Adc.obj</file>
         <name>F2837xD_Adc.obj</name>
      </input_file>
      <input_file id="fl-18">
         <path>.\common\source\</path>
         <kind>object</kind>
         <file>F2837xD_CodeStartBranch.obj</file>
         <name>F2837xD_CodeStartBranch.obj</name>
      </input_file>
      <input_file id="fl-19">
         <path>.\common\source\</path>
         <kind>object</kind>
         <file>F2837xD_CpuTimers.obj</file>
         <name>F2837xD_CpuTimers.obj</name>
      </input_file>
      <input_file id="fl-1a">
         <path>.\common\source\</path>
         <kind>object</kind>
         <file>F2837xD_DBGIER.obj</file>
         <name>F2837xD_DBGIER.obj</name>
      </input_file>
      <input_file id="fl-1b">
         <path>.\common\source\</path>
         <kind>object</kind>
         <file>F2837xD_DefaultISR.obj</file>
         <name>F2837xD_DefaultISR.obj</name>
      </input_file>
      <input_file id="fl-1c">
         <path>.\common\source\</path>
         <kind>object</kind>
         <file>F2837xD_Dma.obj</file>
         <name>F2837xD_Dma.obj</name>
      </input_file>
      <input_file id="fl-1d">
         <path>.\common\source\</path>
         <kind>object</kind>
         <file>F2837xD_ECap.obj</file>
         <name>F2837xD_ECap.obj</name>
      </input_file>
      <input_file id="fl-1e">
         <path>.\common\source\</path>
         <kind>object</kind>
         <file>F2837xD_EPwm.obj</file>
         <name>F2837xD_EPwm.obj</name>
      </input_file>
      <input_file id="fl-1f">
         <path>.\common\source\</path>
         <kind>object</kind>
         <file>F2837xD_EQep.obj</file>
         <name>F2837xD_EQep.obj</name>
      </input_file>
      <input_file id="fl-20">
         <path>.\common\source\</path>
         <kind>object</kind>
         <file>F2837xD_Emif.obj</file>
         <name>F2837xD_Emif.obj</name>
      </input_file>
      <input_file id="fl-21">
         <path>.\common\source\</path>
         <kind>object</kind>
         <file>F2837xD_Gpio.obj</file>
         <name>F2837xD_Gpio.obj</name>
      </input_file>
      <input_file id="fl-22">
         <path>.\common\source\</path>
         <kind>object</kind>
         <file>F2837xD_I2C.obj</file>
         <name>F2837xD_I2C.obj</name>
      </input_file>
      <input_file id="fl-23">
         <path>.\common\source\</path>
         <kind>object</kind>
         <file>F2837xD_Ipc.obj</file>
         <name>F2837xD_Ipc.obj</name>
      </input_file>
      <input_file id="fl-24">
         <path>.\common\source\</path>
         <kind>object</kind>
         <file>F2837xD_Ipc_Driver.obj</file>
         <name>F2837xD_Ipc_Driver.obj</name>
      </input_file>
      <input_file id="fl-25">
         <path>.\common\source\</path>
         <kind>object</kind>
         <file>F2837xD_Ipc_Driver_Lite.obj</file>
         <name>F2837xD_Ipc_Driver_Lite.obj</name>
      </input_file>
      <input_file id="fl-26">
         <path>.\common\source\</path>
         <kind>object</kind>
         <file>F2837xD_Ipc_Driver_Util.obj</file>
         <name>F2837xD_Ipc_Driver_Util.obj</name>
      </input_file>
      <input_file id="fl-27">
         <path>.\common\source\</path>
         <kind>object</kind>
         <file>F2837xD_Mcbsp.obj</file>
         <name>F2837xD_Mcbsp.obj</name>
      </input_file>
      <input_file id="fl-28">
         <path>.\common\source\</path>
         <kind>object</kind>
         <file>F2837xD_PieCtrl.obj</file>
         <name>F2837xD_PieCtrl.obj</name>
      </input_file>
      <input_file id="fl-29">
         <path>.\common\source\</path>
         <kind>object</kind>
         <file>F2837xD_PieVect.obj</file>
         <name>F2837xD_PieVect.obj</name>
      </input_file>
      <input_file id="fl-2a">
         <path>.\common\source\</path>
         <kind>object</kind>
         <file>F2837xD_Sci.obj</file>
         <name>F2837xD_Sci.obj</name>
      </input_file>
      <input_file id="fl-2b">
         <path>.\common\source\</path>
         <kind>object</kind>
         <file>F2837xD_Spi.obj</file>
         <name>F2837xD_Spi.obj</name>
      </input_file>
      <input_file id="fl-2c">
         <path>.\common\source\</path>
         <kind>object</kind>
         <file>F2837xD_SysCtrl.obj</file>
         <name>F2837xD_SysCtrl.obj</name>
      </input_file>
      <input_file id="fl-2d">
         <path>.\common\source\</path>
         <kind>object</kind>
         <file>F2837xD_TempSensorConv.obj</file>
         <name>F2837xD_TempSensorConv.obj</name>
      </input_file>
      <input_file id="fl-2e">
         <path>.\common\source\</path>
         <kind>object</kind>
         <file>F2837xD_Upp.obj</file>
         <name>F2837xD_Upp.obj</name>
      </input_file>
      <input_file id="fl-2f">
         <path>.\common\source\</path>
         <kind>object</kind>
         <file>F2837xD_can.obj</file>
         <name>F2837xD_can.obj</name>
      </input_file>
      <input_file id="fl-30">
         <path>.\common\source\</path>
         <kind>object</kind>
         <file>F2837xD_sci_io.obj</file>
         <name>F2837xD_sci_io.obj</name>
      </input_file>
      <input_file id="fl-31">
         <path>.\common\source\</path>
         <kind>object</kind>
         <file>F2837xD_sdfm_drivers.obj</file>
         <name>F2837xD_sdfm_drivers.obj</name>
      </input_file>
      <input_file id="fl-32">
         <path>.\common\source\</path>
         <kind>object</kind>
         <file>F2837xD_struct.obj</file>
         <name>F2837xD_struct.obj</name>
      </input_file>
      <input_file id="fl-33">
         <path>.\common\source\</path>
         <kind>object</kind>
         <file>F2837xD_usDelay.obj</file>
         <name>F2837xD_usDelay.obj</name>
      </input_file>
      <input_file id="fl-34">
         <path>.\common\source\</path>
         <kind>object</kind>
         <file>device.obj</file>
         <name>device.obj</name>
      </input_file>
      <input_file id="fl-35">
         <path>.\headers\source\</path>
         <kind>object</kind>
         <file>F2837xD_GlobalVariableDefs.obj</file>
         <name>F2837xD_GlobalVariableDefs.obj</name>
      </input_file>
      <input_file id="fl-3d">
         <kind>object</kind>
         <file>&lt;internal&gt;</file>
         <name>&lt;internal&gt;</name>
      </input_file>
      <input_file id="fl-3e">
         <path>..\driverlib\</path>
         <kind>archive</kind>
         <file>driverlib.lib</file>
         <name>adc.obj</name>
      </input_file>
      <input_file id="fl-3f">
         <path>..\driverlib\</path>
         <kind>archive</kind>
         <file>driverlib.lib</file>
         <name>cputimer.obj</name>
      </input_file>
      <input_file id="fl-40">
         <path>..\driverlib\</path>
         <kind>archive</kind>
         <file>driverlib.lib</file>
         <name>flash.obj</name>
      </input_file>
      <input_file id="fl-41">
         <path>..\driverlib\</path>
         <kind>archive</kind>
         <file>driverlib.lib</file>
         <name>gpio.obj</name>
      </input_file>
      <input_file id="fl-42">
         <path>..\driverlib\</path>
         <kind>archive</kind>
         <file>driverlib.lib</file>
         <name>interrupt.obj</name>
      </input_file>
      <input_file id="fl-43">
         <path>..\driverlib\</path>
         <kind>archive</kind>
         <file>driverlib.lib</file>
         <name>memcfg.obj</name>
      </input_file>
      <input_file id="fl-44">
         <path>..\driverlib\</path>
         <kind>archive</kind>
         <file>driverlib.lib</file>
         <name>spi.obj</name>
      </input_file>
      <input_file id="fl-45">
         <path>..\driverlib\</path>
         <kind>archive</kind>
         <file>driverlib.lib</file>
         <name>sysctl.obj</name>
      </input_file>
      <input_file id="fl-51">
         <path>C:\ti\ccs930\ccs\tools\compiler\ti-cgt-c2000_18.12.4.LTS\lib\</path>
         <kind>archive</kind>
         <file>rts2800_fpu32.lib</file>
         <name>boot28.asm.obj</name>
      </input_file>
      <input_file id="fl-52">
         <path>C:\ti\ccs930\ccs\tools\compiler\ti-cgt-c2000_18.12.4.LTS\lib\</path>
         <kind>archive</kind>
         <file>rts2800_fpu32.lib</file>
         <name>fs_div28.asm.obj</name>
      </input_file>
      <input_file id="fl-53">
         <path>C:\ti\ccs930\ccs\tools\compiler\ti-cgt-c2000_18.12.4.LTS\lib\</path>
         <kind>archive</kind>
         <file>rts2800_fpu32.lib</file>
         <name>ll_aox28.asm.obj</name>
      </input_file>
      <input_file id="fl-54">
         <path>C:\ti\ccs930\ccs\tools\compiler\ti-cgt-c2000_18.12.4.LTS\lib\</path>
         <kind>archive</kind>
         <file>rts2800_fpu32.lib</file>
         <name>ll_cmp28.asm.obj</name>
      </input_file>
      <input_file id="fl-55">
         <path>C:\ti\ccs930\ccs\tools\compiler\ti-cgt-c2000_18.12.4.LTS\lib\</path>
         <kind>archive</kind>
         <file>rts2800_fpu32.lib</file>
         <name>ll_div28.asm.obj</name>
      </input_file>
      <input_file id="fl-56">
         <path>C:\ti\ccs930\ccs\tools\compiler\ti-cgt-c2000_18.12.4.LTS\lib\</path>
         <kind>archive</kind>
         <file>rts2800_fpu32.lib</file>
         <name>ull_tofsfpu32.asm.obj</name>
      </input_file>
      <input_file id="fl-57">
         <path>C:\ti\ccs930\ccs\tools\compiler\ti-cgt-c2000_18.12.4.LTS\lib\</path>
         <kind>archive</kind>
         <file>rts2800_fpu32.lib</file>
         <name>cpy_tbl.c.obj</name>
      </input_file>
      <input_file id="fl-58">
         <path>C:\ti\ccs930\ccs\tools\compiler\ti-cgt-c2000_18.12.4.LTS\lib\</path>
         <kind>archive</kind>
         <file>rts2800_fpu32.lib</file>
         <name>memcpy.c.obj</name>
      </input_file>
      <input_file id="fl-59">
         <path>C:\ti\ccs930\ccs\tools\compiler\ti-cgt-c2000_18.12.4.LTS\lib\</path>
         <kind>archive</kind>
         <file>rts2800_fpu32.lib</file>
         <name>pre_init.c.obj</name>
      </input_file>
      <input_file id="fl-5a">
         <path>C:\ti\ccs930\ccs\tools\compiler\ti-cgt-c2000_18.12.4.LTS\lib\</path>
         <kind>archive</kind>
         <file>rts2800_fpu32.lib</file>
         <name>startup.c.obj</name>
      </input_file>
      <input_file id="fl-5b">
         <path>C:\ti\ccs930\ccs\tools\compiler\ti-cgt-c2000_18.12.4.LTS\lib\</path>
         <kind>archive</kind>
         <file>rts2800_fpu32.lib</file>
         <name>exit.c.obj</name>
      </input_file>
      <input_file id="fl-5c">
         <path>C:\ti\ccs930\ccs\tools\compiler\ti-cgt-c2000_18.12.4.LTS\lib\</path>
         <kind>archive</kind>
         <file>rts2800_fpu32.lib</file>
         <name>_lock.c.obj</name>
      </input_file>
      <input_file id="fl-5d">
         <path>C:\ti\ccs930\ccs\tools\compiler\ti-cgt-c2000_18.12.4.LTS\lib\</path>
         <kind>archive</kind>
         <file>rts2800_fpu32.lib</file>
         <name>args_main.c.obj</name>
      </input_file>
      <input_file id="fl-5e">
         <path>C:\ti\ccs930\ccs\tools\compiler\ti-cgt-c2000_18.12.4.LTS\lib\</path>
         <kind>archive</kind>
         <file>rts2800_fpu32.lib</file>
         <name>memset.c.obj</name>
      </input_file>
   </input_file_list>
   <object_component_list>
      <object_component id="oc-2d1">
         <name>.cinit:_CurrentCharge_ADC</name>
         <load_address>0x82000</load_address>
         <run_address>0x82000</run_address>
         <size>0xb3</size>
         <input_file_ref idref="fl-8"/>
      </object_component>
      <object_component id="oc-2cf">
         <name>.cinit:_CurrentCharge_REF</name>
         <load_address>0x820b3</load_address>
         <run_address>0x820b3</run_address>
         <size>0xb3</size>
         <input_file_ref idref="fl-8"/>
      </object_component>
      <object_component id="oc-2cd">
         <name>.cinit:_CurrentDischarge_ADC</name>
         <load_address>0x82166</load_address>
         <run_address>0x82166</run_address>
         <size>0xb3</size>
         <input_file_ref idref="fl-8"/>
      </object_component>
      <object_component id="oc-2cb">
         <name>.cinit:_CurrentDischarge_REF</name>
         <load_address>0x82219</load_address>
         <run_address>0x82219</run_address>
         <size>0xb3</size>
         <input_file_ref idref="fl-8"/>
      </object_component>
      <object_component id="oc-ee">
         <name>.cinit</name>
         <load_address>0x822cc</load_address>
         <run_address>0x822cc</run_address>
         <size>0x3f</size>
         <input_file_ref idref="fl-15"/>
      </object_component>
      <object_component id="oc-2c9">
         <name>.cinit:_VoltageCharge_ADC</name>
         <load_address>0x8230b</load_address>
         <run_address>0x8230b</run_address>
         <size>0x33</size>
         <input_file_ref idref="fl-8"/>
      </object_component>
      <object_component id="oc-2d7">
         <name>.cinit:_VoltageCharge_REF</name>
         <load_address>0x8233e</load_address>
         <run_address>0x8233e</run_address>
         <size>0x33</size>
         <input_file_ref idref="fl-8"/>
      </object_component>
      <object_component id="oc-2c6">
         <name>.cinit:_VoltageDischarge_ADC</name>
         <load_address>0x82371</load_address>
         <run_address>0x82371</run_address>
         <size>0x33</size>
         <input_file_ref idref="fl-8"/>
      </object_component>
      <object_component id="oc-2d9">
         <name>.cinit:_VoltageDischarge_REF</name>
         <load_address>0x823a4</load_address>
         <run_address>0x823a4</run_address>
         <size>0x33</size>
         <input_file_ref idref="fl-8"/>
      </object_component>
      <object_component id="oc-1c7">
         <name>.cinit:_TRIP_SEL</name>
         <load_address>0x823d7</load_address>
         <run_address>0x823d7</run_address>
         <size>0x21</size>
         <input_file_ref idref="fl-32"/>
      </object_component>
      <object_component id="oc-1f1">
         <name>.cinit:_EPWM</name>
         <load_address>0x823f8</load_address>
         <run_address>0x823f8</run_address>
         <size>0x1d</size>
         <input_file_ref idref="fl-32"/>
      </object_component>
      <object_component id="oc-343">
         <name>.cinit:_s_Data$10</name>
         <load_address>0x82415</load_address>
         <run_address>0x82415</run_address>
         <size>0x13</size>
         <input_file_ref idref="fl-a"/>
      </object_component>
      <object_component id="oc-2f2">
         <name>.cinit:_s_Data$11</name>
         <load_address>0x82428</load_address>
         <run_address>0x82428</run_address>
         <size>0x13</size>
         <input_file_ref idref="fl-a"/>
      </object_component>
      <object_component id="oc-2e9">
         <name>.cinit:_s_Data$6</name>
         <load_address>0x8243b</load_address>
         <run_address>0x8243b</run_address>
         <size>0x13</size>
         <input_file_ref idref="fl-a"/>
      </object_component>
      <object_component id="oc-2f0">
         <name>.cinit:_s_Data$9</name>
         <load_address>0x8244e</load_address>
         <run_address>0x8244e</run_address>
         <size>0x13</size>
         <input_file_ref idref="fl-a"/>
      </object_component>
      <object_component id="oc-1c0">
         <name>.cinit:_ECAP</name>
         <load_address>0x82461</load_address>
         <run_address>0x82461</run_address>
         <size>0x11</size>
         <input_file_ref idref="fl-32"/>
      </object_component>
      <object_component id="oc-269">
         <name>.cinit</name>
         <load_address>0x82472</load_address>
         <run_address>0x82472</run_address>
         <size>0xe</size>
         <input_file_ref idref="fl-5b"/>
      </object_component>
      <object_component id="oc-1e6">
         <name>.cinit:_ADC</name>
         <load_address>0x82480</load_address>
         <run_address>0x82480</run_address>
         <size>0xd</size>
         <input_file_ref idref="fl-32"/>
      </object_component>
      <object_component id="oc-1cc">
         <name>.cinit:_EQEP</name>
         <load_address>0x8248d</load_address>
         <run_address>0x8248d</run_address>
         <size>0xb</size>
         <input_file_ref idref="fl-32"/>
      </object_component>
      <object_component id="oc-1ae">
         <name>.cinit:_SPI</name>
         <load_address>0x82498</load_address>
         <run_address>0x82498</run_address>
         <size>0xb</size>
         <input_file_ref idref="fl-32"/>
      </object_component>
      <object_component id="oc-2df">
         <name>.cinit:_s_Data$1</name>
         <load_address>0x824a3</load_address>
         <run_address>0x824a3</run_address>
         <size>0xb</size>
         <input_file_ref idref="fl-a"/>
      </object_component>
      <object_component id="oc-2e1">
         <name>.cinit:_s_Data$2</name>
         <load_address>0x824ae</load_address>
         <run_address>0x824ae</run_address>
         <size>0xb</size>
         <input_file_ref idref="fl-a"/>
      </object_component>
      <object_component id="oc-2e3">
         <name>.cinit:_s_Data$3</name>
         <load_address>0x824b9</load_address>
         <run_address>0x824b9</run_address>
         <size>0xb</size>
         <input_file_ref idref="fl-a"/>
      </object_component>
      <object_component id="oc-2e5">
         <name>.cinit:_s_Data$4</name>
         <load_address>0x824c4</load_address>
         <run_address>0x824c4</run_address>
         <size>0xb</size>
         <input_file_ref idref="fl-a"/>
      </object_component>
      <object_component id="oc-2e7">
         <name>.cinit:_s_Data$5</name>
         <load_address>0x824cf</load_address>
         <run_address>0x824cf</run_address>
         <size>0xb</size>
         <input_file_ref idref="fl-a"/>
      </object_component>
      <object_component id="oc-2ec">
         <name>.cinit:_s_Data$7</name>
         <load_address>0x824da</load_address>
         <run_address>0x824da</run_address>
         <size>0xb</size>
         <input_file_ref idref="fl-a"/>
      </object_component>
      <object_component id="oc-2ee">
         <name>.cinit:_s_Data$8</name>
         <load_address>0x824e5</load_address>
         <run_address>0x824e5</run_address>
         <size>0xb</size>
         <input_file_ref idref="fl-a"/>
      </object_component>
      <object_component id="oc-1ec">
         <name>.cinit:_SDFM</name>
         <load_address>0x824f0</load_address>
         <run_address>0x824f0</run_address>
         <size>0x9</size>
         <input_file_ref idref="fl-32"/>
      </object_component>
      <object_component id="oc-91">
         <name>.cinit</name>
         <load_address>0x824f9</load_address>
         <run_address>0x824f9</run_address>
         <size>0x8</size>
         <input_file_ref idref="fl-4"/>
      </object_component>
      <object_component id="oc-98">
         <name>.cinit</name>
         <load_address>0x82501</load_address>
         <run_address>0x82501</run_address>
         <size>0x8</size>
         <input_file_ref idref="fl-5"/>
      </object_component>
      <object_component id="oc-1d0">
         <name>.cinit:_I2C</name>
         <load_address>0x82509</load_address>
         <run_address>0x82509</run_address>
         <size>0x7</size>
         <input_file_ref idref="fl-32"/>
      </object_component>
      <object_component id="oc-1d6">
         <name>.cinit:_MCBSP</name>
         <load_address>0x82510</load_address>
         <run_address>0x82510</run_address>
         <size>0x7</size>
         <input_file_ref idref="fl-32"/>
      </object_component>
      <object_component id="oc-1a9">
         <name>.cinit:_SCI</name>
         <load_address>0x82517</load_address>
         <run_address>0x82517</run_address>
         <size>0x7</size>
         <input_file_ref idref="fl-32"/>
      </object_component>
      <object_component id="oc-2d3">
         <name>.cinit:_old_time_span$22</name>
         <load_address>0x8251e</load_address>
         <run_address>0x8251e</run_address>
         <size>0x7</size>
         <input_file_ref idref="fl-e"/>
      </object_component>
      <object_component id="oc-291">
         <name>.cinit:_AVGCounter</name>
         <load_address>0x82525</load_address>
         <run_address>0x82525</run_address>
         <size>0x5</size>
         <input_file_ref idref="fl-13"/>
      </object_component>
      <object_component id="oc-2db">
         <name>.cinit:_Current$24</name>
         <load_address>0x8252a</load_address>
         <run_address>0x8252a</run_address>
         <size>0x5</size>
         <input_file_ref idref="fl-e"/>
      </object_component>
      <object_component id="oc-28d">
         <name>.cinit:_CurrentAVG</name>
         <load_address>0x8252f</load_address>
         <run_address>0x8252f</run_address>
         <size>0x5</size>
         <input_file_ref idref="fl-13"/>
      </object_component>
      <object_component id="oc-333">
         <name>.cinit:_SettingTime$10</name>
         <load_address>0x82534</load_address>
         <run_address>0x82534</run_address>
         <size>0x5</size>
         <input_file_ref idref="fl-e"/>
      </object_component>
      <object_component id="oc-2c2">
         <name>.cinit:_ValueTemp$19</name>
         <load_address>0x82539</load_address>
         <run_address>0x82539</run_address>
         <size>0x5</size>
         <input_file_ref idref="fl-e"/>
      </object_component>
      <object_component id="oc-2d5">
         <name>.cinit:_Voltage$23</name>
         <load_address>0x8253e</load_address>
         <run_address>0x8253e</run_address>
         <size>0x5</size>
         <input_file_ref idref="fl-e"/>
      </object_component>
      <object_component id="oc-28b">
         <name>.cinit:_VoltageAVG</name>
         <load_address>0x82543</load_address>
         <run_address>0x82543</run_address>
         <size>0x5</size>
         <input_file_ref idref="fl-13"/>
      </object_component>
      <object_component id="oc-28f">
         <name>.cinit:_WattAVG</name>
         <load_address>0x82548</load_address>
         <run_address>0x82548</run_address>
         <size>0x5</size>
         <input_file_ref idref="fl-13"/>
      </object_component>
      <object_component id="oc-2ac">
         <name>.cinit:__lock</name>
         <load_address>0x8254d</load_address>
         <run_address>0x8254d</run_address>
         <size>0x5</size>
         <input_file_ref idref="fl-5c"/>
      </object_component>
      <object_component id="oc-301">
         <name>.cinit:__unlock</name>
         <load_address>0x82552</load_address>
         <run_address>0x82552</run_address>
         <size>0x5</size>
         <input_file_ref idref="fl-5c"/>
      </object_component>
      <object_component id="oc-2dd">
         <name>.cinit:_current$25</name>
         <load_address>0x82557</load_address>
         <run_address>0x82557</run_address>
         <size>0x5</size>
         <input_file_ref idref="fl-e"/>
      </object_component>
      <object_component id="oc-180">
         <name>.cinit</name>
         <load_address>0x8255c</load_address>
         <run_address>0x8255c</run_address>
         <size>0x4</size>
         <input_file_ref idref="fl-30"/>
      </object_component>
      <object_component id="oc-85">
         <name>.cinit</name>
         <load_address>0x82560</load_address>
         <run_address>0x82560</run_address>
         <size>0x4</size>
         <input_file_ref idref="fl-2"/>
      </object_component>
      <object_component id="oc-c8">
         <name>.cinit</name>
         <load_address>0x82564</load_address>
         <run_address>0x82564</run_address>
         <size>0x4</size>
         <input_file_ref idref="fl-e"/>
      </object_component>
      <object_component id="oc-e0">
         <name>.cinit</name>
         <load_address>0x82568</load_address>
         <run_address>0x82568</run_address>
         <size>0x4</size>
         <input_file_ref idref="fl-13"/>
      </object_component>
      <object_component id="oc-284">
         <name>.cinit:_Bank</name>
         <load_address>0x8256c</load_address>
         <run_address>0x8256c</run_address>
         <size>0x4</size>
         <input_file_ref idref="fl-13"/>
      </object_component>
      <object_component id="oc-2b7">
         <name>.cinit:_CC_To_CV_Change_Flag$2</name>
         <load_address>0x82570</load_address>
         <run_address>0x82570</run_address>
         <size>0x4</size>
         <input_file_ref idref="fl-e"/>
      </object_component>
      <object_component id="oc-303">
         <name>.cinit:_CheckTime$1</name>
         <load_address>0x82574</load_address>
         <run_address>0x82574</run_address>
         <size>0x4</size>
         <input_file_ref idref="fl-7"/>
      </object_component>
      <object_component id="oc-315">
         <name>.cinit:_CheckTime$22</name>
         <load_address>0x82578</load_address>
         <run_address>0x82578</run_address>
         <size>0x4</size>
         <input_file_ref idref="fl-7"/>
      </object_component>
      <object_component id="oc-319">
         <name>.cinit:_CheckTime$24</name>
         <load_address>0x8257c</load_address>
         <run_address>0x8257c</run_address>
         <size>0x4</size>
         <input_file_ref idref="fl-7"/>
      </object_component>
      <object_component id="oc-31d">
         <name>.cinit:_CheckTime$26</name>
         <load_address>0x82580</load_address>
         <run_address>0x82580</run_address>
         <size>0x4</size>
         <input_file_ref idref="fl-7"/>
      </object_component>
      <object_component id="oc-321">
         <name>.cinit:_CheckTime$28</name>
         <load_address>0x82584</load_address>
         <run_address>0x82584</run_address>
         <size>0x4</size>
         <input_file_ref idref="fl-7"/>
      </object_component>
      <object_component id="oc-325">
         <name>.cinit:_CheckTime$30</name>
         <load_address>0x82588</load_address>
         <run_address>0x82588</run_address>
         <size>0x4</size>
         <input_file_ref idref="fl-7"/>
      </object_component>
      <object_component id="oc-329">
         <name>.cinit:_CheckTime$32</name>
         <load_address>0x8258c</load_address>
         <run_address>0x8258c</run_address>
         <size>0x4</size>
         <input_file_ref idref="fl-7"/>
      </object_component>
      <object_component id="oc-309">
         <name>.cinit:_CheckTime$4</name>
         <load_address>0x82590</load_address>
         <run_address>0x82590</run_address>
         <size>0x4</size>
         <input_file_ref idref="fl-7"/>
      </object_component>
      <object_component id="oc-30f">
         <name>.cinit:_CheckTime$7</name>
         <load_address>0x82594</load_address>
         <run_address>0x82594</run_address>
         <size>0x4</size>
         <input_file_ref idref="fl-7"/>
      </object_component>
      <object_component id="oc-307">
         <name>.cinit:_CommandFlagOld$3</name>
         <load_address>0x82598</load_address>
         <run_address>0x82598</run_address>
         <size>0x4</size>
         <input_file_ref idref="fl-7"/>
      </object_component>
      <object_component id="oc-30d">
         <name>.cinit:_CommandFlagOld$6</name>
         <load_address>0x8259c</load_address>
         <run_address>0x8259c</run_address>
         <size>0x4</size>
         <input_file_ref idref="fl-7"/>
      </object_component>
      <object_component id="oc-313">
         <name>.cinit:_CommandFlagOld$9</name>
         <load_address>0x825a0</load_address>
         <run_address>0x825a0</run_address>
         <size>0x4</size>
         <input_file_ref idref="fl-7"/>
      </object_component>
      <object_component id="oc-287">
         <name>.cinit:_DataCount</name>
         <load_address>0x825a4</load_address>
         <run_address>0x825a4</run_address>
         <size>0x4</size>
         <input_file_ref idref="fl-13"/>
      </object_component>
      <object_component id="oc-2ff">
         <name>.cinit:_DataCount_old</name>
         <load_address>0x825a8</load_address>
         <run_address>0x825a8</run_address>
         <size>0x4</size>
         <input_file_ref idref="fl-15"/>
      </object_component>
      <object_component id="oc-295">
         <name>.cinit:_EndConditionState</name>
         <load_address>0x825ac</load_address>
         <run_address>0x825ac</run_address>
         <size>0x4</size>
         <input_file_ref idref="fl-13"/>
      </object_component>
      <object_component id="oc-2be">
         <name>.cinit:_Flag$21</name>
         <load_address>0x825b0</load_address>
         <run_address>0x825b0</run_address>
         <size>0x4</size>
         <input_file_ref idref="fl-e"/>
      </object_component>
      <object_component id="oc-2b1">
         <name>.cinit:_Flag$4</name>
         <load_address>0x825b4</load_address>
         <run_address>0x825b4</run_address>
         <size>0x4</size>
         <input_file_ref idref="fl-e"/>
      </object_component>
      <object_component id="oc-29a">
         <name>.cinit:_FlagPause</name>
         <load_address>0x825b8</load_address>
         <run_address>0x825b8</run_address>
         <size>0x4</size>
         <input_file_ref idref="fl-13"/>
      </object_component>
      <object_component id="oc-331">
         <name>.cinit:_Index$11</name>
         <load_address>0x825bc</load_address>
         <run_address>0x825bc</run_address>
         <size>0x4</size>
         <input_file_ref idref="fl-e"/>
      </object_component>
      <object_component id="oc-337">
         <name>.cinit:_Index$14</name>
         <load_address>0x825c0</load_address>
         <run_address>0x825c0</run_address>
         <size>0x4</size>
         <input_file_ref idref="fl-e"/>
      </object_component>
      <object_component id="oc-33b">
         <name>.cinit:_Index$15</name>
         <load_address>0x825c4</load_address>
         <run_address>0x825c4</run_address>
         <size>0x4</size>
         <input_file_ref idref="fl-e"/>
      </object_component>
      <object_component id="oc-33f">
         <name>.cinit:_Index$18</name>
         <load_address>0x825c8</load_address>
         <run_address>0x825c8</run_address>
         <size>0x4</size>
         <input_file_ref idref="fl-e"/>
      </object_component>
      <object_component id="oc-2b3">
         <name>.cinit:_Index$5</name>
         <load_address>0x825cc</load_address>
         <run_address>0x825cc</run_address>
         <size>0x4</size>
         <input_file_ref idref="fl-e"/>
      </object_component>
      <object_component id="oc-32d">
         <name>.cinit:_Index$9</name>
         <load_address>0x825d0</load_address>
         <run_address>0x825d0</run_address>
         <size>0x4</size>
         <input_file_ref idref="fl-e"/>
      </object_component>
      <object_component id="oc-2c0">
         <name>.cinit:_ReaultTemp$20</name>
         <load_address>0x825d4</load_address>
         <run_address>0x825d4</run_address>
         <size>0x4</size>
         <input_file_ref idref="fl-e"/>
      </object_component>
      <object_component id="oc-335">
         <name>.cinit:_RiseFallTime$12</name>
         <load_address>0x825d8</load_address>
         <run_address>0x825d8</run_address>
         <size>0x4</size>
         <input_file_ref idref="fl-e"/>
      </object_component>
      <object_component id="oc-33d">
         <name>.cinit:_RiseFallTime$16</name>
         <load_address>0x825dc</load_address>
         <run_address>0x825dc</run_address>
         <size>0x4</size>
         <input_file_ref idref="fl-e"/>
      </object_component>
      <object_component id="oc-298">
         <name>.cinit:_SaveCOMMAND</name>
         <load_address>0x825e0</load_address>
         <run_address>0x825e0</run_address>
         <size>0x4</size>
         <input_file_ref idref="fl-13"/>
      </object_component>
      <object_component id="oc-317">
         <name>.cinit:_SetTime$23</name>
         <load_address>0x825e4</load_address>
         <run_address>0x825e4</run_address>
         <size>0x4</size>
         <input_file_ref idref="fl-7"/>
      </object_component>
      <object_component id="oc-31b">
         <name>.cinit:_SetTime$25</name>
         <load_address>0x825e8</load_address>
         <run_address>0x825e8</run_address>
         <size>0x4</size>
         <input_file_ref idref="fl-7"/>
      </object_component>
      <object_component id="oc-31f">
         <name>.cinit:_SetTime$27</name>
         <load_address>0x825ec</load_address>
         <run_address>0x825ec</run_address>
         <size>0x4</size>
         <input_file_ref idref="fl-7"/>
      </object_component>
      <object_component id="oc-323">
         <name>.cinit:_SetTime$29</name>
         <load_address>0x825f0</load_address>
         <run_address>0x825f0</run_address>
         <size>0x4</size>
         <input_file_ref idref="fl-7"/>
      </object_component>
      <object_component id="oc-305">
         <name>.cinit:_SetTime$2</name>
         <load_address>0x825f4</load_address>
         <run_address>0x825f4</run_address>
         <size>0x4</size>
         <input_file_ref idref="fl-7"/>
      </object_component>
      <object_component id="oc-327">
         <name>.cinit:_SetTime$31</name>
         <load_address>0x825f8</load_address>
         <run_address>0x825f8</run_address>
         <size>0x4</size>
         <input_file_ref idref="fl-7"/>
      </object_component>
      <object_component id="oc-32b">
         <name>.cinit:_SetTime$33</name>
         <load_address>0x825fc</load_address>
         <run_address>0x825fc</run_address>
         <size>0x4</size>
         <input_file_ref idref="fl-7"/>
      </object_component>
      <object_component id="oc-30b">
         <name>.cinit:_SetTime$5</name>
         <load_address>0x82600</load_address>
         <run_address>0x82600</run_address>
         <size>0x4</size>
         <input_file_ref idref="fl-7"/>
      </object_component>
      <object_component id="oc-311">
         <name>.cinit:_SetTime$8</name>
         <load_address>0x82604</load_address>
         <run_address>0x82604</run_address>
         <size>0x4</size>
         <input_file_ref idref="fl-7"/>
      </object_component>
      <object_component id="oc-339">
         <name>.cinit:_SettingTime$13</name>
         <load_address>0x82608</load_address>
         <run_address>0x82608</run_address>
         <size>0x4</size>
         <input_file_ref idref="fl-e"/>
      </object_component>
      <object_component id="oc-341">
         <name>.cinit:_SettingTime$17</name>
         <load_address>0x8260c</load_address>
         <run_address>0x8260c</run_address>
         <size>0x4</size>
         <input_file_ref idref="fl-e"/>
      </object_component>
      <object_component id="oc-2b5">
         <name>.cinit:_SettingTime$3</name>
         <load_address>0x82610</load_address>
         <run_address>0x82610</run_address>
         <size>0x4</size>
         <input_file_ref idref="fl-e"/>
      </object_component>
      <object_component id="oc-32f">
         <name>.cinit:_SettingTime$8</name>
         <load_address>0x82614</load_address>
         <run_address>0x82614</run_address>
         <size>0x4</size>
         <input_file_ref idref="fl-e"/>
      </object_component>
      <object_component id="oc-29c">
         <name>.cinit:_UpdateFlagStepEnd</name>
         <load_address>0x82618</load_address>
         <run_address>0x82618</run_address>
         <size>0x4</size>
         <input_file_ref idref="fl-13"/>
      </object_component>
      <object_component id="oc-293">
         <name>.cinit:_UpdateFlagStepStart</name>
         <load_address>0x8261c</load_address>
         <run_address>0x8261c</run_address>
         <size>0x4</size>
         <input_file_ref idref="fl-13"/>
      </object_component>
      <object_component id="oc-2bb">
         <name>.cinit:_error_time$7</name>
         <load_address>0x82620</load_address>
         <run_address>0x82620</run_address>
         <size>0x4</size>
         <input_file_ref idref="fl-e"/>
      </object_component>
      <object_component id="oc-2ae">
         <name>.cinit:_old_Command$1</name>
         <load_address>0x82624</load_address>
         <run_address>0x82624</run_address>
         <size>0x4</size>
         <input_file_ref idref="fl-e"/>
      </object_component>
      <object_component id="oc-2b9">
         <name>.cinit:_sensing_stable_count$6</name>
         <load_address>0x82628</load_address>
         <run_address>0x82628</run_address>
         <size>0x4</size>
         <input_file_ref idref="fl-e"/>
      </object_component>
      <object_component id="oc-2fd">
         <name>.text</name>
         <load_address>0x82650</load_address>
         <run_address>0x82650</run_address>
         <size>0xca1</size>
         <input_file_ref idref="fl-14"/>
      </object_component>
      <object_component id="oc-112">
         <name>.text:retain</name>
         <load_address>0x832f1</load_address>
         <run_address>0x832f1</run_address>
         <size>0x585</size>
         <input_file_ref idref="fl-1b"/>
      </object_component>
      <object_component id="oc-2bc">
         <name>.text</name>
         <load_address>0x83876</load_address>
         <run_address>0x83876</run_address>
         <size>0x3f7</size>
         <input_file_ref idref="fl-e"/>
      </object_component>
      <object_component id="oc-2f5">
         <name>.text</name>
         <load_address>0x83c6d</load_address>
         <run_address>0x83c6d</run_address>
         <size>0x250</size>
         <input_file_ref idref="fl-34"/>
      </object_component>
      <object_component id="oc-2ea">
         <name>.text</name>
         <load_address>0x83ebd</load_address>
         <run_address>0x83ebd</run_address>
         <size>0x113</size>
         <input_file_ref idref="fl-2"/>
      </object_component>
      <object_component id="oc-35c">
         <name>.text:_Flash_setBankPowerUpDelay</name>
         <load_address>0x83fd0</load_address>
         <run_address>0x83fd0</run_address>
         <size>0x29</size>
         <input_file_ref idref="fl-40"/>
      </object_component>
      <object_component id="oc-10c">
         <name>.text</name>
         <load_address>0x83ff9</load_address>
         <run_address>0x83ff9</run_address>
         <size>0x3</size>
         <input_file_ref idref="fl-1a"/>
      </object_component>
      <object_component id="oc-356">
         <name>.text:_Interrupt_illegalOperationHandler</name>
         <load_address>0x83ffc</load_address>
         <run_address>0x83ffc</run_address>
         <size>0x2</size>
         <input_file_ref idref="fl-42"/>
      </object_component>
      <object_component id="oc-355">
         <name>.text:_Interrupt_nmiHandler</name>
         <load_address>0x83ffe</load_address>
         <run_address>0x83ffe</run_address>
         <size>0x2</size>
         <input_file_ref idref="fl-42"/>
      </object_component>
      <object_component id="oc-2f6">
         <name>.text</name>
         <load_address>0x84000</load_address>
         <run_address>0x84000</run_address>
         <size>0x3df</size>
         <input_file_ref idref="fl-d"/>
      </object_component>
      <object_component id="oc-351">
         <name>.text</name>
         <load_address>0x843df</load_address>
         <run_address>0x843df</run_address>
         <size>0x244</size>
         <input_file_ref idref="fl-21"/>
      </object_component>
      <object_component id="oc-34a">
         <name>.text:_SysCtl_setClock</name>
         <load_address>0x84623</load_address>
         <run_address>0x84623</run_address>
         <size>0x221</size>
         <input_file_ref idref="fl-45"/>
      </object_component>
      <object_component id="oc-2f8">
         <name>.text</name>
         <load_address>0x84844</load_address>
         <run_address>0x84844</run_address>
         <size>0x1d9</size>
         <input_file_ref idref="fl-6"/>
      </object_component>
      <object_component id="oc-2f7">
         <name>.text</name>
         <load_address>0x84a1d</load_address>
         <run_address>0x84a1d</run_address>
         <size>0x1ab</size>
         <input_file_ref idref="fl-c"/>
      </object_component>
      <object_component id="oc-2aa">
         <name>.text</name>
         <load_address>0x84bc8</load_address>
         <run_address>0x84bc8</run_address>
         <size>0x183</size>
         <input_file_ref idref="fl-15"/>
      </object_component>
      <object_component id="oc-24a">
         <name>.text</name>
         <load_address>0x84d4b</load_address>
         <run_address>0x84d4b</run_address>
         <size>0x107</size>
         <input_file_ref idref="fl-55"/>
      </object_component>
      <object_component id="oc-29f">
         <name>.text</name>
         <load_address>0x84e52</load_address>
         <run_address>0x84e52</run_address>
         <size>0xd4</size>
         <input_file_ref idref="fl-13"/>
      </object_component>
      <object_component id="oc-352">
         <name>.text:_ADC_setMode</name>
         <load_address>0x84f26</load_address>
         <run_address>0x84f26</run_address>
         <size>0x9a</size>
         <input_file_ref idref="fl-3e"/>
      </object_component>
      <object_component id="oc-23b">
         <name>.text</name>
         <load_address>0x84fc0</load_address>
         <run_address>0x84fc0</run_address>
         <size>0x88</size>
         <input_file_ref idref="fl-52"/>
      </object_component>
      <object_component id="oc-2f3">
         <name>.text</name>
         <load_address>0x85048</load_address>
         <run_address>0x85048</run_address>
         <size>0x73</size>
         <input_file_ref idref="fl-3"/>
      </object_component>
      <object_component id="oc-2c3">
         <name>.text</name>
         <load_address>0x850bb</load_address>
         <run_address>0x850bb</run_address>
         <size>0x71</size>
         <input_file_ref idref="fl-a"/>
      </object_component>
      <object_component id="oc-f6">
         <name>.text</name>
         <load_address>0x8512c</load_address>
         <run_address>0x8512c</run_address>
         <size>0x5d</size>
         <input_file_ref idref="fl-16"/>
      </object_component>
      <object_component id="oc-83">
         <name>.text</name>
         <load_address>0x85189</load_address>
         <run_address>0x85189</run_address>
         <size>0x56</size>
         <input_file_ref idref="fl-51"/>
      </object_component>
      <object_component id="oc-2fa">
         <name>.text:_Interrupt_initModule</name>
         <load_address>0x851df</load_address>
         <run_address>0x851df</run_address>
         <size>0x54</size>
         <input_file_ref idref="fl-42"/>
      </object_component>
      <object_component id="oc-34f">
         <name>.text:_GPIO_setPadConfig</name>
         <load_address>0x85233</load_address>
         <run_address>0x85233</run_address>
         <size>0x52</size>
         <input_file_ref idref="fl-41"/>
      </object_component>
      <object_component id="oc-366">
         <name>.text:_SysCtl_selectOscSource</name>
         <load_address>0x85285</load_address>
         <run_address>0x85285</run_address>
         <size>0x4d</size>
         <input_file_ref idref="fl-45"/>
      </object_component>
      <object_component id="oc-34d">
         <name>.text:_GPIO_setPinConfig</name>
         <load_address>0x852d2</load_address>
         <run_address>0x852d2</run_address>
         <size>0x3d</size>
         <input_file_ref idref="fl-41"/>
      </object_component>
      <object_component id="oc-34c">
         <name>.text:_GPIO_setMasterCore</name>
         <load_address>0x8530f</load_address>
         <run_address>0x8530f</run_address>
         <size>0x38</size>
         <input_file_ref idref="fl-41"/>
      </object_component>
      <object_component id="oc-350">
         <name>.text:_GPIO_setQualificationMode</name>
         <load_address>0x85347</load_address>
         <run_address>0x85347</run_address>
         <size>0x38</size>
         <input_file_ref idref="fl-41"/>
      </object_component>
      <object_component id="oc-2fc">
         <name>.text:_Interrupt_enable</name>
         <load_address>0x8537f</load_address>
         <run_address>0x8537f</run_address>
         <size>0x33</size>
         <input_file_ref idref="fl-42"/>
      </object_component>
      <object_component id="oc-34e">
         <name>.text:_GPIO_setDirectionMode</name>
         <load_address>0x853b2</load_address>
         <run_address>0x853b2</run_address>
         <size>0x31</size>
         <input_file_ref idref="fl-41"/>
      </object_component>
      <object_component id="oc-282">
         <name>.text</name>
         <load_address>0x853e3</load_address>
         <run_address>0x853e3</run_address>
         <size>0x29</size>
         <input_file_ref idref="fl-5b"/>
      </object_component>
      <object_component id="oc-34b">
         <name>.text:_MemCfg_setGSRAMMasterSel</name>
         <load_address>0x8540c</load_address>
         <run_address>0x8540c</run_address>
         <size>0x26</size>
         <input_file_ref idref="fl-43"/>
      </object_component>
      <object_component id="oc-27f">
         <name>.text</name>
         <load_address>0x85432</load_address>
         <run_address>0x85432</run_address>
         <size>0x24</size>
         <input_file_ref idref="fl-57"/>
      </object_component>
      <object_component id="oc-2fb">
         <name>.text:_Interrupt_initVectorTable</name>
         <load_address>0x85456</load_address>
         <run_address>0x85456</run_address>
         <size>0x20</size>
         <input_file_ref idref="fl-42"/>
      </object_component>
      <object_component id="oc-245">
         <name>.text</name>
         <load_address>0x85476</load_address>
         <run_address>0x85476</run_address>
         <size>0x1e</size>
         <input_file_ref idref="fl-54"/>
      </object_component>
      <object_component id="oc-29d">
         <name>.text</name>
         <load_address>0x85494</load_address>
         <run_address>0x85494</run_address>
         <size>0x1d</size>
         <input_file_ref idref="fl-58"/>
      </object_component>
      <object_component id="oc-348">
         <name>.text:_CPUTimer_isBaseValid</name>
         <load_address>0x854b1</load_address>
         <run_address>0x854b1</run_address>
         <size>0x1a</size>
         <input_file_ref idref="fl-3f"/>
      </object_component>
      <object_component id="oc-281">
         <name>.text</name>
         <load_address>0x854cb</load_address>
         <run_address>0x854cb</run_address>
         <size>0x19</size>
         <input_file_ref idref="fl-5d"/>
      </object_component>
      <object_component id="oc-240">
         <name>.text</name>
         <load_address>0x854e4</load_address>
         <run_address>0x854e4</run_address>
         <size>0x18</size>
         <input_file_ref idref="fl-53"/>
      </object_component>
      <object_component id="oc-2f4">
         <name>.text:_CPUTimer_setEmulationMode</name>
         <load_address>0x854fc</load_address>
         <run_address>0x854fc</run_address>
         <size>0x13</size>
         <input_file_ref idref="fl-3f"/>
      </object_component>
      <object_component id="oc-24f">
         <name>.text</name>
         <load_address>0x8550f</load_address>
         <run_address>0x8550f</run_address>
         <size>0x11</size>
         <input_file_ref idref="fl-56"/>
      </object_component>
      <object_component id="oc-35a">
         <name>.text:_Flash_isCtrlBaseValid</name>
         <load_address>0x85520</load_address>
         <run_address>0x85520</run_address>
         <size>0x10</size>
         <input_file_ref idref="fl-40"/>
      </object_component>
      <object_component id="oc-35b">
         <name>.text:_Flash_isECCBaseValid</name>
         <load_address>0x85530</load_address>
         <run_address>0x85530</run_address>
         <size>0x10</size>
         <input_file_ref idref="fl-40"/>
      </object_component>
      <object_component id="oc-368">
         <name>.text:_GPIO_isPinValid</name>
         <load_address>0x85540</load_address>
         <run_address>0x85540</run_address>
         <size>0xe</size>
         <input_file_ref idref="fl-41"/>
      </object_component>
      <object_component id="oc-354">
         <name>.text:_Interrupt_defaultHandler</name>
         <load_address>0x8554e</load_address>
         <run_address>0x8554e</run_address>
         <size>0xe</size>
         <input_file_ref idref="fl-42"/>
      </object_component>
      <object_component id="oc-2f9">
         <name>.text</name>
         <load_address>0x8555c</load_address>
         <run_address>0x8555c</run_address>
         <size>0xd</size>
         <input_file_ref idref="fl-5"/>
      </object_component>
      <object_component id="oc-353">
         <name>.text:_Interrupt_disableMaster</name>
         <load_address>0x85569</load_address>
         <run_address>0x85569</run_address>
         <size>0xd</size>
         <input_file_ref idref="fl-42"/>
      </object_component>
      <object_component id="oc-357">
         <name>.text:_Interrupt_enableMaster</name>
         <load_address>0x85576</load_address>
         <run_address>0x85576</run_address>
         <size>0xd</size>
         <input_file_ref idref="fl-42"/>
      </object_component>
      <object_component id="oc-365">
         <name>.text:_SysCtl_isMCDClockFailureDetected</name>
         <load_address>0x85583</load_address>
         <run_address>0x85583</run_address>
         <size>0xb</size>
         <input_file_ref idref="fl-45"/>
      </object_component>
      <object_component id="oc-367">
         <name>.text:_SysCtl_serviceWatchdog</name>
         <load_address>0x8558e</load_address>
         <run_address>0x8558e</run_address>
         <size>0x9</size>
         <input_file_ref idref="fl-45"/>
      </object_component>
      <object_component id="oc-300">
         <name>.text</name>
         <load_address>0x85597</load_address>
         <run_address>0x85597</run_address>
         <size>0x9</size>
         <input_file_ref idref="fl-5c"/>
      </object_component>
      <object_component id="oc-100">
         <name>.text</name>
         <load_address>0x855a0</load_address>
         <run_address>0x855a0</run_address>
         <size>0x8</size>
         <input_file_ref idref="fl-18"/>
      </object_component>
      <object_component id="oc-27e">
         <name>.text</name>
         <load_address>0x855a8</load_address>
         <run_address>0x855a8</run_address>
         <size>0x2</size>
         <input_file_ref idref="fl-59"/>
      </object_component>
      <object_component id="oc-280">
         <name>.text</name>
         <load_address>0x855aa</load_address>
         <run_address>0x855aa</run_address>
         <size>0x1</size>
         <input_file_ref idref="fl-5a"/>
      </object_component>
      <object_component id="oc-101">
         <name>codestart</name>
         <load_address>0x80000</load_address>
         <run_address>0x80000</run_address>
         <size>0x2</size>
         <input_file_ref idref="fl-18"/>
      </object_component>
      <object_component id="oc-235">
         <name>.stack</name>
         <uninitialized>true</uninitialized>
         <run_address>0x122</run_address>
         <size>0x0</size>
         <input_file_ref idref="fl-51"/>
      </object_component>
      <object_component id="oc-3f1">
         <name>.stack</name>
         <uninitialized>true</uninitialized>
         <run_address>0x122</run_address>
         <size>0x0</size>
      </object_component>
      <object_component id="oc-e8">
         <name>.ebss</name>
         <uninitialized>true</uninitialized>
         <run_address>0x8000</run_address>
         <size>0x892</size>
         <input_file_ref idref="fl-14"/>
      </object_component>
      <object_component id="oc-ae">
         <name>.ebss</name>
         <uninitialized>true</uninitialized>
         <run_address>0x8892</run_address>
         <size>0x1f</size>
         <input_file_ref idref="fl-9"/>
      </object_component>
      <object_component id="oc-181">
         <name>.ebss</name>
         <uninitialized>true</uninitialized>
         <run_address>0x88b1</run_address>
         <size>0x1</size>
         <input_file_ref idref="fl-30"/>
      </object_component>
      <object_component id="oc-2a2">
         <name>.ebss:_ECAP</name>
         <uninitialized>true</uninitialized>
         <run_address>0x88b2</run_address>
         <size>0xe</size>
         <input_file_ref idref="fl-32"/>
      </object_component>
      <object_component id="oc-285">
         <name>.ebss:_s_Operation</name>
         <uninitialized>true</uninitialized>
         <run_address>0x88c0</run_address>
         <size>0x5d0</size>
         <input_file_ref idref="fl-15"/>
      </object_component>
      <object_component id="oc-2c8">
         <name>.ebss:_VoltageCharge_ADC</name>
         <uninitialized>true</uninitialized>
         <run_address>0x8e90</run_address>
         <size>0x30</size>
         <input_file_ref idref="fl-8"/>
      </object_component>
      <object_component id="oc-2d0">
         <name>.ebss:_CurrentCharge_ADC</name>
         <uninitialized>true</uninitialized>
         <run_address>0x8ec0</run_address>
         <size>0xb0</size>
         <input_file_ref idref="fl-8"/>
      </object_component>
      <object_component id="oc-2d2">
         <name>.ebss:_old_time_span$22</name>
         <uninitialized>true</uninitialized>
         <run_address>0x8f70</run_address>
         <size>0x10</size>
         <input_file_ref idref="fl-e"/>
      </object_component>
      <object_component id="oc-2ce">
         <name>.ebss:_CurrentCharge_REF</name>
         <uninitialized>true</uninitialized>
         <run_address>0x8f80</run_address>
         <size>0xb0</size>
         <input_file_ref idref="fl-8"/>
      </object_component>
      <object_component id="oc-342">
         <name>.ebss:_s_Data$10</name>
         <uninitialized>true</uninitialized>
         <run_address>0x9030</run_address>
         <size>0x10</size>
         <input_file_ref idref="fl-a"/>
      </object_component>
      <object_component id="oc-2cc">
         <name>.ebss:_CurrentDischarge_ADC</name>
         <uninitialized>true</uninitialized>
         <run_address>0x9040</run_address>
         <size>0xb0</size>
         <input_file_ref idref="fl-8"/>
      </object_component>
      <object_component id="oc-2f1">
         <name>.ebss:_s_Data$11</name>
         <uninitialized>true</uninitialized>
         <run_address>0x90f0</run_address>
         <size>0x10</size>
         <input_file_ref idref="fl-a"/>
      </object_component>
      <object_component id="oc-2ca">
         <name>.ebss:_CurrentDischarge_REF</name>
         <uninitialized>true</uninitialized>
         <run_address>0x9100</run_address>
         <size>0xb0</size>
         <input_file_ref idref="fl-8"/>
      </object_component>
      <object_component id="oc-2e8">
         <name>.ebss:_s_Data$6</name>
         <uninitialized>true</uninitialized>
         <run_address>0x91b0</run_address>
         <size>0x10</size>
         <input_file_ref idref="fl-a"/>
      </object_component>
      <object_component id="oc-2d6">
         <name>.ebss:_VoltageCharge_REF</name>
         <uninitialized>true</uninitialized>
         <run_address>0x91c0</run_address>
         <size>0x30</size>
         <input_file_ref idref="fl-8"/>
      </object_component>
      <object_component id="oc-2ef">
         <name>.ebss:_s_Data$9</name>
         <uninitialized>true</uninitialized>
         <run_address>0x91f0</run_address>
         <size>0x10</size>
         <input_file_ref idref="fl-a"/>
      </object_component>
      <object_component id="oc-2c5">
         <name>.ebss:_VoltageDischarge_ADC</name>
         <uninitialized>true</uninitialized>
         <run_address>0x9200</run_address>
         <size>0x30</size>
         <input_file_ref idref="fl-8"/>
      </object_component>
      <object_component id="oc-2a7">
         <name>.ebss:_ADC</name>
         <uninitialized>true</uninitialized>
         <run_address>0x9230</run_address>
         <size>0xa</size>
         <input_file_ref idref="fl-32"/>
      </object_component>
      <object_component id="oc-170">
         <name>.ebss</name>
         <uninitialized>true</uninitialized>
         <run_address>0x923a</run_address>
         <size>0x6</size>
         <input_file_ref idref="fl-2d"/>
      </object_component>
      <object_component id="oc-2d8">
         <name>.ebss:_VoltageDischarge_REF</name>
         <uninitialized>true</uninitialized>
         <run_address>0x9240</run_address>
         <size>0x30</size>
         <input_file_ref idref="fl-8"/>
      </object_component>
      <object_component id="oc-290">
         <name>.ebss:_AVGCounter</name>
         <uninitialized>true</uninitialized>
         <run_address>0x9270</run_address>
         <size>0x8</size>
         <input_file_ref idref="fl-13"/>
      </object_component>
      <object_component id="oc-2da">
         <name>.ebss:_Current$24</name>
         <uninitialized>true</uninitialized>
         <run_address>0x9278</run_address>
         <size>0x8</size>
         <input_file_ref idref="fl-e"/>
      </object_component>
      <object_component id="oc-2a3">
         <name>.ebss:_TRIP_SEL</name>
         <uninitialized>true</uninitialized>
         <run_address>0x9280</run_address>
         <size>0x1e</size>
         <input_file_ref idref="fl-32"/>
      </object_component>
      <object_component id="oc-2a9">
         <name>.ebss:_EPWM</name>
         <uninitialized>true</uninitialized>
         <run_address>0x929e</run_address>
         <size>0x1a</size>
         <input_file_ref idref="fl-32"/>
      </object_component>
      <object_component id="oc-28c">
         <name>.ebss:_CurrentAVG</name>
         <uninitialized>true</uninitialized>
         <run_address>0x92b8</run_address>
         <size>0x8</size>
         <input_file_ref idref="fl-13"/>
      </object_component>
      <object_component id="oc-107">
         <name>.ebss</name>
         <uninitialized>true</uninitialized>
         <run_address>0x92c0</run_address>
         <size>0x18</size>
         <input_file_ref idref="fl-19"/>
      </object_component>
      <object_component id="oc-2a4">
         <name>.ebss:_EQEP</name>
         <uninitialized>true</uninitialized>
         <run_address>0x92d8</run_address>
         <size>0x8</size>
         <input_file_ref idref="fl-32"/>
      </object_component>
      <object_component id="oc-2a1">
         <name>.ebss:_SPI</name>
         <uninitialized>true</uninitialized>
         <run_address>0x92e0</run_address>
         <size>0x8</size>
         <input_file_ref idref="fl-32"/>
      </object_component>
      <object_component id="oc-332">
         <name>.ebss:_SettingTime$10</name>
         <uninitialized>true</uninitialized>
         <run_address>0x92e8</run_address>
         <size>0x8</size>
         <input_file_ref idref="fl-e"/>
      </object_component>
      <object_component id="oc-2c1">
         <name>.ebss:_ValueTemp$19</name>
         <uninitialized>true</uninitialized>
         <run_address>0x92f0</run_address>
         <size>0x8</size>
         <input_file_ref idref="fl-e"/>
      </object_component>
      <object_component id="oc-2d4">
         <name>.ebss:_Voltage$23</name>
         <uninitialized>true</uninitialized>
         <run_address>0x92f8</run_address>
         <size>0x8</size>
         <input_file_ref idref="fl-e"/>
      </object_component>
      <object_component id="oc-28a">
         <name>.ebss:_VoltageAVG</name>
         <uninitialized>true</uninitialized>
         <run_address>0x9300</run_address>
         <size>0x8</size>
         <input_file_ref idref="fl-13"/>
      </object_component>
      <object_component id="oc-28e">
         <name>.ebss:_WattAVG</name>
         <uninitialized>true</uninitialized>
         <run_address>0x9308</run_address>
         <size>0x8</size>
         <input_file_ref idref="fl-13"/>
      </object_component>
      <object_component id="oc-2dc">
         <name>.ebss:_current$25</name>
         <uninitialized>true</uninitialized>
         <run_address>0x9310</run_address>
         <size>0x8</size>
         <input_file_ref idref="fl-e"/>
      </object_component>
      <object_component id="oc-2de">
         <name>.ebss:_s_Data$1</name>
         <uninitialized>true</uninitialized>
         <run_address>0x9318</run_address>
         <size>0x8</size>
         <input_file_ref idref="fl-a"/>
      </object_component>
      <object_component id="oc-2e0">
         <name>.ebss:_s_Data$2</name>
         <uninitialized>true</uninitialized>
         <run_address>0x9320</run_address>
         <size>0x8</size>
         <input_file_ref idref="fl-a"/>
      </object_component>
      <object_component id="oc-2e2">
         <name>.ebss:_s_Data$3</name>
         <uninitialized>true</uninitialized>
         <run_address>0x9328</run_address>
         <size>0x8</size>
         <input_file_ref idref="fl-a"/>
      </object_component>
      <object_component id="oc-2e4">
         <name>.ebss:_s_Data$4</name>
         <uninitialized>true</uninitialized>
         <run_address>0x9330</run_address>
         <size>0x8</size>
         <input_file_ref idref="fl-a"/>
      </object_component>
      <object_component id="oc-2e6">
         <name>.ebss:_s_Data$5</name>
         <uninitialized>true</uninitialized>
         <run_address>0x9338</run_address>
         <size>0x8</size>
         <input_file_ref idref="fl-a"/>
      </object_component>
      <object_component id="oc-2eb">
         <name>.ebss:_s_Data$7</name>
         <uninitialized>true</uninitialized>
         <run_address>0x9340</run_address>
         <size>0x8</size>
         <input_file_ref idref="fl-a"/>
      </object_component>
      <object_component id="oc-2ed">
         <name>.ebss:_s_Data$8</name>
         <uninitialized>true</uninitialized>
         <run_address>0x9348</run_address>
         <size>0x8</size>
         <input_file_ref idref="fl-a"/>
      </object_component>
      <object_component id="oc-2a8">
         <name>.ebss:_SDFM</name>
         <uninitialized>true</uninitialized>
         <run_address>0x9350</run_address>
         <size>0x6</size>
         <input_file_ref idref="fl-32"/>
      </object_component>
      <object_component id="oc-26a">
         <name>.ebss</name>
         <uninitialized>true</uninitialized>
         <run_address>0x9356</run_address>
         <size>0x6</size>
         <input_file_ref idref="fl-5b"/>
      </object_component>
      <object_component id="oc-283">
         <name>.ebss:_Bank</name>
         <uninitialized>true</uninitialized>
         <run_address>0x935c</run_address>
         <size>0x4</size>
         <input_file_ref idref="fl-13"/>
      </object_component>
      <object_component id="oc-2b6">
         <name>.ebss:_CC_To_CV_Change_Flag$2</name>
         <uninitialized>true</uninitialized>
         <run_address>0x9360</run_address>
         <size>0x4</size>
         <input_file_ref idref="fl-e"/>
      </object_component>
      <object_component id="oc-302">
         <name>.ebss:_CheckTime$1</name>
         <uninitialized>true</uninitialized>
         <run_address>0x9364</run_address>
         <size>0x4</size>
         <input_file_ref idref="fl-7"/>
      </object_component>
      <object_component id="oc-314">
         <name>.ebss:_CheckTime$22</name>
         <uninitialized>true</uninitialized>
         <run_address>0x9368</run_address>
         <size>0x4</size>
         <input_file_ref idref="fl-7"/>
      </object_component>
      <object_component id="oc-318">
         <name>.ebss:_CheckTime$24</name>
         <uninitialized>true</uninitialized>
         <run_address>0x936c</run_address>
         <size>0x4</size>
         <input_file_ref idref="fl-7"/>
      </object_component>
      <object_component id="oc-31c">
         <name>.ebss:_CheckTime$26</name>
         <uninitialized>true</uninitialized>
         <run_address>0x9370</run_address>
         <size>0x4</size>
         <input_file_ref idref="fl-7"/>
      </object_component>
      <object_component id="oc-320">
         <name>.ebss:_CheckTime$28</name>
         <uninitialized>true</uninitialized>
         <run_address>0x9374</run_address>
         <size>0x4</size>
         <input_file_ref idref="fl-7"/>
      </object_component>
      <object_component id="oc-324">
         <name>.ebss:_CheckTime$30</name>
         <uninitialized>true</uninitialized>
         <run_address>0x9378</run_address>
         <size>0x4</size>
         <input_file_ref idref="fl-7"/>
      </object_component>
      <object_component id="oc-328">
         <name>.ebss:_CheckTime$32</name>
         <uninitialized>true</uninitialized>
         <run_address>0x937c</run_address>
         <size>0x4</size>
         <input_file_ref idref="fl-7"/>
      </object_component>
      <object_component id="oc-308">
         <name>.ebss:_CheckTime$4</name>
         <uninitialized>true</uninitialized>
         <run_address>0x9380</run_address>
         <size>0x4</size>
         <input_file_ref idref="fl-7"/>
      </object_component>
      <object_component id="oc-30e">
         <name>.ebss:_CheckTime$7</name>
         <uninitialized>true</uninitialized>
         <run_address>0x9384</run_address>
         <size>0x4</size>
         <input_file_ref idref="fl-7"/>
      </object_component>
      <object_component id="oc-306">
         <name>.ebss:_CommandFlagOld$3</name>
         <uninitialized>true</uninitialized>
         <run_address>0x9388</run_address>
         <size>0x4</size>
         <input_file_ref idref="fl-7"/>
      </object_component>
      <object_component id="oc-30c">
         <name>.ebss:_CommandFlagOld$6</name>
         <uninitialized>true</uninitialized>
         <run_address>0x938c</run_address>
         <size>0x4</size>
         <input_file_ref idref="fl-7"/>
      </object_component>
      <object_component id="oc-312">
         <name>.ebss:_CommandFlagOld$9</name>
         <uninitialized>true</uninitialized>
         <run_address>0x9390</run_address>
         <size>0x4</size>
         <input_file_ref idref="fl-7"/>
      </object_component>
      <object_component id="oc-286">
         <name>.ebss:_DataCount</name>
         <uninitialized>true</uninitialized>
         <run_address>0x9394</run_address>
         <size>0x4</size>
         <input_file_ref idref="fl-13"/>
      </object_component>
      <object_component id="oc-2fe">
         <name>.ebss:_DataCount_old</name>
         <uninitialized>true</uninitialized>
         <run_address>0x9398</run_address>
         <size>0x4</size>
         <input_file_ref idref="fl-15"/>
      </object_component>
      <object_component id="oc-294">
         <name>.ebss:_EndConditionState</name>
         <uninitialized>true</uninitialized>
         <run_address>0x939c</run_address>
         <size>0x4</size>
         <input_file_ref idref="fl-13"/>
      </object_component>
      <object_component id="oc-2bd">
         <name>.ebss:_Flag$21</name>
         <uninitialized>true</uninitialized>
         <run_address>0x93a0</run_address>
         <size>0x4</size>
         <input_file_ref idref="fl-e"/>
      </object_component>
      <object_component id="oc-2b0">
         <name>.ebss:_Flag$4</name>
         <uninitialized>true</uninitialized>
         <run_address>0x93a4</run_address>
         <size>0x4</size>
         <input_file_ref idref="fl-e"/>
      </object_component>
      <object_component id="oc-299">
         <name>.ebss:_FlagPause</name>
         <uninitialized>true</uninitialized>
         <run_address>0x93a8</run_address>
         <size>0x4</size>
         <input_file_ref idref="fl-13"/>
      </object_component>
      <object_component id="oc-2a5">
         <name>.ebss:_I2C</name>
         <uninitialized>true</uninitialized>
         <run_address>0x93ac</run_address>
         <size>0x4</size>
         <input_file_ref idref="fl-32"/>
      </object_component>
      <object_component id="oc-330">
         <name>.ebss:_Index$11</name>
         <uninitialized>true</uninitialized>
         <run_address>0x93b0</run_address>
         <size>0x4</size>
         <input_file_ref idref="fl-e"/>
      </object_component>
      <object_component id="oc-336">
         <name>.ebss:_Index$14</name>
         <uninitialized>true</uninitialized>
         <run_address>0x93b4</run_address>
         <size>0x4</size>
         <input_file_ref idref="fl-e"/>
      </object_component>
      <object_component id="oc-33a">
         <name>.ebss:_Index$15</name>
         <uninitialized>true</uninitialized>
         <run_address>0x93b8</run_address>
         <size>0x4</size>
         <input_file_ref idref="fl-e"/>
      </object_component>
      <object_component id="oc-33e">
         <name>.ebss:_Index$18</name>
         <uninitialized>true</uninitialized>
         <run_address>0x93bc</run_address>
         <size>0x4</size>
         <input_file_ref idref="fl-e"/>
      </object_component>
      <object_component id="oc-2b2">
         <name>.ebss:_Index$5</name>
         <uninitialized>true</uninitialized>
         <run_address>0x93c0</run_address>
         <size>0x4</size>
         <input_file_ref idref="fl-e"/>
      </object_component>
      <object_component id="oc-32c">
         <name>.ebss:_Index$9</name>
         <uninitialized>true</uninitialized>
         <run_address>0x93c4</run_address>
         <size>0x4</size>
         <input_file_ref idref="fl-e"/>
      </object_component>
      <object_component id="oc-2a6">
         <name>.ebss:_MCBSP</name>
         <uninitialized>true</uninitialized>
         <run_address>0x93c8</run_address>
         <size>0x4</size>
         <input_file_ref idref="fl-32"/>
      </object_component>
      <object_component id="oc-2bf">
         <name>.ebss:_ReaultTemp$20</name>
         <uninitialized>true</uninitialized>
         <run_address>0x93cc</run_address>
         <size>0x4</size>
         <input_file_ref idref="fl-e"/>
      </object_component>
      <object_component id="oc-334">
         <name>.ebss:_RiseFallTime$12</name>
         <uninitialized>true</uninitialized>
         <run_address>0x93d0</run_address>
         <size>0x4</size>
         <input_file_ref idref="fl-e"/>
      </object_component>
      <object_component id="oc-33c">
         <name>.ebss:_RiseFallTime$16</name>
         <uninitialized>true</uninitialized>
         <run_address>0x93d4</run_address>
         <size>0x4</size>
         <input_file_ref idref="fl-e"/>
      </object_component>
      <object_component id="oc-2a0">
         <name>.ebss:_SCI</name>
         <uninitialized>true</uninitialized>
         <run_address>0x93d8</run_address>
         <size>0x4</size>
         <input_file_ref idref="fl-32"/>
      </object_component>
      <object_component id="oc-297">
         <name>.ebss:_SaveCOMMAND</name>
         <uninitialized>true</uninitialized>
         <run_address>0x93dc</run_address>
         <size>0x4</size>
         <input_file_ref idref="fl-13"/>
      </object_component>
      <object_component id="oc-316">
         <name>.ebss:_SetTime$23</name>
         <uninitialized>true</uninitialized>
         <run_address>0x93e0</run_address>
         <size>0x4</size>
         <input_file_ref idref="fl-7"/>
      </object_component>
      <object_component id="oc-31a">
         <name>.ebss:_SetTime$25</name>
         <uninitialized>true</uninitialized>
         <run_address>0x93e4</run_address>
         <size>0x4</size>
         <input_file_ref idref="fl-7"/>
      </object_component>
      <object_component id="oc-31e">
         <name>.ebss:_SetTime$27</name>
         <uninitialized>true</uninitialized>
         <run_address>0x93e8</run_address>
         <size>0x4</size>
         <input_file_ref idref="fl-7"/>
      </object_component>
      <object_component id="oc-322">
         <name>.ebss:_SetTime$29</name>
         <uninitialized>true</uninitialized>
         <run_address>0x93ec</run_address>
         <size>0x4</size>
         <input_file_ref idref="fl-7"/>
      </object_component>
      <object_component id="oc-304">
         <name>.ebss:_SetTime$2</name>
         <uninitialized>true</uninitialized>
         <run_address>0x93f0</run_address>
         <size>0x4</size>
         <input_file_ref idref="fl-7"/>
      </object_component>
      <object_component id="oc-326">
         <name>.ebss:_SetTime$31</name>
         <uninitialized>true</uninitialized>
         <run_address>0x93f4</run_address>
         <size>0x4</size>
         <input_file_ref idref="fl-7"/>
      </object_component>
      <object_component id="oc-32a">
         <name>.ebss:_SetTime$33</name>
         <uninitialized>true</uninitialized>
         <run_address>0x93f8</run_address>
         <size>0x4</size>
         <input_file_ref idref="fl-7"/>
      </object_component>
      <object_component id="oc-30a">
         <name>.ebss:_SetTime$5</name>
         <uninitialized>true</uninitialized>
         <run_address>0x93fc</run_address>
         <size>0x4</size>
         <input_file_ref idref="fl-7"/>
      </object_component>
      <object_component id="oc-310">
         <name>.ebss:_SetTime$8</name>
         <uninitialized>true</uninitialized>
         <run_address>0x9400</run_address>
         <size>0x4</size>
         <input_file_ref idref="fl-7"/>
      </object_component>
      <object_component id="oc-338">
         <name>.ebss:_SettingTime$13</name>
         <uninitialized>true</uninitialized>
         <run_address>0x9404</run_address>
         <size>0x4</size>
         <input_file_ref idref="fl-e"/>
      </object_component>
      <object_component id="oc-340">
         <name>.ebss:_SettingTime$17</name>
         <uninitialized>true</uninitialized>
         <run_address>0x9408</run_address>
         <size>0x4</size>
         <input_file_ref idref="fl-e"/>
      </object_component>
      <object_component id="oc-2b4">
         <name>.ebss:_SettingTime$3</name>
         <uninitialized>true</uninitialized>
         <run_address>0x940c</run_address>
         <size>0x4</size>
         <input_file_ref idref="fl-e"/>
      </object_component>
      <object_component id="oc-32e">
         <name>.ebss:_SettingTime$8</name>
         <uninitialized>true</uninitialized>
         <run_address>0x9410</run_address>
         <size>0x4</size>
         <input_file_ref idref="fl-e"/>
      </object_component>
      <object_component id="oc-29b">
         <name>.ebss:_UpdateFlagStepEnd</name>
         <uninitialized>true</uninitialized>
         <run_address>0x9414</run_address>
[...]
         <object_component_ref idref="oc-1c6"/>
      </symbol>
      <symbol id="sm-c17">
         <name>_EPwmXbarRegs</name>
         <value>0x7a00</value>
         <object_component_ref idref="oc-1dd"/>
      </symbol>
      <symbol id="sm-c18">
         <name>_Cmpss7Regs</name>
         <value>0x5d40</value>
         <object_component_ref idref="oc-1bd"/>
      </symbol>
      <symbol id="sm-c19">
         <name>_DcsmZ2Regs</name>
         <value>0x5f040</value>
         <object_component_ref idref="oc-1d3"/>
      </symbol>
      <symbol id="sm-c1a">
         <name>_EPwm4Regs</name>
         <value>0x4300</value>
         <object_component_ref idref="oc-1f4"/>
      </symbol>
      <symbol id="sm-c1b">
         <name>_FlashPumpSemaphoreRegs</name>
         <value>0x50024</value>
         <object_component_ref idref="oc-19a"/>
      </symbol>
      <symbol id="sm-c1c">
         <name>_ECap5Regs</name>
         <value>0x5080</value>
         <object_component_ref idref="oc-1c4"/>
      </symbol>
      <symbol id="sm-c1d">
         <name>_I2cbRegs</name>
         <value>0x7340</value>
         <object_component_ref idref="oc-1d1"/>
      </symbol>
      <symbol id="sm-c1e">
         <name>_CpuTimer1Regs</name>
         <value>0xc08</value>
         <object_component_ref idref="oc-1a4"/>
      </symbol>
      <symbol id="sm-c1f">
         <name>_RomPrefetchRegs</name>
         <value>0x5e608</value>
         <object_component_ref idref="oc-19b"/>
      </symbol>
      <symbol id="sm-c20">
         <name>_Cmpss4Regs</name>
         <value>0x5ce0</value>
         <object_component_ref idref="oc-1ba"/>
      </symbol>
      <symbol id="sm-c21">
         <name>_EPwm5Regs</name>
         <value>0x4400</value>
         <object_component_ref idref="oc-1f5"/>
      </symbol>
      <symbol id="sm-c22">
         <name>_UppRegs</name>
         <value>0x6200</value>
         <object_component_ref idref="oc-1e2"/>
      </symbol>
      <symbol id="sm-c23">
         <name>_SpiaRegs</name>
         <value>0x6100</value>
         <object_component_ref idref="oc-1ad"/>
      </symbol>
      <symbol id="sm-c24">
         <name>_CpuSysRegs</name>
         <value>0x5d300</value>
         <object_component_ref idref="oc-1ee"/>
      </symbol>
      <symbol id="sm-c25">
         <name>_Cla1SoftIntRegs</name>
         <value>0xce0</value>
         <object_component_ref idref="oc-19d"/>
      </symbol>
      <symbol id="sm-c26">
         <name>_CanbRegs</name>
         <value>0x4a000</value>
         <object_component_ref idref="oc-1ff"/>
      </symbol>
      <symbol id="sm-c27">
         <name>_ECap6Regs</name>
         <value>0x50a0</value>
         <object_component_ref idref="oc-1c5"/>
      </symbol>
      <symbol id="sm-c28">
         <name>_DmaRegs</name>
         <value>0x1000</value>
         <object_component_ref idref="oc-1ef"/>
      </symbol>
      <symbol id="sm-c29">
         <name>_EmuBootPins</name>
         <value>0xd01</value>
         <object_component_ref idref="oc-199"/>
      </symbol>
      <symbol id="sm-c2a">
         <name>_XintRegs</name>
         <value>0x7070</value>
         <object_component_ref idref="oc-1a7"/>
      </symbol>
      <symbol id="sm-c2b">
         <name>_CpuTimer0Regs</name>
         <value>0xc00</value>
         <object_component_ref idref="oc-1a3"/>
      </symbol>
      <symbol id="sm-c2c">
         <name>_Cmpss5Regs</name>
         <value>0x5d00</value>
         <object_component_ref idref="oc-1bb"/>
      </symbol>
      <symbol id="sm-c2d">
         <name>_Emif1Regs</name>
         <value>0x47000</value>
         <object_component_ref idref="oc-1e3"/>
      </symbol>
      <symbol id="sm-c2e">
         <name>_AccessProtectionRegs</name>
         <value>0x5f4c0</value>
         <object_component_ref idref="oc-1df"/>
      </symbol>
      <symbol id="sm-c2f">
         <name>_MemCfgRegs</name>
         <value>0x5f400</value>
         <object_component_ref idref="oc-1ea"/>
      </symbol>
      <symbol id="sm-c30">
         <name>_DacaRegs</name>
         <value>0x5c00</value>
         <object_component_ref idref="oc-1a0"/>
      </symbol>
      <symbol id="sm-c31">
         <name>_McbspbRegs</name>
         <value>0x6040</value>
         <object_component_ref idref="oc-1d7"/>
      </symbol>
      <symbol id="sm-c32">
         <name>_EPwm6Regs</name>
         <value>0x4500</value>
         <object_component_ref idref="oc-1f6"/>
      </symbol>
      <symbol id="sm-c33">
         <name>_AdcaRegs</name>
         <value>0x7400</value>
         <object_component_ref idref="oc-1e5"/>
      </symbol>
      <symbol id="sm-c34">
         <name>_SciaRegs</name>
         <value>0x7200</value>
         <object_component_ref idref="oc-1a8"/>
      </symbol>
      <symbol id="sm-c35">
         <name>_EPwm11Regs</name>
         <value>0x4a00</value>
         <object_component_ref idref="oc-1fb"/>
      </symbol>
      <symbol id="sm-c36">
         <name>_GpioDataRegs</name>
         <value>0x7f00</value>
         <object_component_ref idref="oc-1da"/>
      </symbol>
      <symbol id="sm-c37">
         <name>_Sdfm1Regs</name>
         <value>0x5e00</value>
         <object_component_ref idref="oc-1eb"/>
      </symbol>
      <symbol id="sm-c38">
         <name>_Cmpss2Regs</name>
         <value>0x5ca0</value>
         <object_component_ref idref="oc-1b8"/>
      </symbol>
      <symbol id="sm-c39">
         <name>_Emif2Regs</name>
         <value>0x47800</value>
         <object_component_ref idref="oc-1e4"/>
      </symbol>
      <symbol id="sm-c3a">
         <name>_DcsmZ1Regs</name>
         <value>0x5f000</value>
         <object_component_ref idref="oc-1d2"/>
      </symbol>
      <symbol id="sm-c3b">
         <name>_Flash0CtrlRegs</name>
         <value>0x5f800</value>
         <object_component_ref idref="oc-201"/>
      </symbol>
      <symbol id="sm-c3c">
         <name>_EPwm7Regs</name>
         <value>0x4600</value>
         <object_component_ref idref="oc-1f7"/>
      </symbol>
      <symbol id="sm-c3d">
         <name>_SpicRegs</name>
         <value>0x6120</value>
         <object_component_ref idref="oc-1b0"/>
      </symbol>
      <symbol id="sm-c3e">
         <name>_EPwm10Regs</name>
         <value>0x4900</value>
         <object_component_ref idref="oc-1fa"/>
      </symbol>
      <symbol id="sm-c3f">
         <name>_CpuTimer2Regs</name>
         <value>0xc10</value>
         <object_component_ref idref="oc-1a5"/>
      </symbol>
      <symbol id="sm-c40">
         <name>_DmaClaSrcSelRegs</name>
         <value>0x7980</value>
         <object_component_ref idref="oc-1b5"/>
      </symbol>
      <symbol id="sm-c41">
         <name>_AnalogSubsysRegs</name>
         <value>0x5d180</value>
         <object_component_ref idref="oc-1e1"/>
      </symbol>
      <symbol id="sm-c42">
         <name>_Cmpss3Regs</name>
         <value>0x5cc0</value>
         <object_component_ref idref="oc-1b9"/>
      </symbol>
      <symbol id="sm-c43">
         <name>_DaccRegs</name>
         <value>0x5c20</value>
         <object_component_ref idref="oc-1a2"/>
      </symbol>
      <symbol id="sm-c44">
         <name>_PieCtrlRegs</name>
         <value>0xce0</value>
         <object_component_ref idref="oc-1b6"/>
      </symbol>
      <symbol id="sm-c45">
         <name>_DevCfgRegs</name>
         <value>0x5d000</value>
         <object_component_ref idref="oc-1fd"/>
      </symbol>
      <symbol id="sm-c46">
         <name>_SpibRegs</name>
         <value>0x6110</value>
         <object_component_ref idref="oc-1af"/>
      </symbol>
      <symbol id="sm-c47">
         <name>_AdccRegs</name>
         <value>0x7500</value>
         <object_component_ref idref="oc-1e8"/>
      </symbol>
      <symbol id="sm-c48">
         <name>_ScicRegs</name>
         <value>0x7220</value>
         <object_component_ref idref="oc-1ab"/>
      </symbol>
      <symbol id="sm-c49">
         <name>_ECap1Regs</name>
         <value>0x5000</value>
         <object_component_ref idref="oc-1bf"/>
      </symbol>
      <symbol id="sm-c4a">
         <name>_OutputXbarRegs</name>
         <value>0x7a80</value>
         <object_component_ref idref="oc-1de"/>
      </symbol>
      <symbol id="sm-c4b">
         <name>_MemoryErrorRegs</name>
         <value>0x5f500</value>
         <object_component_ref idref="oc-1e0"/>
      </symbol>
      <symbol id="sm-c4c">
         <name>_Cla1Regs</name>
         <value>0x1400</value>
         <object_component_ref idref="oc-1dc"/>
      </symbol>
      <symbol id="sm-c4d">
         <name>_EQep1Regs</name>
         <value>0x5100</value>
         <object_component_ref idref="oc-1cb"/>
      </symbol>
      <symbol id="sm-c4e">
         <name>_DacbRegs</name>
         <value>0x5c10</value>
         <object_component_ref idref="oc-1a1"/>
      </symbol>
      <symbol id="sm-c4f">
         <name>_McbspaRegs</name>
         <value>0x6000</value>
         <object_component_ref idref="oc-1d5"/>
      </symbol>
      <symbol id="sm-c50">
         <name>_EPwm1Regs</name>
         <value>0x4000</value>
         <object_component_ref idref="oc-1f0"/>
      </symbol>
      <symbol id="sm-c51">
         <name>_AdcbRegs</name>
         <value>0x7480</value>
         <object_component_ref idref="oc-1e7"/>
      </symbol>
      <symbol id="sm-c52">
         <name>_ScibRegs</name>
         <value>0x7210</value>
         <object_component_ref idref="oc-1aa"/>
      </symbol>
      <symbol id="sm-c53">
         <name>_AdcaResultRegs</name>
         <value>0xb00</value>
         <object_component_ref idref="oc-1b1"/>
      </symbol>
      <symbol id="sm-c54">
         <name>_ECap2Regs</name>
         <value>0x5020</value>
         <object_component_ref idref="oc-1c1"/>
      </symbol>
      <symbol id="sm-c55">
         <name>_EPwm12Regs</name>
         <value>0x4b00</value>
         <object_component_ref idref="oc-1fc"/>
      </symbol>
      <symbol id="sm-c56">
         <name>_AdcbResultRegs</name>
         <value>0xb20</value>
         <object_component_ref idref="oc-1b2"/>
      </symbol>
      <symbol id="sm-c57">
         <name>_AdccResultRegs</name>
         <value>0xb40</value>
         <object_component_ref idref="oc-1b3"/>
      </symbol>
      <symbol id="sm-c58">
         <name>_Emif1ConfigRegs</name>
         <value>0x5f480</value>
         <object_component_ref idref="oc-1c9"/>
      </symbol>
      <symbol id="sm-c59">
         <name>_Sdfm2Regs</name>
         <value>0x5e80</value>
         <object_component_ref idref="oc-1ed"/>
      </symbol>
      <symbol id="sm-c5a">
         <name>_AdcdResultRegs</name>
         <value>0xb60</value>
         <object_component_ref idref="oc-1b4"/>
      </symbol>
      <symbol id="sm-c5b">
         <name>_EQep2Regs</name>
         <value>0x5140</value>
         <object_component_ref idref="oc-1cd"/>
      </symbol>
      <symbol id="sm-c5c">
         <name>_Cmpss1Regs</name>
         <value>0x5c80</value>
         <object_component_ref idref="oc-1b7"/>
      </symbol>
      <symbol id="sm-c5d">
         <name>_EPwm8Regs</name>
         <value>0x4700</value>
         <object_component_ref idref="oc-1f8"/>
      </symbol>
      <symbol id="sm-c5e">
         <name>_Emif2ConfigRegs</name>
         <value>0x5f4a0</value>
         <object_component_ref idref="oc-1ca"/>
      </symbol>
      <symbol id="sm-c5f">
         <name>_DcsmCommonRegs</name>
         <value>0x5f070</value>
         <object_component_ref idref="oc-1a6"/>
      </symbol>
      <symbol id="sm-c60">
         <name>_EPwm2Regs</name>
         <value>0x4100</value>
         <object_component_ref idref="oc-1f2"/>
      </symbol>
      <symbol id="sm-c61">
         <name>_ECap3Regs</name>
         <value>0x5040</value>
         <object_component_ref idref="oc-1c2"/>
      </symbol>
      <symbol id="sm-c62">
         <name>_Cmpss8Regs</name>
         <value>0x5d60</value>
         <object_component_ref idref="oc-1be"/>
      </symbol>
      <symbol id="sm-c63">
         <name>_EQep3Regs</name>
         <value>0x5180</value>
         <object_component_ref idref="oc-1ce"/>
      </symbol>
      <symbol id="sm-c64">
         <name>_SyncSocRegs</name>
         <value>0x7940</value>
         <object_component_ref idref="oc-19e"/>
      </symbol>
      <symbol id="sm-c65">
         <name>_EPwm9Regs</name>
         <value>0x4800</value>
         <object_component_ref idref="oc-1f9"/>
      </symbol>
      <symbol id="sm-c66">
         <name>_NmiIntruptRegs</name>
         <value>0x7060</value>
         <object_component_ref idref="oc-19f"/>
      </symbol>
      <symbol id="sm-c67">
         <name>_EPwm3Regs</name>
         <value>0x4200</value>
         <object_component_ref idref="oc-1f3"/>
      </symbol>
      <symbol id="sm-c68">
         <name>_I2caRegs</name>
         <value>0x7300</value>
         <object_component_ref idref="oc-1cf"/>
      </symbol>
      <symbol id="sm-c86">
         <name>_ADC_setMode</name>
         <value>0x84f26</value>
         <object_component_ref idref="oc-352"/>
      </symbol>
      <symbol id="sm-c9c">
         <name>_CPUTimer_setEmulationMode</name>
         <value>0x854fc</value>
         <object_component_ref idref="oc-2f4"/>
      </symbol>
      <symbol id="sm-ce0">
         <name>_Flash_initModule</name>
         <value>0xf812</value>
         <object_component_ref idref="oc-349"/>
      </symbol>
      <symbol id="sm-d0a">
         <name>_GPIO_setMasterCore</name>
         <value>0x8530f</value>
         <object_component_ref idref="oc-34c"/>
      </symbol>
      <symbol id="sm-d0b">
         <name>_GPIO_setPinConfig</name>
         <value>0x852d2</value>
         <object_component_ref idref="oc-34d"/>
      </symbol>
      <symbol id="sm-d0c">
         <name>_GPIO_setDirectionMode</name>
         <value>0x853b2</value>
         <object_component_ref idref="oc-34e"/>
      </symbol>
      <symbol id="sm-d0d">
         <name>_GPIO_setQualificationMode</name>
         <value>0x85347</value>
         <object_component_ref idref="oc-350"/>
      </symbol>
      <symbol id="sm-d0e">
         <name>_GPIO_setPadConfig</name>
         <value>0x85233</value>
         <object_component_ref idref="oc-34f"/>
      </symbol>
      <symbol id="sm-d40">
         <name>_Interrupt_enable</name>
         <value>0x8537f</value>
         <object_component_ref idref="oc-2fc"/>
      </symbol>
      <symbol id="sm-d41">
         <name>_Interrupt_initVectorTable</name>
         <value>0x85456</value>
         <object_component_ref idref="oc-2fb"/>
      </symbol>
      <symbol id="sm-d42">
         <name>_Interrupt_initModule</name>
         <value>0x851df</value>
         <object_component_ref idref="oc-2fa"/>
      </symbol>
      <symbol id="sm-d55">
         <name>_MemCfg_setGSRAMMasterSel</name>
         <value>0x8540c</value>
         <object_component_ref idref="oc-34b"/>
      </symbol>
      <symbol id="sm-da1">
         <name>_SysCtl_delay</name>
         <value>0xf9a6</value>
         <object_component_ref idref="oc-22f"/>
      </symbol>
      <symbol id="sm-da2">
         <name>_SysCtl_selectOscSource</name>
         <value>0x85285</value>
         <object_component_ref idref="oc-366"/>
      </symbol>
      <symbol id="sm-da3">
         <name>_SysCtl_setClock</name>
         <value>0x84623</value>
         <object_component_ref idref="oc-34a"/>
      </symbol>
      <symbol id="sm-dbe">
         <name>_c_int00</name>
         <value>0x85189</value>
         <object_component_ref idref="oc-83"/>
      </symbol>
      <symbol id="sm-dbf">
         <name>__stack</name>
         <value>0x122</value>
         <object_component_ref idref="oc-235"/>
      </symbol>
      <symbol id="sm-dd0">
         <name>FS$$DIV</name>
         <value>0x84fc0</value>
         <object_component_ref idref="oc-23b"/>
      </symbol>
      <symbol id="sm-ddc">
         <name>LL$$AND</name>
         <value>0x854e4</value>
         <object_component_ref idref="oc-240"/>
      </symbol>
      <symbol id="sm-ddd">
         <name>LL$$OR</name>
         <value>0x854ec</value>
         <object_component_ref idref="oc-240"/>
      </symbol>
      <symbol id="sm-dde">
         <name>LL$$XOR</name>
         <value>0x854f4</value>
         <object_component_ref idref="oc-240"/>
      </symbol>
      <symbol id="sm-dec">
         <name>ULL$$CMP</name>
         <value>0x85488</value>
         <object_component_ref idref="oc-245"/>
      </symbol>
      <symbol id="sm-ded">
         <name>LL$$CMP</name>
         <value>0x85476</value>
         <object_component_ref idref="oc-245"/>
      </symbol>
      <symbol id="sm-e19">
         <name>ULL$$MOD</name>
         <value>0x84df0</value>
         <object_component_ref idref="oc-24a"/>
      </symbol>
      <symbol id="sm-e1a">
         <name>ULL$$DIV</name>
         <value>0x84dc1</value>
         <object_component_ref idref="oc-24a"/>
      </symbol>
      <symbol id="sm-e1b">
         <name>LL$$MOD</name>
         <value>0x84d87</value>
         <object_component_ref idref="oc-24a"/>
      </symbol>
      <symbol id="sm-e1c">
         <name>LL$$DIV</name>
         <value>0x84d4b</value>
         <object_component_ref idref="oc-24a"/>
      </symbol>
      <symbol id="sm-e29">
         <name>ULL$$TOFS</name>
         <value>0x8550f</value>
         <object_component_ref idref="oc-24f"/>
      </symbol>
      <symbol id="sm-e38">
         <name>_copy_in</name>
         <value>0x85432</value>
         <object_component_ref idref="oc-27f"/>
      </symbol>
      <symbol id="sm-e49">
         <name>_memcpy</name>
         <value>0x85494</value>
         <object_component_ref idref="oc-29d"/>
      </symbol>
      <symbol id="sm-e55">
         <name>__system_pre_init</name>
         <value>0x855a8</value>
         <object_component_ref idref="oc-27e"/>
      </symbol>
      <symbol id="sm-e62">
         <name>__system_post_cinit</name>
         <value>0x855aa</value>
         <object_component_ref idref="oc-280"/>
      </symbol>
      <symbol id="sm-e76">
         <name>C$$EXIT</name>
         <value>0x853e3</value>
         <object_component_ref idref="oc-282"/>
      </symbol>
      <symbol id="sm-e77">
         <name>_exit</name>
         <value>0x853e5</value>
         <object_component_ref idref="oc-282"/>
      </symbol>
      <symbol id="sm-e78">
         <name>___TI_cleanup_ptr</name>
         <value>0x9358</value>
         <object_component_ref idref="oc-26a"/>
      </symbol>
      <symbol id="sm-e79">
         <name>___TI_enable_exit_profile_output</name>
         <value>0x9356</value>
         <object_component_ref idref="oc-26a"/>
      </symbol>
      <symbol id="sm-e7a">
         <name>_abort</name>
         <value>0x853e3</value>
         <object_component_ref idref="oc-282"/>
      </symbol>
      <symbol id="sm-e7b">
         <name>___TI_dtors_ptr</name>
         <value>0x935a</value>
         <object_component_ref idref="oc-26a"/>
      </symbol>
      <symbol id="sm-e8f">
         <name>__unlock</name>
         <value>0x942e</value>
         <object_component_ref idref="oc-359"/>
      </symbol>
      <symbol id="sm-e90">
         <name>__lock</name>
         <value>0x942c</value>
         <object_component_ref idref="oc-2ab"/>
      </symbol>
      <symbol id="sm-e91">
         <name>__register_lock</name>
         <value>0x8559b</value>
         <object_component_ref idref="oc-300"/>
      </symbol>
      <symbol id="sm-e92">
         <name>__nop</name>
         <value>0x8559f</value>
         <object_component_ref idref="oc-300"/>
      </symbol>
      <symbol id="sm-e93">
         <name>__register_unlock</name>
         <value>0x85597</value>
         <object_component_ref idref="oc-300"/>
      </symbol>
      <symbol id="sm-ea2">
         <name>__args_main</name>
         <value>0x854cb</value>
         <object_component_ref idref="oc-281"/>
      </symbol>
   </symbol_table>
   <title>Link successful</title>
</link_info>
