******************************************************************************
             TMS320C2000 Linker PC v18.12.4                    
******************************************************************************
>> Linked Fri Apr  3 16:50:45 2020

OUTPUT FILE NAME:   <Multi_Channel_Cycler_CPU1.out>
ENTRY POINT SYMBOL: "_c_int00"  address: 00085189


MEMORY CONFIGURATION

         name            origin    length      used     unused   attr    fill
----------------------  --------  ---------  --------  --------  ----  --------
PAGE 0:
  RAMD0                 0000b000   00000800  00000000  00000800  RWIX
  RAMGS0123             0000c000   00004000  000039aa  00000656  RWIX
  RAMGS4                00010000   00001000  00000000  00001000  RWIX
  BEGIN                 00080000   00000002  00000002  00000000  RWIX
  FLASHA                00080002   00001ffe  00000000  00001ffe  RWIX
  FLASHB                00082000   00002000  00001ffe  00000002  RWIX
  FLASHC                00084000   00002000  000015ab  00000a55  RWIX
  FLASHD                00086000   00002000  00000000  00002000  RWIX
  FLASHE                00088000   00008000  000039aa  00004656  RWIX
  FLASHF                00090000   00008000  000003f9  00007c07  RWIX
  FLASHG                00098000   00008000  00000000  00008000  RWIX
  FLASHH                000a0000   00008000  00000000  00008000  RWIX
  FLASHI                000a8000   00008000  00000000  00008000  RWIX
  FLASHJ                000b0000   00008000  00000000  00008000  RWIX
  FLASHK                000b8000   00002000  00000000  00002000  RWIX
  FLASHL                000ba000   00002000  00000000  00002000  RWIX
  FLASHM                000bc000   00002000  00000000  00002000  RWIX
  FLASHN                000be000   00002000  00000000  00002000  RWIX
  RESET                 003fffc0   00000002  00000000  00000002  RWIX

PAGE 1:
  BOOT_RSVD             00000002   00000120  00000000  00000120  RWIX
  RAMM01                00000122   000006de  000006de  00000000  RWIX
  ADCA_RESULT           00000b00   00000020  00000018  00000008  RWIX
  ADCB_RESULT           00000b20   00000020  00000018  00000008  RWIX
  ADCC_RESULT           00000b40   00000020  00000018  00000008  RWIX
  ADCD_RESULT           00000b60   00000020  00000018  00000008  RWIX
  CPU_TIMER0            00000c00   00000008  00000008  00000000  RWIX
  CPU_TIMER1            00000c08   00000008  00000008  00000000  RWIX
  CPU_TIMER2            00000c10   00000008  00000008  00000000  RWIX
  PIE_CTRL              00000ce0   00000020  0000001a  00000006  RWIX
  PIE_VECT              00000d00   00000200  00000000  00000200  RWIX
  DMA                   00001000   00000200  000000e0  00000120  RWIX
  CLA1                  00001400   00000040  0000003e  00000002  RWIX
  CLA1_MSGRAMLOW        00001480   00000080  00000000  00000080  RWIX
  CLA1_MSGRAMHIGH       00001500   00000080  00000000  00000080  RWIX
  EMIF2_CS2n            00002000   00001000  00000000  00001000  RWIX
  EPWM1                 00004000   00000100  00000100  00000000  RWIX
  EPWM2                 00004100   00000100  00000100  00000000  RWIX
  EPWM3                 00004200   00000100  00000100  00000000  RWIX
  EPWM4                 00004300   00000100  00000100  00000000  RWIX
  EPWM5                 00004400   00000100  00000100  00000000  RWIX
  EPWM6                 00004500   00000100  00000100  00000000  RWIX
  EPWM7                 00004600   00000100  00000100  00000000  RWIX
  EPWM8                 00004700   00000100  00000100  00000000  RWIX
  EPWM9                 00004800   00000100  00000100  00000000  RWIX
  EPWM10                00004900   00000100  00000100  00000000  RWIX
  EPWM11                00004a00   00000100  00000100  00000000  RWIX
  EPWM12                00004b00   00000100  00000100  00000000  RWIX
  ECAP1                 00005000   00000020  00000020  00000000  RWIX
  ECAP2                 00005020   00000020  00000020  00000000  RWIX
  ECAP3                 00005040   00000020  00000020  00000000  RWIX
  ECAP4                 00005060   00000020  00000020  00000000  RWIX
  ECAP5                 00005080   00000020  00000020  00000000  RWIX
  ECAP6                 000050a0   00000020  00000020  00000000  RWIX
  EQEP1                 00005100   00000040  00000022  0000001e  RWIX
  EQEP2                 00005140   00000040  00000022  0000001e  RWIX
  EQEP3                 00005180   00000040  00000022  0000001e  RWIX
  DACA                  00005c00   00000010  00000008  00000008  RWIX
  DACB                  00005c10   00000010  00000008  00000008  RWIX
  DACC                  00005c20   00000010  00000008  00000008  RWIX
  CMPSS1                00005c80   00000020  00000020  00000000  RWIX
  CMPSS2                00005ca0   00000020  00000020  00000000  RWIX
  CMPSS3                00005cc0   00000020  00000020  00000000  RWIX
  CMPSS4                00005ce0   00000020  00000020  00000000  RWIX
  CMPSS5                00005d00   00000020  00000020  00000000  RWIX
  CMPSS6                00005d20   00000020  00000020  00000000  RWIX
  CMPSS7                00005d40   00000020  00000020  00000000  RWIX
  CMPSS8                00005d60   00000020  00000020  00000000  RWIX
  SDFM1                 00005e00   00000080  00000080  00000000  RWIX
  SDFM2                 00005e80   00000080  00000080  00000000  RWIX
  MCBSPA                00006000   00000040  00000024  0000001c  RWIX
  MCBSPB                00006040   00000040  00000024  0000001c  RWIX
  SPIA                  00006100   00000010  00000010  00000000  RWIX
  SPIB                  00006110   00000010  00000010  00000000  RWIX
  SPIC                  00006120   00000010  00000010  00000000  RWIX
  SPID                  00006130   00000010  00000000  00000010  RWIX
  UPP                   00006200   00000100  00000048  000000b8  RWIX
  UPP_MSGRAMTX          00006c00   00000100  00000000  00000100  RWIX
  UPP_MSGRAMRX          00006e00   00000100  00000000  00000100  RWIX
  WD                    00007000   00000040  0000002b  00000015  RWIX
  NMIINTRUPT            00007060   00000010  00000007  00000009  RWIX
  XINT                  00007070   00000010  0000000b  00000005  RWIX
  SCIA                  00007200   00000010  00000010  00000000  RWIX
  SCIB                  00007210   00000010  00000010  00000000  RWIX
  SCIC                  00007220   00000010  00000010  00000000  RWIX
  SCID                  00007230   00000010  00000010  00000000  RWIX
  I2CA                  00007300   00000040  00000022  0000001e  RWIX
  I2CB                  00007340   00000040  00000022  0000001e  RWIX
  ADCA                  00007400   00000080  00000080  00000000  RWIX
  ADCB                  00007480   00000080  00000080  00000000  RWIX
  ADCC                  00007500   00000080  00000080  00000000  RWIX
  ADCD                  00007580   00000080  00000080  00000000  RWIX
  INPUT_XBAR            00007900   00000020  00000020  00000000  RWIX
  XBAR                  00007920   00000020  00000020  00000000  RWIX
  SYNC_SOC              00007940   00000010  00000006  0000000a  RWIX
  DMACLASRCSEL          00007980   00000040  0000001a  00000026  RWIX
  EPWM_XBAR             00007a00   00000040  00000040  00000000  RWIX
  CLB_XBAR              00007a40   00000040  00000000  00000040  RWIX
  OUTPUT_XBAR           00007a80   00000040  00000040  00000000  RWIX
  GPIOCTRL              00007c00   00000180  00000180  00000000  RWIX
  GPIODAT               00007f00   00000030  00000030  00000000  RWIX
  RAMLS01234            00008000   00003000  00001435  00001bcb  RWIX
  RAMD1                 0000b800   00000800  00000000  00000800  RWIX
  RAMGSCPU1             00011000   00002000  00001b30  000004d0  RWIX
  RAMGSCPU2             00013000   00002000  000014a8  00000b58  RWIX
  RAMGSEBBSCPU1         00015000   00007000  00006a70  00000590  RWIX
  CPU2TOCPU1RAM         0003f800   00000400  00000000  00000400  RWIX
  CPU1TOCPU2RAM         0003fc00   00000400  00000088  00000378  RWIX
  EMIF1                 00047000   00000800  00000070  00000790  RWIX
  EMIF2                 00047800   00000800  00000070  00000790  RWIX
  CANA                  00048000   00000800  00000164  0000069c  RWIX
  CANB                  0004a000   00000800  00000164  0000069c  RWIX
  IPC                   00050000   00000024  00000024  00000000  RWIX
  FLASHPUMPSEMAPHORE    00050024   00000002  00000002  00000000  RWIX
  DEV_CFG               0005d000   00000180  0000012e  00000052  RWIX
  ANALOG_SUBSYS         0005d180   00000080  00000048  00000038  RWIX
  CLK_CFG               0005d200   00000100  00000032  000000ce  RWIX
  CPU_SYS               0005d300   00000100  00000082  0000007e  RWIX
  ROMPREFETCH           0005e608   00000002  00000002  00000000  RWIX
  DCSM_Z1               0005f000   00000030  00000024  0000000c  RWIX
  DCSM_Z2               0005f040   00000030  00000024  0000000c  RWIX
  DCSM_COMMON           0005f070   00000010  00000008  00000008  RWIX
  MEMCFG                0005f400   00000080  00000080  00000000  RWIX
  EMIF1CONFIG           0005f480   00000020  00000020  00000000  RWIX
  EMIF2CONFIG           0005f4a0   00000020  00000020  00000000  RWIX
  ACCESSPROTECTION      0005f4c0   00000040  00000040  00000000  RWIX
  MEMORYERROR           0005f500   00000040  00000040  00000000  RWIX
  ROMWAITSTATE          0005f540   00000002  00000002  00000000  RWIX
  FLASH0_CTRL           0005f800   00000300  00000182  0000017e  RWIX
  FLASH0_ECC            0005fb00   00000040  00000028  00000018  RWIX
  EMIF1_CS2n            00100000   00200000  00000000  00200000  RWIX
  EMIF1_CS3n            00300000   00080000  00000000  00080000  RWIX
  EMIF1_CS4n            00380000   00060000  00000000  00060000  RWIX
  SDRAM                 80000000   10000000  00000000  10000000  RWIX
  EMIF2_CS0n            90000000   10000000  00000000  10000000  RWIX


SECTION ALLOCATION MAP

 output                                  attributes/
section   page    origin      length       input sections
--------  ----  ----------  ----------   ----------------
.cinit     0    00082000    0000062e     
                  00082000    000000b3     PhoenixonControls_CALIBRATION.obj (.cinit:_CurrentCharge_ADC)
                  000820b3    000000b3     PhoenixonControls_CALIBRATION.obj (.cinit:_CurrentCharge_REF)
                  00082166    000000b3     PhoenixonControls_CALIBRATION.obj (.cinit:_CurrentDischarge_ADC)
                  00082219    000000b3     PhoenixonControls_CALIBRATION.obj (.cinit:_CurrentDischarge_REF)
                  000822cc    0000003f     main_CPU1.obj (.cinit)
                  0008230b    00000033     PhoenixonControls_CALIBRATION.obj (.cinit:_VoltageCharge_ADC)
                  0008233e    00000033     PhoenixonControls_CALIBRATION.obj (.cinit:_VoltageCharge_REF)
                  00082371    00000033     PhoenixonControls_CALIBRATION.obj (.cinit:_VoltageDischarge_ADC)
                  000823a4    00000033     PhoenixonControls_CALIBRATION.obj (.cinit:_VoltageDischarge_REF)
                  000823d7    00000021     F2837xD_struct.obj (.cinit:_TRIP_SEL)
                  000823f8    0000001d     F2837xD_struct.obj (.cinit:_EPWM)
                  00082415    00000013     PhoenixonControls_CONTROL.obj (.cinit:_s_Data$10)
                  00082428    00000013     PhoenixonControls_CONTROL.obj (.cinit:_s_Data$11)
                  0008243b    00000013     PhoenixonControls_CONTROL.obj (.cinit:_s_Data$6)
                  0008244e    00000013     PhoenixonControls_CONTROL.obj (.cinit:_s_Data$9)
                  00082461    00000011     F2837xD_struct.obj (.cinit:_ECAP)
                  00082472    0000000e     rts2800_fpu32.lib : exit.c.obj (.cinit)
                  00082480    0000000d     F2837xD_struct.obj (.cinit:_ADC)
                  0008248d    0000000b     F2837xD_struct.obj (.cinit:_EQEP)
                  00082498    0000000b     F2837xD_struct.obj (.cinit:_SPI)
                  000824a3    0000000b     PhoenixonControls_CONTROL.obj (.cinit:_s_Data$1)
                  000824ae    0000000b     PhoenixonControls_CONTROL.obj (.cinit:_s_Data$2)
                  000824b9    0000000b     PhoenixonControls_CONTROL.obj (.cinit:_s_Data$3)
                  000824c4    0000000b     PhoenixonControls_CONTROL.obj (.cinit:_s_Data$4)
                  000824cf    0000000b     PhoenixonControls_CONTROL.obj (.cinit:_s_Data$5)
                  000824da    0000000b     PhoenixonControls_CONTROL.obj (.cinit:_s_Data$7)
                  000824e5    0000000b     PhoenixonControls_CONTROL.obj (.cinit:_s_Data$8)
                  000824f0    00000009     F2837xD_struct.obj (.cinit:_SDFM)
                  000824f9    00000008     PhoenixonControls_AD7606_ADC.obj (.cinit)
                  00082501    00000008     PhoenixonControls_AD7608_ADC.obj (.cinit)
                  00082509    00000007     F2837xD_struct.obj (.cinit:_I2C)
                  00082510    00000007     F2837xD_struct.obj (.cinit:_MCBSP)
                  00082517    00000007     F2837xD_struct.obj (.cinit:_SCI)
                  0008251e    00000007     PhoenixonControls_OPERATION.obj (.cinit:_old_time_span$22)
                  00082525    00000005     PhoenixonControls_TIMER.obj (.cinit:_AVGCounter)
                  0008252a    00000005     PhoenixonControls_OPERATION.obj (.cinit:_Current$24)
                  0008252f    00000005     PhoenixonControls_TIMER.obj (.cinit:_CurrentAVG)
                  00082534    00000005     PhoenixonControls_OPERATION.obj (.cinit:_SettingTime$10)
                  00082539    00000005     PhoenixonControls_OPERATION.obj (.cinit:_ValueTemp$19)
                  0008253e    00000005     PhoenixonControls_OPERATION.obj (.cinit:_Voltage$23)
                  00082543    00000005     PhoenixonControls_TIMER.obj (.cinit:_VoltageAVG)
                  00082548    00000005     PhoenixonControls_TIMER.obj (.cinit:_WattAVG)
                  0008254d    00000005     rts2800_fpu32.lib : _lock.c.obj (.cinit:__lock)
                  00082552    00000005                       : _lock.c.obj (.cinit:__unlock)
                  00082557    00000005     PhoenixonControls_OPERATION.obj (.cinit:_current$25)
                  0008255c    00000004     F2837xD_sci_io.obj (.cinit)
                  00082560    00000004     PhoenixonControls_AD5547_DAC.obj (.cinit)
                  00082564    00000004     PhoenixonControls_OPERATION.obj (.cinit)
                  00082568    00000004     PhoenixonControls_TIMER.obj (.cinit)
                  0008256c    00000004     PhoenixonControls_TIMER.obj (.cinit:_Bank)
                  00082570    00000004     PhoenixonControls_OPERATION.obj (.cinit:_CC_To_CV_Change_Flag$2)
                  00082574    00000004     PhoenixonControls_ALARM.obj (.cinit:_CheckTime$1)
                  00082578    00000004     PhoenixonControls_ALARM.obj (.cinit:_CheckTime$22)
                  0008257c    00000004     PhoenixonControls_ALARM.obj (.cinit:_CheckTime$24)
                  00082580    00000004     PhoenixonControls_ALARM.obj (.cinit:_CheckTime$26)
                  00082584    00000004     PhoenixonControls_ALARM.obj (.cinit:_CheckTime$28)
                  00082588    00000004     PhoenixonControls_ALARM.obj (.cinit:_CheckTime$30)
                  0008258c    00000004     PhoenixonControls_ALARM.obj (.cinit:_CheckTime$32)
                  00082590    00000004     PhoenixonControls_ALARM.obj (.cinit:_CheckTime$4)
                  00082594    00000004     PhoenixonControls_ALARM.obj (.cinit:_CheckTime$7)
                  00082598    00000004     PhoenixonControls_ALARM.obj (.cinit:_CommandFlagOld$3)
                  0008259c    00000004     PhoenixonControls_ALARM.obj (.cinit:_CommandFlagOld$6)
                  000825a0    00000004     PhoenixonControls_ALARM.obj (.cinit:_CommandFlagOld$9)
                  000825a4    00000004     PhoenixonControls_TIMER.obj (.cinit:_DataCount)
                  000825a8    00000004     main_CPU1.obj (.cinit:_DataCount_old)
                  000825ac    00000004     PhoenixonControls_TIMER.obj (.cinit:_EndConditionState)
                  000825b0    00000004     PhoenixonControls_OPERATION.obj (.cinit:_Flag$21)
                  000825b4    00000004     PhoenixonControls_OPERATION.obj (.cinit:_Flag$4)
                  000825b8    00000004     PhoenixonControls_TIMER.obj (.cinit:_FlagPause)
                  000825bc    00000004     PhoenixonControls_OPERATION.obj (.cinit:_Index$11)
                  000825c0    00000004     PhoenixonControls_OPERATION.obj (.cinit:_Index$14)
                  000825c4    00000004     PhoenixonControls_OPERATION.obj (.cinit:_Index$15)
                  000825c8    00000004     PhoenixonControls_OPERATION.obj (.cinit:_Index$18)
                  000825cc    00000004     PhoenixonControls_OPERATION.obj (.cinit:_Index$5)
                  000825d0    00000004     PhoenixonControls_OPERATION.obj (.cinit:_Index$9)
                  000825d4    00000004     PhoenixonControls_OPERATION.obj (.cinit:_ReaultTemp$20)
                  000825d8    00000004     PhoenixonControls_OPERATION.obj (.cinit:_RiseFallTime$12)
                  000825dc    00000004     PhoenixonControls_OPERATION.obj (.cinit:_RiseFallTime$16)
                  000825e0    00000004     PhoenixonControls_TIMER.obj (.cinit:_SaveCOMMAND)
                  000825e4    00000004     PhoenixonControls_ALARM.obj (.cinit:_SetTime$23)
                  000825e8    00000004     PhoenixonControls_ALARM.obj (.cinit:_SetTime$25)
                  000825ec    00000004     PhoenixonControls_ALARM.obj (.cinit:_SetTime$27)
                  000825f0    00000004     PhoenixonControls_ALARM.obj (.cinit:_SetTime$29)
                  000825f4    00000004     PhoenixonControls_ALARM.obj (.cinit:_SetTime$2)
                  000825f8    00000004     PhoenixonControls_ALARM.obj (.cinit:_SetTime$31)
                  000825fc    00000004     PhoenixonControls_ALARM.obj (.cinit:_SetTime$33)
                  00082600    00000004     PhoenixonControls_ALARM.obj (.cinit:_SetTime$5)
                  00082604    00000004     PhoenixonControls_ALARM.obj (.cinit:_SetTime$8)
                  00082608    00000004     PhoenixonControls_OPERATION.obj (.cinit:_SettingTime$13)
                  0008260c    00000004     PhoenixonControls_OPERATION.obj (.cinit:_SettingTime$17)
                  00082610    00000004     PhoenixonControls_OPERATION.obj (.cinit:_SettingTime$3)
                  00082614    00000004     PhoenixonControls_OPERATION.obj (.cinit:_SettingTime$8)
                  00082618    00000004     PhoenixonControls_TIMER.obj (.cinit:_UpdateFlagStepEnd)
                  0008261c    00000004     PhoenixonControls_TIMER.obj (.cinit:_UpdateFlagStepStart)
                  00082620    00000004     PhoenixonControls_OPERATION.obj (.cinit:_error_time$7)
                  00082624    00000004     PhoenixonControls_OPERATION.obj (.cinit:_old_Command$1)
                  00082628    00000004     PhoenixonControls_OPERATION.obj (.cinit:_sensing_stable_count$6)
                  0008262c    00000002     --HOLE-- [fill = 0]

.pinit     0    00082000    00000000     UNINITIALIZED

codestart 
*          0    00080000    00000002     
                  00080000    00000002     F2837xD_CodeStartBranch.obj (codestart)

.TI.ramfunc 
*          0    00088000    000039aa     RUN ADDR = 0000c000
                  00088000    0000104b     PhoenixonControls_OPERATION.obj (.TI.ramfunc)
                  0008904b    00000c3e     PhoenixonControls_TIMER.obj (.TI.ramfunc:retain)
                  00089c89    0000082c     PhoenixonControls_ALARM.obj (.TI.ramfunc)
                  0008a4b5    0000082c     PhoenixonControls_CONTROL.obj (.TI.ramfunc)
                  0008ace1    000005d7     PhoenixonControls_COMMUNICATION.obj (.TI.ramfunc)
                  0008b2b8    0000018d     PhoenixonControls_CALIBRATION.obj (.TI.ramfunc)
                  0008b445    00000169     PhoenixonControls_AD7608_ADC.obj (.TI.ramfunc)
                  0008b5ae    00000164     PhoenixonControls_SENSING.obj (.TI.ramfunc)
                  0008b712    00000100     PhoenixonControls_ADC.obj (.TI.ramfunc)
                  0008b812    00000043     driverlib.lib : flash.obj (.TI.ramfunc:_Flash_initModule)
                  0008b855    00000034     PhoenixonControls_AD5547_DAC.obj (.TI.ramfunc)
                  0008b889    00000032     driverlib.lib : flash.obj (.TI.ramfunc:_Flash_setBankPowerMode)
                  0008b8bb    0000002b     PhoenixonControls_EMIF.obj (.TI.ramfunc)
                  0008b8e6    00000026     driverlib.lib : flash.obj (.TI.ramfunc:_Flash_setWaitstates)
                  0008b90c    0000001f                   : flash.obj (.TI.ramfunc:_Flash_setPumpPowerMode)
                  0008b92b    00000018                   : flash.obj (.TI.ramfunc:_Flash_disableCache)
                  0008b943    00000018                   : flash.obj (.TI.ramfunc:_Flash_disablePrefetch)
                  0008b95b    00000018                   : flash.obj (.TI.ramfunc:_Flash_enableCache)
                  0008b973    00000018                   : flash.obj (.TI.ramfunc:_Flash_enablePrefetch)
                  0008b98b    00000017                   : flash.obj (.TI.ramfunc:_Flash_enableECC)
                  0008b9a2    00000004     F2837xD_usDelay.obj (.TI.ramfunc)
                  0008b9a6    00000004     driverlib.lib : sysctl.obj (.TI.ramfunc)

.stack     1    00000122    000006de     UNINITIALIZED
                  00000122    000006de     --HOLE--

.switch    0    00082630    00000020     
                  00082630    00000020     PhoenixonControls_TUNING.obj (.switch:_ProcessVADCTune)

.reset     0    003fffc0    00000002     DSECT
                  003fffc0    00000002     rts2800_fpu32.lib : boot28.asm.obj (.reset)

.econst    0    00090000    000003f9     
                  00090000    000000cb     driverlib.lib : flash.obj (.econst:.string)
                  000900cb    00000001     --HOLE-- [fill = 0]
                  000900cc    000000c8                   : gpio.obj (.econst:.string)
                  00090194    00000069                   : interrupt.obj (.econst:.string)
                  000901fd    00000001     --HOLE-- [fill = 0]
                  000901fe    00000068                   : cputimer.obj (.econst:.string)
                  00090266    00000066                   : memcfg.obj (.econst:.string)
                  000902cc    00000066                   : sysctl.obj (.econst:.string)
                  00090332    00000063                   : adc.obj (.econst:.string)
                  00090395    00000001     --HOLE-- [fill = 0]
                  00090396    00000063                   : spi.obj (.econst:.string)

CpuTimer0RegsFile 
*          1    00000c00    00000008     UNINITIALIZED
                  00000c00    00000008     F2837xD_GlobalVariableDefs.obj (CpuTimer0RegsFile)

CpuTimer1RegsFile 
*          1    00000c08    00000008     UNINITIALIZED
                  00000c08    00000008     F2837xD_GlobalVariableDefs.obj (CpuTimer1RegsFile)

CpuTimer2RegsFile 
*          1    00000c10    00000008     UNINITIALIZED
                  00000c10    00000008     F2837xD_GlobalVariableDefs.obj (CpuTimer2RegsFile)

PieCtrlRegsFile 
*          1    00000ce0    0000001a     UNINITIALIZED
                  00000ce0    0000001a     F2837xD_GlobalVariableDefs.obj (PieCtrlRegsFile)

DmaRegsFile 
*          1    00001000    000000e0     UNINITIALIZED
                  00001000    000000e0     F2837xD_GlobalVariableDefs.obj (DmaRegsFile)

Cla1RegsFile 
*          1    00001400    0000003e     UNINITIALIZED
                  00001400    0000003e     F2837xD_GlobalVariableDefs.obj (Cla1RegsFile)

EPwm1RegsFile 
*          1    00004000    00000100     UNINITIALIZED
                  00004000    00000100     F2837xD_GlobalVariableDefs.obj (EPwm1RegsFile)

EPwm2RegsFile 
*          1    00004100    00000100     UNINITIALIZED
                  00004100    00000100     F2837xD_GlobalVariableDefs.obj (EPwm2RegsFile)

EPwm3RegsFile 
*          1    00004200    00000100     UNINITIALIZED
                  00004200    00000100     F2837xD_GlobalVariableDefs.obj (EPwm3RegsFile)

EPwm4RegsFile 
*          1    00004300    00000100     UNINITIALIZED
                  00004300    00000100     F2837xD_GlobalVariableDefs.obj (EPwm4RegsFile)

EPwm5RegsFile 
*          1    00004400    00000100     UNINITIALIZED
                  00004400    00000100     F2837xD_GlobalVariableDefs.obj (EPwm5RegsFile)

EPwm6RegsFile 
*          1    00004500    00000100     UNINITIALIZED
                  00004500    00000100     F2837xD_GlobalVariableDefs.obj (EPwm6RegsFile)

EPwm7RegsFile 
*          1    00004600    00000100     UNINITIALIZED
                  00004600    00000100     F2837xD_GlobalVariableDefs.obj (EPwm7RegsFile)

EPwm8RegsFile 
*          1    00004700    00000100     UNINITIALIZED
                  00004700    00000100     F2837xD_GlobalVariableDefs.obj (EPwm8RegsFile)

EPwm9RegsFile 
*          1    00004800    00000100     UNINITIALIZED
                  00004800    00000100     F2837xD_GlobalVariableDefs.obj (EPwm9RegsFile)

EPwm10RegsFile 
*          1    00004900    00000100     UNINITIALIZED
                  00004900    00000100     F2837xD_GlobalVariableDefs.obj (EPwm10RegsFile)

EPwm11RegsFile 
*          1    00004a00    00000100     UNINITIALIZED
                  00004a00    00000100     F2837xD_GlobalVariableDefs.obj (EPwm11RegsFile)

EPwm12RegsFile 
*          1    00004b00    00000100     UNINITIALIZED
                  00004b00    00000100     F2837xD_GlobalVariableDefs.obj (EPwm12RegsFile)

ECap1RegsFile 
*          1    00005000    00000020     UNINITIALIZED
                  00005000    00000020     F2837xD_GlobalVariableDefs.obj (ECap1RegsFile)

ECap2RegsFile 
*          1    00005020    00000020     UNINITIALIZED
                  00005020    00000020     F2837xD_GlobalVariableDefs.obj (ECap2RegsFile)

ECap3RegsFile 
*          1    00005040    00000020     UNINITIALIZED
                  00005040    00000020     F2837xD_GlobalVariableDefs.obj (ECap3RegsFile)

ECap4RegsFile 
*          1    00005060    00000020     UNINITIALIZED
                  00005060    00000020     F2837xD_GlobalVariableDefs.obj (ECap4RegsFile)

ECap5RegsFile 
*          1    00005080    00000020     UNINITIALIZED
                  00005080    00000020     F2837xD_GlobalVariableDefs.obj (ECap5RegsFile)

ECap6RegsFile 
*          1    000050a0    00000020     UNINITIALIZED
                  000050a0    00000020     F2837xD_GlobalVariableDefs.obj (ECap6RegsFile)

EQep1RegsFile 
*          1    00005100    00000022     UNINITIALIZED
                  00005100    00000022     F2837xD_GlobalVariableDefs.obj (EQep1RegsFile)

EQep2RegsFile 
*          1    00005140    00000022     UNINITIALIZED
                  00005140    00000022     F2837xD_GlobalVariableDefs.obj (EQep2RegsFile)

EQep3RegsFile 
*          1    00005180    00000022     UNINITIALIZED
                  00005180    00000022     F2837xD_GlobalVariableDefs.obj (EQep3RegsFile)

DacaRegsFile 
*          1    00005c00    00000008     UNINITIALIZED
                  00005c00    00000008     F2837xD_GlobalVariableDefs.obj (DacaRegsFile)

DacbRegsFile 
*          1    00005c10    00000008     UNINITIALIZED
                  00005c10    00000008     F2837xD_GlobalVariableDefs.obj (DacbRegsFile)

DaccRegsFile 
*          1    00005c20    00000008     UNINITIALIZED
                  00005c20    00000008     F2837xD_GlobalVariableDefs.obj (DaccRegsFile)

Sdfm1RegsFile 
*          1    00005e00    00000080     UNINITIALIZED
                  00005e00    00000080     F2837xD_GlobalVariableDefs.obj (Sdfm1RegsFile)

Sdfm2RegsFile 
*          1    00005e80    00000080     UNINITIALIZED
                  00005e80    00000080     F2837xD_GlobalVariableDefs.obj (Sdfm2RegsFile)

McbspaRegsFile 
*          1    00006000    00000024     UNINITIALIZED
                  00006000    00000024     F2837xD_GlobalVariableDefs.obj (McbspaRegsFile)

McbspbRegsFile 
*          1    00006040    00000024     UNINITIALIZED
                  00006040    00000024     F2837xD_GlobalVariableDefs.obj (McbspbRegsFile)

SpiaRegsFile 
*          1    00006100    00000010     UNINITIALIZED
                  00006100    00000010     F2837xD_GlobalVariableDefs.obj (SpiaRegsFile)

SpibRegsFile 
*          1    00006110    00000010     UNINITIALIZED
                  00006110    00000010     F2837xD_GlobalVariableDefs.obj (SpibRegsFile)

SpicRegsFile 
*          1    00006120    00000010     UNINITIALIZED
                  00006120    00000010     F2837xD_GlobalVariableDefs.obj (SpicRegsFile)

UppRegsFile 
*          1    00006200    00000048     UNINITIALIZED
                  00006200    00000048     F2837xD_GlobalVariableDefs.obj (UppRegsFile)

WdRegsFile 
*          1    00007000    0000002b     UNINITIALIZED
                  00007000    0000002b     F2837xD_GlobalVariableDefs.obj (WdRegsFile)

NmiIntruptRegsFile 
*          1    00007060    00000007     UNINITIALIZED
                  00007060    00000007     F2837xD_GlobalVariableDefs.obj (NmiIntruptRegsFile)

XintRegsFile 
*          1    00007070    0000000b     UNINITIALIZED
                  00007070    0000000b     F2837xD_GlobalVariableDefs.obj (XintRegsFile)

SciaRegsFile 
*          1    00007200    00000010     UNINITIALIZED
                  00007200    00000010     F2837xD_GlobalVariableDefs.obj (SciaRegsFile)

ScibRegsFile 
*          1    00007210    00000010     UNINITIALIZED
                  00007210    00000010     F2837xD_GlobalVariableDefs.obj (ScibRegsFile)

ScicRegsFile 
*          1    00007220    00000010     UNINITIALIZED
                  00007220    00000010     F2837xD_GlobalVariableDefs.obj (ScicRegsFile)

ScidRegsFile 
*          1    00007230    00000010     UNINITIALIZED
                  00007230    00000010     F2837xD_GlobalVariableDefs.obj (ScidRegsFile)

I2caRegsFile 
*          1    00007300    00000022     UNINITIALIZED
                  00007300    00000022     F2837xD_GlobalVariableDefs.obj (I2caRegsFile)

I2cbRegsFile 
*          1    00007340    00000022     UNINITIALIZED
                  00007340    00000022     F2837xD_GlobalVariableDefs.obj (I2cbRegsFile)

InputXbarRegsFile 
*          1    00007900    00000020     UNINITIALIZED
                  00007900    00000020     F2837xD_GlobalVariableDefs.obj (InputXbarRegsFile)

XbarRegsFile 
*          1    00007920    00000020     UNINITIALIZED
                  00007920    00000020     F2837xD_GlobalVariableDefs.obj (XbarRegsFile)

SyncSocRegsFile 
*          1    00007940    00000006     UNINITIALIZED
                  00007940    00000006     F2837xD_GlobalVariableDefs.obj (SyncSocRegsFile)

DmaClaSrcSelRegsFile 
*          1    00007980    0000001a     UNINITIALIZED
                  00007980    0000001a     F2837xD_GlobalVariableDefs.obj (DmaClaSrcSelRegsFile)

EPwmXbarRegsFile 
*          1    00007a00    00000040     UNINITIALIZED
                  00007a00    00000040     F2837xD_GlobalVariableDefs.obj (EPwmXbarRegsFile)

OutputXbarRegsFile 
*          1    00007a80    00000040     UNINITIALIZED
                  00007a80    00000040     F2837xD_GlobalVariableDefs.obj (OutputXbarRegsFile)

GpioCtrlRegsFile 
*          1    00007c00    00000180     UNINITIALIZED
                  00007c00    00000180     F2837xD_GlobalVariableDefs.obj (GpioCtrlRegsFile)

GpioDataRegsFile 
*          1    00007f00    00000030     UNINITIALIZED
                  00007f00    00000030     F2837xD_GlobalVariableDefs.obj (GpioDataRegsFile)

SHARE_GSRAM_CPU1 
*          1    00011000    00001b30     UNINITIALIZED
                  00011000    00001b30     main_CPU1.obj (SHARE_GSRAM_CPU1)

SHARE_GSRAM_CPU2 
*          1    00013000    000014a8     UNINITIALIZED
                  00013000    000014a8     main_CPU1.obj (SHARE_GSRAM_CPU2)

PUTBUFFER 
*          1    0003fc00    00000080     UNINITIALIZED
                  0003fc00    00000080     F2837xD_Ipc_Driver.obj (PUTBUFFER)

PUTWRITEIDX 
*          1    0003fc80    00000004     UNINITIALIZED
                  0003fc80    00000004     F2837xD_Ipc_Driver.obj (PUTWRITEIDX)

GETREADIDX 
*          1    0003fc84    00000004     UNINITIALIZED
                  0003fc84    00000004     F2837xD_Ipc_Driver.obj (GETREADIDX)

GETBUFFER 
*          0    0003f800    00000080     DSECT
                  0003f800    00000080     F2837xD_Ipc_Driver.obj (GETBUFFER)

GETWRITEIDX 
*          0    0003f880    00000004     DSECT
                  0003f880    00000004     F2837xD_Ipc_Driver.obj (GETWRITEIDX)

PUTREADIDX 
*          0    0003f884    00000004     DSECT
                  0003f884    00000004     F2837xD_Ipc_Driver.obj (PUTREADIDX)

PieVectTableFile 
*          0    00000d00    000001c0     DSECT
                  00000d00    000001c0     F2837xD_GlobalVariableDefs.obj (PieVectTableFile)

EmuBModeVar 
*          0    00000d00    00000001     DSECT
                  00000d00    00000001     F2837xD_GlobalVariableDefs.obj (EmuBModeVar)

EmuBootPinsVar 
*          0    00000d01    00000001     DSECT
                  00000d01    00000001     F2837xD_GlobalVariableDefs.obj (EmuBootPinsVar)

AdcaResultFile 
*          1    00000b00    00000018     UNINITIALIZED
                  00000b00    00000018     F2837xD_GlobalVariableDefs.obj (AdcaResultFile)

AdcbResultFile 
*          1    00000b20    00000018     UNINITIALIZED
                  00000b20    00000018     F2837xD_GlobalVariableDefs.obj (AdcbResultFile)

AdccResultFile 
*          1    00000b40    00000018     UNINITIALIZED
                  00000b40    00000018     F2837xD_GlobalVariableDefs.obj (AdccResultFile)

AdcdResultFile 
*          1    00000b60    00000018     UNINITIALIZED
                  00000b60    00000018     F2837xD_GlobalVariableDefs.obj (AdcdResultFile)

AdcaRegsFile 
*          1    00007400    00000080     UNINITIALIZED
                  00007400    00000080     F2837xD_GlobalVariableDefs.obj (AdcaRegsFile)

AdcbRegsFile 
*          1    00007480    00000080     UNINITIALIZED
                  00007480    00000080     F2837xD_GlobalVariableDefs.obj (AdcbRegsFile)

AdccRegsFile 
*          1    00007500    00000080     UNINITIALIZED
                  00007500    00000080     F2837xD_GlobalVariableDefs.obj (AdccRegsFile)

AdcdRegsFile 
*          1    00007580    00000080     UNINITIALIZED
                  00007580    00000080     F2837xD_GlobalVariableDefs.obj (AdcdRegsFile)

Emif1RegsFile 
*          1    00047000    00000070     UNINITIALIZED
                  00047000    00000070     F2837xD_GlobalVariableDefs.obj (Emif1RegsFile)

Emif2RegsFile 
*          1    00047800    00000070     UNINITIALIZED
                  00047800    00000070     F2837xD_GlobalVariableDefs.obj (Emif2RegsFile)

CanaRegsFile 
*          1    00048000    00000164     UNINITIALIZED
                  00048000    00000164     F2837xD_GlobalVariableDefs.obj (CanaRegsFile)

CanbRegsFile 
*          1    0004a000    00000164     UNINITIALIZED
                  0004a000    00000164     F2837xD_GlobalVariableDefs.obj (CanbRegsFile)

AnalogSubsysRegsFile 
*          1    0005d180    00000048     UNINITIALIZED
                  0005d180    00000048     F2837xD_GlobalVariableDefs.obj (AnalogSubsysRegsFile)

Cla1SoftIntRegsFile 
*          1    00000ce0    00000004     DSECT
                  00000ce0    00000004     F2837xD_GlobalVariableDefs.obj (Cla1SoftIntRegsFile)

Cmpss1RegsFile 
*          1    00005c80    00000020     UNINITIALIZED
                  00005c80    00000020     F2837xD_GlobalVariableDefs.obj (Cmpss1RegsFile)

Cmpss2RegsFile 
*          1    00005ca0    00000020     UNINITIALIZED
                  00005ca0    00000020     F2837xD_GlobalVariableDefs.obj (Cmpss2RegsFile)

Cmpss3RegsFile 
*          1    00005cc0    00000020     UNINITIALIZED
                  00005cc0    00000020     F2837xD_GlobalVariableDefs.obj (Cmpss3RegsFile)

Cmpss4RegsFile 
*          1    00005ce0    00000020     UNINITIALIZED
                  00005ce0    00000020     F2837xD_GlobalVariableDefs.obj (Cmpss4RegsFile)

Cmpss5RegsFile 
*          1    00005d00    00000020     UNINITIALIZED
                  00005d00    00000020     F2837xD_GlobalVariableDefs.obj (Cmpss5RegsFile)

Cmpss6RegsFile 
*          1    00005d20    00000020     UNINITIALIZED
                  00005d20    00000020     F2837xD_GlobalVariableDefs.obj (Cmpss6RegsFile)

Cmpss7RegsFile 
*          1    00005d40    00000020     UNINITIALIZED
                  00005d40    00000020     F2837xD_GlobalVariableDefs.obj (Cmpss7RegsFile)

Cmpss8RegsFile 
*          1    00005d60    00000020     UNINITIALIZED
                  00005d60    00000020     F2837xD_GlobalVariableDefs.obj (Cmpss8RegsFile)

IpcRegsFile 
*          1    00050000    00000024     UNINITIALIZED
                  00050000    00000024     F2837xD_GlobalVariableDefs.obj (IpcRegsFile)

FlashPumpSemaphoreRegsFile 
*          1    00050024    00000002     UNINITIALIZED
                  00050024    00000002     F2837xD_GlobalVariableDefs.obj (FlashPumpSemaphoreRegsFile)

RomPrefetchRegsFile 
*          1    0005e608    00000002     UNINITIALIZED
                  0005e608    00000002     F2837xD_GlobalVariableDefs.obj (RomPrefetchRegsFile)

DcsmZ1RegsFile 
*          1    0005f000    00000024     UNINITIALIZED
                  0005f000    00000024     F2837xD_GlobalVariableDefs.obj (DcsmZ1RegsFile)

DcsmZ2RegsFile 
*          1    0005f040    00000024     UNINITIALIZED
                  0005f040    00000024     F2837xD_GlobalVariableDefs.obj (DcsmZ2RegsFile)

DcsmCommonRegsFile 
*          1    0005f070    00000008     UNINITIALIZED
                  0005f070    00000008     F2837xD_GlobalVariableDefs.obj (DcsmCommonRegsFile)

MemCfgRegsFile 
*          1    0005f400    00000080     UNINITIALIZED
                  0005f400    00000080     F2837xD_GlobalVariableDefs.obj (MemCfgRegsFile)

Emif1ConfigRegsFile 
*          1    0005f480    00000020     UNINITIALIZED
                  0005f480    00000020     F2837xD_GlobalVariableDefs.obj (Emif1ConfigRegsFile)

Emif2ConfigRegsFile 
*          1    0005f4a0    00000020     UNINITIALIZED
                  0005f4a0    00000020     F2837xD_GlobalVariableDefs.obj (Emif2ConfigRegsFile)

AccessProtectionRegsFile 
*          1    0005f4c0    00000040     UNINITIALIZED
                  0005f4c0    00000040     F2837xD_GlobalVariableDefs.obj (AccessProtectionRegsFile)

MemoryErrorRegsFile 
*          1    0005f500    00000040     UNINITIALIZED
                  0005f500    00000040     F2837xD_GlobalVariableDefs.obj (MemoryErrorRegsFile)

RomWaitStateRegsFile 
*          1    0005f540    00000002     UNINITIALIZED
                  0005f540    00000002     F2837xD_GlobalVariableDefs.obj (RomWaitStateRegsFile)

Flash0CtrlRegsFile 
*          1    0005f800    00000182     UNINITIALIZED
                  0005f800    00000182     F2837xD_GlobalVariableDefs.obj (Flash0CtrlRegsFile)

Flash0EccRegsFile 
*          1    0005fb00    00000028     UNINITIALIZED
                  0005fb00    00000028     F2837xD_GlobalVariableDefs.obj (Flash0EccRegsFile)

DevCfgRegsFile 
*          1    0005d000    0000012e     UNINITIALIZED
                  0005d000    0000012e     F2837xD_GlobalVariableDefs.obj (DevCfgRegsFile)

ClkCfgRegsFile 
*          1    0005d200    00000032     UNINITIALIZED
                  0005d200    00000032     F2837xD_GlobalVariableDefs.obj (ClkCfgRegsFile)

CpuSysRegsFile 
*          1    0005d300    00000082     UNINITIALIZED
                  0005d300    00000082     F2837xD_GlobalVariableDefs.obj (CpuSysRegsFile)

.text.1    0    00082650    000019b0     
                  00082650    00000ca1     PhoenixonControls_TUNING.obj (.text)
                  000832f1    00000585     F2837xD_DefaultISR.obj (.text:retain)
                  00083876    000003f7     PhoenixonControls_OPERATION.obj (.text)
                  00083c6d    00000250     device.obj (.text)
                  00083ebd    00000113     PhoenixonControls_AD5547_DAC.obj (.text)
                  00083fd0    00000029     driverlib.lib : flash.obj (.text:_Flash_setBankPowerUpDelay)
                  00083ff9    00000003     F2837xD_DBGIER.obj (.text)
                  00083ffc    00000002     driverlib.lib : interrupt.obj (.text:_Interrupt_illegalOperationHandler)
                  00083ffe    00000002                   : interrupt.obj (.text:_Interrupt_nmiHandler)

.text.2    0    00084000    000015ab     
                  00084000    000003df     PhoenixonControls_GPIO.obj (.text)
                  000843df    00000244     F2837xD_Gpio.obj (.text)
                  00084623    00000221     driverlib.lib : sysctl.obj (.text:_SysCtl_setClock)
                  00084844    000001d9     PhoenixonControls_ADC.obj (.text)
                  00084a1d    000001ab     PhoenixonControls_EMIF.obj (.text)
                  00084bc8    00000183     main_CPU1.obj (.text)
                  00084d4b    00000107     rts2800_fpu32.lib : ll_div28.asm.obj (.text)
                  00084e52    000000d4     PhoenixonControls_TIMER.obj (.text)
                  00084f26    0000009a     driverlib.lib : adc.obj (.text:_ADC_setMode)
                  00084fc0    00000088     rts2800_fpu32.lib : fs_div28.asm.obj (.text)
                  00085048    00000073     PhoenixonControls_AD5664R_DAC.obj (.text)
                  000850bb    00000071     PhoenixonControls_CONTROL.obj (.text)
                  0008512c    0000005d     memcpy_fast_far.obj (.text)
                  00085189    00000056     rts2800_fpu32.lib : boot28.asm.obj (.text)
                  000851df    00000054     driverlib.lib : interrupt.obj (.text:_Interrupt_initModule)
                  00085233    00000052                   : gpio.obj (.text:_GPIO_setPadConfig)
                  00085285    0000004d                   : sysctl.obj (.text:_SysCtl_selectOscSource)
                  000852d2    0000003d                   : gpio.obj (.text:_GPIO_setPinConfig)
                  0008530f    00000038                   : gpio.obj (.text:_GPIO_setMasterCore)
                  00085347    00000038                   : gpio.obj (.text:_GPIO_setQualificationMode)
                  0008537f    00000033                   : interrupt.obj (.text:_Interrupt_enable)
                  000853b2    00000031                   : gpio.obj (.text:_GPIO_setDirectionMode)
                  000853e3    00000029     rts2800_fpu32.lib : exit.c.obj (.text)
                  0008540c    00000026     driverlib.lib : memcfg.obj (.text:_MemCfg_setGSRAMMasterSel)
                  00085432    00000024     rts2800_fpu32.lib : cpy_tbl.c.obj (.text)
                  00085456    00000020     driverlib.lib : interrupt.obj (.text:_Interrupt_initVectorTable)
                  00085476    0000001e     rts2800_fpu32.lib : ll_cmp28.asm.obj (.text)
                  00085494    0000001d                       : memcpy.c.obj (.text)
                  000854b1    0000001a     driverlib.lib : cputimer.obj (.text:_CPUTimer_isBaseValid)
                  000854cb    00000019     rts2800_fpu32.lib : args_main.c.obj (.text)
                  000854e4    00000018                       : ll_aox28.asm.obj (.text)
                  000854fc    00000013     driverlib.lib : cputimer.obj (.text:_CPUTimer_setEmulationMode)
                  0008550f    00000011     rts2800_fpu32.lib : ull_tofsfpu32.asm.obj (.text)
                  00085520    00000010     driverlib.lib : flash.obj (.text:_Flash_isCtrlBaseValid)
                  00085530    00000010                   : flash.obj (.text:_Flash_isECCBaseValid)
                  00085540    0000000e                   : gpio.obj (.text:_GPIO_isPinValid)
                  0008554e    0000000e                   : interrupt.obj (.text:_Interrupt_defaultHandler)
                  0008555c    0000000d     PhoenixonControls_AD7608_ADC.obj (.text)
                  00085569    0000000d     driverlib.lib : interrupt.obj (.text:_Interrupt_disableMaster)
                  00085576    0000000d                   : interrupt.obj (.text:_Interrupt_enableMaster)
                  00085583    0000000b                   : sysctl.obj (.text:_SysCtl_isMCDClockFailureDetected)
                  0008558e    00000009                   : sysctl.obj (.text:_SysCtl_serviceWatchdog)
                  00085597    00000009     rts2800_fpu32.lib : _lock.c.obj (.text)
                  000855a0    00000008     F2837xD_CodeStartBranch.obj (.text)
                  000855a8    00000002     rts2800_fpu32.lib : pre_init.c.obj (.text)
                  000855aa    00000001                       : startup.c.obj (.text)

.ebss.1    1    00008000    00001435     UNINITIALIZED
                  00008000    00000892     PhoenixonControls_TUNING.obj (.ebss)
                  00008892    0000001f     PhoenixonControls_COMMUNICATION.obj (.ebss)
                  000088b1    00000001     F2837xD_sci_io.obj (.ebss)
                  000088b2    0000000e     F2837xD_struct.obj (.ebss:_ECAP)
                  000088c0    000005d0     main_CPU1.obj (.ebss:_s_Operation)
                  00008e90    00000030     PhoenixonControls_CALIBRATION.obj (.ebss:_VoltageCharge_ADC)
                  00008ec0    000000b0     PhoenixonControls_CALIBRATION.obj (.ebss:_CurrentCharge_ADC)
                  00008f70    00000010     PhoenixonControls_OPERATION.obj (.ebss:_old_time_span$22)
                  00008f80    000000b0     PhoenixonControls_CALIBRATION.obj (.ebss:_CurrentCharge_REF)
                  00009030    00000010     PhoenixonControls_CONTROL.obj (.ebss:_s_Data$10)
                  00009040    000000b0     PhoenixonControls_CALIBRATION.obj (.ebss:_CurrentDischarge_ADC)
                  000090f0    00000010     PhoenixonControls_CONTROL.obj (.ebss:_s_Data$11)
                  00009100    000000b0     PhoenixonControls_CALIBRATION.obj (.ebss:_CurrentDischarge_REF)
                  000091b0    00000010     PhoenixonControls_CONTROL.obj (.ebss:_s_Data$6)
                  000091c0    00000030     PhoenixonControls_CALIBRATION.obj (.ebss:_VoltageCharge_REF)
                  000091f0    00000010     PhoenixonControls_CONTROL.obj (.ebss:_s_Data$9)
                  00009200    00000030     PhoenixonControls_CALIBRATION.obj (.ebss:_VoltageDischarge_ADC)
                  00009230    0000000a     F2837xD_struct.obj (.ebss:_ADC)
                  0000923a    00000006     F2837xD_TempSensorConv.obj (.ebss)
                  00009240    00000030     PhoenixonControls_CALIBRATION.obj (.ebss:_VoltageDischarge_REF)
                  00009270    00000008     PhoenixonControls_TIMER.obj (.ebss:_AVGCounter)
                  00009278    00000008     PhoenixonControls_OPERATION.obj (.ebss:_Current$24)
                  00009280    0000001e     F2837xD_struct.obj (.ebss:_TRIP_SEL)
                  0000929e    0000001a     F2837xD_struct.obj (.ebss:_EPWM)
                  000092b8    00000008     PhoenixonControls_TIMER.obj (.ebss:_CurrentAVG)
                  000092c0    00000018     F2837xD_CpuTimers.obj (.ebss)
                  000092d8    00000008     F2837xD_struct.obj (.ebss:_EQEP)
                  000092e0    00000008     F2837xD_struct.obj (.ebss:_SPI)
                  000092e8    00000008     PhoenixonControls_OPERATION.obj (.ebss:_SettingTime$10)
                  000092f0    00000008     PhoenixonControls_OPERATION.obj (.ebss:_ValueTemp$19)
                  000092f8    00000008     PhoenixonControls_OPERATION.obj (.ebss:_Voltage$23)
                  00009300    00000008     PhoenixonControls_TIMER.obj (.ebss:_VoltageAVG)
                  00009308    00000008     PhoenixonControls_TIMER.obj (.ebss:_WattAVG)
                  00009310    00000008     PhoenixonControls_OPERATION.obj (.ebss:_current$25)
                  00009318    00000008     PhoenixonControls_CONTROL.obj (.ebss:_s_Data$1)
                  00009320    00000008     PhoenixonControls_CONTROL.obj (.ebss:_s_Data$2)
                  00009328    00000008     PhoenixonControls_CONTROL.obj (.ebss:_s_Data$3)
                  00009330    00000008     PhoenixonControls_CONTROL.obj (.ebss:_s_Data$4)
                  00009338    00000008     PhoenixonControls_CONTROL.obj (.ebss:_s_Data$5)
                  00009340    00000008     PhoenixonControls_CONTROL.obj (.ebss:_s_Data$7)
                  00009348    00000008     PhoenixonControls_CONTROL.obj (.ebss:_s_Data$8)
                  00009350    00000006     F2837xD_struct.obj (.ebss:_SDFM)
                  00009356    00000006     rts2800_fpu32.lib : exit.c.obj (.ebss)
                  0000935c    00000004     PhoenixonControls_TIMER.obj (.ebss:_Bank)
                  00009360    00000004     PhoenixonControls_OPERATION.obj (.ebss:_CC_To_CV_Change_Flag$2)
                  00009364    00000004     PhoenixonControls_ALARM.obj (.ebss:_CheckTime$1)
                  00009368    00000004     PhoenixonControls_ALARM.obj (.ebss:_CheckTime$22)
                  0000936c    00000004     PhoenixonControls_ALARM.obj (.ebss:_CheckTime$24)
                  00009370    00000004     PhoenixonControls_ALARM.obj (.ebss:_CheckTime$26)
                  00009374    00000004     PhoenixonControls_ALARM.obj (.ebss:_CheckTime$28)
                  00009378    00000004     PhoenixonControls_ALARM.obj (.ebss:_CheckTime$30)
                  0000937c    00000004     PhoenixonControls_ALARM.obj (.ebss:_CheckTime$32)
                  00009380    00000004     PhoenixonControls_ALARM.obj (.ebss:_CheckTime$4)
                  00009384    00000004     PhoenixonControls_ALARM.obj (.ebss:_CheckTime$7)
                  00009388    00000004     PhoenixonControls_ALARM.obj (.ebss:_CommandFlagOld$3)
                  0000938c    00000004     PhoenixonControls_ALARM.obj (.ebss:_CommandFlagOld$6)
                  00009390    00000004     PhoenixonControls_ALARM.obj (.ebss:_CommandFlagOld$9)
                  00009394    00000004     PhoenixonControls_TIMER.obj (.ebss:_DataCount)
                  00009398    00000004     main_CPU1.obj (.ebss:_DataCount_old)
                  0000939c    00000004     PhoenixonControls_TIMER.obj (.ebss:_EndConditionState)
                  000093a0    00000004     PhoenixonControls_OPERATION.obj (.ebss:_Flag$21)
                  000093a4    00000004     PhoenixonControls_OPERATION.obj (.ebss:_Flag$4)
                  000093a8    00000004     PhoenixonControls_TIMER.obj (.ebss:_FlagPause)
                  000093ac    00000004     F2837xD_struct.obj (.ebss:_I2C)
                  000093b0    00000004     PhoenixonControls_OPERATION.obj (.ebss:_Index$11)
                  000093b4    00000004     PhoenixonControls_OPERATION.obj (.ebss:_Index$14)
                  000093b8    00000004     PhoenixonControls_OPERATION.obj (.ebss:_Index$15)
                  000093bc    00000004     PhoenixonControls_OPERATION.obj (.ebss:_Index$18)
                  000093c0    00000004     PhoenixonControls_OPERATION.obj (.ebss:_Index$5)
                  000093c4    00000004     PhoenixonControls_OPERATION.obj (.ebss:_Index$9)
                  000093c8    00000004     F2837xD_struct.obj (.ebss:_MCBSP)
                  000093cc    00000004     PhoenixonControls_OPERATION.obj (.ebss:_ReaultTemp$20)
                  000093d0    00000004     PhoenixonControls_OPERATION.obj (.ebss:_RiseFallTime$12)
                  000093d4    00000004     PhoenixonControls_OPERATION.obj (.ebss:_RiseFallTime$16)
                  000093d8    00000004     F2837xD_struct.obj (.ebss:_SCI)
                  000093dc    00000004     PhoenixonControls_TIMER.obj (.ebss:_SaveCOMMAND)
                  000093e0    00000004     PhoenixonControls_ALARM.obj (.ebss:_SetTime$23)
                  000093e4    00000004     PhoenixonControls_ALARM.obj (.ebss:_SetTime$25)
                  000093e8    00000004     PhoenixonControls_ALARM.obj (.ebss:_SetTime$27)
                  000093ec    00000004     PhoenixonControls_ALARM.obj (.ebss:_SetTime$29)
                  000093f0    00000004     PhoenixonControls_ALARM.obj (.ebss:_SetTime$2)
                  000093f4    00000004     PhoenixonControls_ALARM.obj (.ebss:_SetTime$31)
                  000093f8    00000004     PhoenixonControls_ALARM.obj (.ebss:_SetTime$33)
                  000093fc    00000004     PhoenixonControls_ALARM.obj (.ebss:_SetTime$5)
                  00009400    00000004     PhoenixonControls_ALARM.obj (.ebss:_SetTime$8)
                  00009404    00000004     PhoenixonControls_OPERATION.obj (.ebss:_SettingTime$13)
                  00009408    00000004     PhoenixonControls_OPERATION.obj (.ebss:_SettingTime$17)
                  0000940c    00000004     PhoenixonControls_OPERATION.obj (.ebss:_SettingTime$3)
                  00009410    00000004     PhoenixonControls_OPERATION.obj (.ebss:_SettingTime$8)
                  00009414    00000004     PhoenixonControls_TIMER.obj (.ebss:_UpdateFlagStepEnd)
                  00009418    00000004     PhoenixonControls_TIMER.obj (.ebss:_UpdateFlagStepStart)
                  0000941c    00000004     PhoenixonControls_OPERATION.obj (.ebss:_error_time$7)
                  00009420    00000004     PhoenixonControls_OPERATION.obj (.ebss:_old_Command$1)
                  00009424    00000004     PhoenixonControls_OPERATION.obj (.ebss:_sensing_stable_count$6)
                  00009428    00000002     PhoenixonControls_AD7606_ADC.obj (.ebss)
                  0000942a    00000002     PhoenixonControls_AD7608_ADC.obj (.ebss)
                  0000942c    00000002     rts2800_fpu32.lib : _lock.c.obj (.ebss:__lock)
                  0000942e    00000002                       : _lock.c.obj (.ebss:__unlock)
                  00009430    00000002     main_CPU1.obj (.ebss)
                  00009432    00000001     PhoenixonControls_AD5547_DAC.obj (.ebss)
                  00009433    00000001     PhoenixonControls_OPERATION.obj (.ebss)
                  00009434    00000001     PhoenixonControls_TIMER.obj (.ebss)

.ebss.2    1    00015000    00006a70     UNINITIALIZED
                  00015000    00006a70     PhoenixonControls_COMMUNICATION.obj (.ebss:_s_DATA)

MODULE SUMMARY

       Module                                code    initialized data   uninitialized data
       ------                                ----    ----------------   ------------------
    .\PHOENIXON_CONTROLS\CPU\source\
       PhoenixonControls_COMMUNICATION.obj   2990    0                  27279             
       main_CPU1.obj                         387     67                 13742             
       PhoenixonControls_OPERATION.obj       9357    112                133               
       PhoenixonControls_TIMER.obj           6480    52                 61                
       PhoenixonControls_TUNING.obj          3233    32                 2194              
       PhoenixonControls_CONTROL.obj         4297    153                120               
       PhoenixonControls_ALARM.obj           4184    84                 84                
       PhoenixonControls_CALIBRATION.obj     794     920                896               
       PhoenixonControls_GPIO.obj            991     0                  0                 
       PhoenixonControls_ADC.obj             985     0                  0                 
       PhoenixonControls_AD7608_ADC.obj      735     8                  2                 
       PhoenixonControls_SENSING.obj         712     0                  0                 
       PhoenixonControls_EMIF.obj            513     0                  0                 
       PhoenixonControls_AD5547_DAC.obj      379     4                  1                 
       PhoenixonControls_AD5664R_DAC.obj     115     0                  0                 
       memcpy_fast_far.obj                   93      0                  0                 
       PhoenixonControls_AD7606_ADC.obj      0       8                  2                 
    +--+-------------------------------------+-------+------------------+--------------------+
       Total:                                36245   1440               44514             
                                                                                          
    .\common\source\
       F2837xD_DefaultISR.obj                1413    0                  0                 
       device.obj                            592     0                  0                 
       F2837xD_Gpio.obj                      580     0                  0                 
       F2837xD_struct.obj                    0       144                114               
       F2837xD_Ipc_Driver.obj                0       0                  136               
       F2837xD_CpuTimers.obj                 0       0                  24                
       F2837xD_CodeStartBranch.obj           10      0                  0                 
       F2837xD_usDelay.obj                   8       0                  0                 
       F2837xD_TempSensorConv.obj            0       0                  6                 
       F2837xD_sci_io.obj                    0       4                  1                 
       F2837xD_DBGIER.obj                    3       0                  0                 
    +--+-------------------------------------+-------+------------------+--------------------+
       Total:                                2606    148                281               
                                                                                          
    .\headers\source\
       F2837xD_GlobalVariableDefs.obj        0       0                  8245              
    +--+-------------------------------------+-------+------------------+--------------------+
       Total:                                0       0                  8245              
                                                                                          
    ../driverlib/driverlib.lib
       flash.obj                             683     203                0                 
       sysctl.obj                            650     102                0                 
       gpio.obj                              318     200                0                 
       interrupt.obj                         211     105                0                 
       adc.obj                               154     99                 0                 
       cputimer.obj                          45      104                0                 
       memcfg.obj                            38      102                0                 
       spi.obj                               0       99                 0                 
    +--+-------------------------------------+-------+------------------+--------------------+
       Total:                                2099    1014               0                 
                                                                                          
    C:\ti\ccs930\ccs\tools\compiler\ti-cgt-c2000_18.12.4.LTS\lib\rts2800_fpu32.lib
       ll_div28.asm.obj                      263     0                  0                 
       fs_div28.asm.obj                      136     0                  0                 
       boot28.asm.obj                        86      0                  0                 
       exit.c.obj                            41      14                 6                 
       cpy_tbl.c.obj                         36      0                  0                 
       ll_cmp28.asm.obj                      30      0                  0                 
       memcpy.c.obj                          29      0                  0                 
       args_main.c.obj                       25      0                  0                 
       ll_aox28.asm.obj                      24      0                  0                 
       _lock.c.obj                           9       10                 4                 
       ull_tofsfpu32.asm.obj                 17      0                  0                 
       pre_init.c.obj                        2       0                  0                 
       startup.c.obj                         1       0                  0                 
    +--+-------------------------------------+-------+------------------+--------------------+
       Total:                                699     24                 10                
                                                                                          
       Stack:                                0       0                  1758              
    +--+-------------------------------------+-------+------------------+--------------------+
       Grand Total:                          41649   2626               54808             


GLOBAL DATA SYMBOLS: SORTED BY DATA PAGE

address     data page           name
--------    ----------------    ----
00000122       4 (00000100)     __stack

00000b00      2c (00000b00)     _AdcaResultRegs
00000b20      2c (00000b00)     _AdcbResultRegs

00000b40      2d (00000b40)     _AdccResultRegs
00000b60      2d (00000b40)     _AdcdResultRegs

00000c00      30 (00000c00)     _CpuTimer0Regs
00000c08      30 (00000c00)     _CpuTimer1Regs
00000c10      30 (00000c00)     _CpuTimer2Regs

00000ce0      33 (00000cc0)     _Cla1SoftIntRegs
00000ce0      33 (00000cc0)     _PieCtrlRegs

00000d00      34 (00000d00)     _EmuBMode
00000d00      34 (00000d00)     _PieVectTable
00000d01      34 (00000d00)     _EmuBootPins

00001000      40 (00001000)     _DmaRegs

00001400      50 (00001400)     _Cla1Regs

00004000     100 (00004000)     _EPwm1Regs

00004100     104 (00004100)     _EPwm2Regs

00004200     108 (00004200)     _EPwm3Regs

00004300     10c (00004300)     _EPwm4Regs

00004400     110 (00004400)     _EPwm5Regs

00004500     114 (00004500)     _EPwm6Regs

00004600     118 (00004600)     _EPwm7Regs

00004700     11c (00004700)     _EPwm8Regs

00004800     120 (00004800)     _EPwm9Regs

00004900     124 (00004900)     _EPwm10Regs

00004a00     128 (00004a00)     _EPwm11Regs

00004b00     12c (00004b00)     _EPwm12Regs

00005000     140 (00005000)     _ECap1Regs
00005020     140 (00005000)     _ECap2Regs

00005040     141 (00005040)     _ECap3Regs
00005060     141 (00005040)     _ECap4Regs

00005080     142 (00005080)     _ECap5Regs
000050a0     142 (00005080)     _ECap6Regs

00005100     144 (00005100)     _EQep1Regs

00005140     145 (00005140)     _EQep2Regs

00005180     146 (00005180)     _EQep3Regs

00005c00     170 (00005c00)     _DacaRegs
00005c10     170 (00005c00)     _DacbRegs
00005c20     170 (00005c00)     _DaccRegs

00005c80     172 (00005c80)     _Cmpss1Regs
00005ca0     172 (00005c80)     _Cmpss2Regs

00005cc0     173 (00005cc0)     _Cmpss3Regs
00005ce0     173 (00005cc0)     _Cmpss4Regs

00005d00     174 (00005d00)     _Cmpss5Regs
00005d20     174 (00005d00)     _Cmpss6Regs

00005d40     175 (00005d40)     _Cmpss7Regs
00005d60     175 (00005d40)     _Cmpss8Regs

00005e00     178 (00005e00)     _Sdfm1Regs

00005e80     17a (00005e80)     _Sdfm2Regs

00006000     180 (00006000)     _McbspaRegs

00006040     181 (00006040)     _McbspbRegs

00006100     184 (00006100)     _SpiaRegs
00006110     184 (00006100)     _SpibRegs
00006120     184 (00006100)     _SpicRegs

00006200     188 (00006200)     _UppRegs

00007000     1c0 (00007000)     _WdRegs

00007060     1c1 (00007040)     _NmiIntruptRegs
00007070     1c1 (00007040)     _XintRegs

00007200     1c8 (00007200)     _SciaRegs
00007210     1c8 (00007200)     _ScibRegs
00007220     1c8 (00007200)     _ScicRegs
00007230     1c8 (00007200)     _ScidRegs

00007300     1cc (00007300)     _I2caRegs

00007340     1cd (00007340)     _I2cbRegs

00007400     1d0 (00007400)     _AdcaRegs

00007480     1d2 (00007480)     _AdcbRegs

00007500     1d4 (00007500)     _AdccRegs

00007580     1d6 (00007580)     _AdcdRegs

00007900     1e4 (00007900)     _InputXbarRegs
00007920     1e4 (00007900)     _XbarRegs

00007940     1e5 (00007940)     _SyncSocRegs

00007980     1e6 (00007980)     _DmaClaSrcSelRegs

00007a00     1e8 (00007a00)     _EPwmXbarRegs

00007a80     1ea (00007a80)     _OutputXbarRegs

00007c00     1f0 (00007c00)     _GpioCtrlRegs

00007f00     1fc (00007f00)     _GpioDataRegs

00008000     200 (00008000)     _g_vi_tune

00008892     222 (00008880)     _s_SENSING_END
00008895     222 (00008880)     _s_JUMP
00008899     222 (00008880)     _s_COMMAND
0000889d     222 (00008880)     _s_PAUSE
000088a2     222 (00008880)     _s_START
000088a9     222 (00008880)     _s_SENSING_ALARM
000088b1     222 (00008880)     _deviceOpen
000088b2     222 (00008880)     _ECAP

000088c0     223 (000088c0)     _s_Operation

00008e90     23a (00008e80)     _VoltageCharge_ADC

00008ec0     23b (00008ec0)     _CurrentCharge_ADC

00008f80     23e (00008f80)     _CurrentCharge_REF

00009040     241 (00009040)     _CurrentDischarge_ADC

00009100     244 (00009100)     _CurrentDischarge_REF

000091c0     247 (000091c0)     _VoltageCharge_REF

00009200     248 (00009200)     _VoltageDischarge_ADC
00009230     248 (00009200)     _ADC
0000923a     248 (00009200)     _tempSensor_tempSlope
0000923c     248 (00009200)     _tempSensor_tempOffset
0000923e     248 (00009200)     _tempSensor_scaleFactor

00009240     249 (00009240)     _VoltageDischarge_REF
00009270     249 (00009240)     _AVGCounter

00009280     24a (00009280)     _TRIP_SEL
0000929e     24a (00009280)     _EPWM
000092b8     24a (00009280)     _CurrentAVG

000092c0     24b (000092c0)     _CpuTimer0
000092c8     24b (000092c0)     _CpuTimer1
000092d0     24b (000092c0)     _CpuTimer2
000092d8     24b (000092c0)     _EQEP
000092e0     24b (000092c0)     _SPI

00009300     24c (00009300)     _VoltageAVG
00009308     24c (00009300)     _WattAVG

00009350     24d (00009340)     _SDFM
00009356     24d (00009340)     ___TI_enable_exit_profile_output
00009358     24d (00009340)     ___TI_cleanup_ptr
0000935a     24d (00009340)     ___TI_dtors_ptr
0000935c     24d (00009340)     _Bank

00009394     24e (00009380)     _DataCount
00009398     24e (00009380)     _DataCount_old
0000939c     24e (00009380)     _EndConditionState
000093a8     24e (00009380)     _FlagPause
000093ac     24e (00009380)     _I2C

000093c8     24f (000093c0)     _MCBSP
000093d8     24f (000093c0)     _SCI
000093dc     24f (000093c0)     _SaveCOMMAND

00009414     250 (00009400)     _UpdateFlagStepEnd
00009418     250 (00009400)     _UpdateFlagStepStart
0000942c     250 (00009400)     __lock
0000942e     250 (00009400)     __unlock
00009430     250 (00009400)     _g_capacity_1h
00009434     250 (00009400)     _int_ch_check

00011000     440 (00011000)     _SYNC_SIGNAL_CPU1
00011002     440 (00011000)     _GSRAM_DATA_BANK_INDEX_CPU1
0001100a     440 (00011000)     _ui_UpdateflagCPU1
00011012     440 (00011000)     _ui_UpdateSTEPCPU1
0001101a     440 (00011000)     _ui_UpdateDATACPU1

00011040     441 (00011040)     _CELL_SCAN_DATA

00013000     4c0 (00013000)     _SYNC_SIGNAL_CPU2
00013002     4c0 (00013000)     _GSRAM_DATA_BANK_INDEX_CPU2
0001300a     4c0 (00013000)     _ui_UpdateflagCPU2
00013012     4c0 (00013000)     _ui_UpdateSTEPCPU2
0001301a     4c0 (00013000)     _ui_UpdateDATACPU2

00013040     4c1 (00013040)     _SCIARxBuff

000132c0     4cb (000132c0)     _SCHEDULE_DATA

00013700     4dc (00013700)     _SCIATxBuff

00015000     540 (00015000)     _s_DATA

0003f800     fe0 (0003f800)     _g_asIPCCPU2toCPU1Buffers

0003f880     fe2 (0003f880)     _g_usGetWriteIndexes
0003f884     fe2 (0003f880)     _g_usPutReadIndexes

0003fc00     ff0 (0003fc00)     _g_asIPCCPU1toCPU2Buffers

0003fc80     ff2 (0003fc80)     _g_usPutWriteIndexes
0003fc84     ff2 (0003fc80)     _g_usGetReadIndexes

00047000    11c0 (00047000)     _Emif1Regs

00047800    11e0 (00047800)     _Emif2Regs

00048000    1200 (00048000)     _CanaRegs

0004a000    1280 (0004a000)     _CanbRegs

00050000    1400 (00050000)     _IpcRegs
00050024    1400 (00050000)     _FlashPumpSemaphoreRegs

0005d000    1740 (0005d000)     _DevCfgRegs

0005d180    1746 (0005d180)     _AnalogSubsysRegs

0005d200    1748 (0005d200)     _ClkCfgRegs

0005d300    174c (0005d300)     _CpuSysRegs

0005e608    1798 (0005e600)     _RomPrefetchRegs

0005f000    17c0 (0005f000)     _DcsmZ1Regs

0005f040    17c1 (0005f040)     _DcsmZ2Regs
0005f070    17c1 (0005f040)     _DcsmCommonRegs

0005f400    17d0 (0005f400)     _MemCfgRegs

0005f480    17d2 (0005f480)     _Emif1ConfigRegs
0005f4a0    17d2 (0005f480)     _Emif2ConfigRegs

0005f4c0    17d3 (0005f4c0)     _AccessProtectionRegs

0005f500    17d4 (0005f500)     _MemoryErrorRegs

0005f540    17d5 (0005f540)     _RomWaitStateRegs

0005f800    17e0 (0005f800)     _Flash0CtrlRegs

0005fb00    17ec (0005fb00)     _Flash0EccRegs


GLOBAL SYMBOLS: SORTED ALPHABETICALLY BY Name 

page  address   name                                        
----  -------   ----                                        
abs   ffffffff  .text                                       
0     000853e3  C$$EXIT                                     
0     00084fc0  FS$$DIV                                     
0     000854e4  LL$$AND                                     
0     00085476  LL$$CMP                                     
0     00084d4b  LL$$DIV                                     
0     00084d87  LL$$MOD                                     
0     000854ec  LL$$OR                                      
0     000854f4  LL$$XOR                                     
0     00085488  ULL$$CMP                                    
0     00084dc1  ULL$$DIV                                    
0     00084df0  ULL$$MOD                                    
0     0008550f  ULL$$TOFS                                   
0     00083ebd  _AD5547_Init                                
0     0000f855  _AD5547_OutputSelect                        
0     00083ec0  _AD5547_Reset                               
0     00083f7a  _AD5547_Write_IREF                          
0     00083f24  _AD5547_Write_VINT                          
0     00083ece  _AD5547_Write_VREF                          
0     00085048  _AD5664R_Init                               
0     00085054  _AD5664R_Internal_Reference_Setup           
0     0008504b  _AD5664R_Reset                              
0     0008505d  _AD5664R_Write                              
0     0000f445  _AD7608_BusyCheck                           
0     0000f469  _AD7608_Conversion                          
0     0008555c  _AD7608_Init                                
0     0000f498  _AD7608_OverSamplingSelect                  
0     0000f501  _AD7608_Read                                
0     0008555f  _AD7608_Reset                               
0     0000f4d0  _AD7608_VoltageRangeSelect                  
1     00009230  _ADC                                        
0     000833af  _ADCA1_ISR                                  
0     0008362f  _ADCA2_ISR                                  
0     00083639  _ADCA3_ISR                                  
0     00083643  _ADCA4_ISR                                  
0     00083625  _ADCA_EVT_ISR                               
0     000833b9  _ADCB1_ISR                                  
0     00083657  _ADCB2_ISR                                  
0     00083661  _ADCB3_ISR                                  
0     0008366b  _ADCB4_ISR                                  
0     0008364d  _ADCB_EVT_ISR                               
0     000833c3  _ADCC1_ISR                                  
0     000837bf  _ADCC2_ISR                                  
0     000837c9  _ADCC3_ISR                                  
0     000837d3  _ADCC4_ISR                                  
0     000837b5  _ADCC_EVT_ISR                               
0     000833e1  _ADCD1_ISR                                  
0     000837e7  _ADCD2_ISR                                  
0     000837f1  _ADCD3_ISR                                  
0     000837fb  _ADCD4_ISR                                  
0     000837dd  _ADCD_EVT_ISR                               
0     00084f26  _ADC_setMode                                
0     0000e38d  _ALARM_BatteryConditionCheck                
0     0000e467  _ALARM_BatteryCurrentConnectorCheckOperating
0     0000e3e0  _ALARM_BatteryFaultCheck                    
0     0000e403  _ALARM_BatteryNoneCheck                     
0     0000e426  _ALARM_BatterySensingConnectorCheckOperating
0     0000e351  _ALARM_CommunicationConditionCheck          
0     0000e2f3  _ALARM_CurrentConditionCheck                
0     0000dd81  _ALARM_CurrentFault                         
0     0000e04c  _ALARM_CurrentReferenceFault                
0     0000e4a8  _ALARM_Emergency                            
0     0000e335  _ALARM_HeatConditionCheck                   
0     0000e2d7  _ALARM_LineConditionCheck                   
0     0000e052  _ALARM_N02VPowerFault                       
0     0000e1ef  _ALARM_N15VPowerFault                       
0     0000e121  _ALARM_P05VPowerFault                       
0     0000e0ba  _ALARM_P07VPowerFault                       
0     0000e188  _ALARM_P15VPowerFault                       
0     0000e2ac  _ALARM_PowerConditionCheck                  
0     0000e256  _ALARM_TemperatureFault                     
0     0000defd  _ALARM_VolatageInnerFault                   
0     0000e314  _ALARM_VoltageConditionCheck                
0     0000dc89  _ALARM_VoltageFault                         
0     0000e046  _ALARM_VoltageReferenceFault                
0     00083837  _AUX_PLL_SLIP_ISR                           
1     00009270  _AVGCounter                                 
1     0005f4c0  _AccessProtectionRegs                       
1     00007400  _AdcaRegs                                   
1     00000b00  _AdcaResultRegs                             
1     00007480  _AdcbRegs                                   
1     00000b20  _AdcbResultRegs                             
1     00007500  _AdccRegs                                   
1     00000b40  _AdccResultRegs                             
1     00007580  _AdcdRegs                                   
1     00000b60  _AdcdResultRegs                             
1     0005d180  _AnalogSubsysRegs                           
1     0000935c  _Bank                                       
0     0000f338  _CALIBRATION_ConversionCurrentADC           
0     0000f2b8  _CALIBRATION_ConversionREF                  
0     0000f3c5  _CALIBRATION_ConversionVoltageADC           
0     000835fd  _CANA0_ISR                                  
0     00083607  _CANA1_ISR                                  
0     00083611  _CANB0_ISR                                  
0     0008361b  _CANB1_ISR                                  
1     00011040  _CELL_SCAN_DATA                             
0     00083675  _CLA1_1_ISR                                 
0     0008367f  _CLA1_2_ISR                                 
0     00083689  _CLA1_3_ISR                                 
0     00083693  _CLA1_4_ISR                                 
0     0008369d  _CLA1_5_ISR                                 
0     000836a7  _CLA1_6_ISR                                 
0     000836b1  _CLA1_7_ISR                                 
0     000836bb  _CLA1_8_ISR                                 
0     00083841  _CLA_OVERFLOW_ISR                           
0     0008384b  _CLA_UNDERFLOW_ISR                          
0     0000f181  _COMMUNICATION_ALARMWrite                   
0     0000efa4  _COMMUNICATION_COMMANDRead                  
0     0000f053  _COMMUNICATION_DATAWrite                    
0     0000f126  _COMMUNICATION_ENDWrite                     
0     0000ef9d  _COMMUNICATION_JUMPRead                     
0     0000f04c  _COMMUNICATION_PAUSERead                    
0     0000efdf  _COMMUNICATION_STARTRead                    
0     0000ece1  _COMMUNICATION_STEPRead                     
0     0000e4b5  _CONTROL_CurrentRELAY                       
0     0000e54a  _CONTROL_CurrentRELAY_Operation             
0     0000ec53  _CONTROL_CurrentReferenceDAC                
0     000850bc  _CONTROL_FineCurrentReferenceDAC            
0     0000e995  _CONTROL_GateOffsetDAC                      
0     0000eaf4  _CONTROL_GateOutputAMP                      
0     0000e9fb  _CONTROL_GateOutputMUX                      
0     000850bb  _CONTROL_Init                               
0     0000e6eb  _CONTROL_IntegrationResetMUX                
0     0000e77e  _CONTROL_IntegrationSlopMUX                 
0     0000e5d7  _CONTROL_OperationMUX                       
0     0000ebed  _CONTROL_VoltageReferenceDAC                
0     000854fc  _CPUTimer_setEmulationMode                  
1     00048000  _CanaRegs                                   
1     0004a000  _CanbRegs                                   
1     00001400  _Cla1Regs                                   
0     00000ce0  _Cla1SoftIntRegs                            
1     0005d200  _ClkCfgRegs                                 
1     00005c80  _Cmpss1Regs                                 
1     00005ca0  _Cmpss2Regs                                 
1     00005cc0  _Cmpss3Regs                                 
1     00005ce0  _Cmpss4Regs                                 
1     00005d00  _Cmpss5Regs                                 
1     00005d20  _Cmpss6Regs                                 
1     00005d40  _Cmpss7Regs                                 
1     00005d60  _Cmpss8Regs                                 
1     0005d300  _CpuSysRegs                                 
1     000092c0  _CpuTimer0                                  
1     00000c00  _CpuTimer0Regs                              
1     000092c8  _CpuTimer1                                  
1     00000c08  _CpuTimer1Regs                              
1     000092d0  _CpuTimer2                                  
1     00000c10  _CpuTimer2Regs                              
1     000092b8  _CurrentAVG                                 
1     00008ec0  _CurrentCharge_ADC                          
1     00008f80  _CurrentCharge_REF                          
1     00009040  _CurrentDischarge_ADC                       
1     00009100  _CurrentDischarge_REF                       
0     00083305  _DATALOG_ISR                                
0     00083549  _DMA_CH1_ISR                                
0     00083553  _DMA_CH2_ISR                                
0     0008355d  _DMA_CH3_ISR                                
0     00083567  _DMA_CH4_ISR                                
0     00083571  _DMA_CH5_ISR                                
0     0008357b  _DMA_CH6_ISR                                
0     000848f2  _DSP_ADCInit                                
0     0000f712  _DSP_ADCRead                                
0     00084ef3  _DSP_Configimer                             
0     00084ae4  _DSP_EmifInit                               
0     0000f8bb  _DSP_EmifRead                               
0     0000f8d1  _DSP_EmifWrite                              
0     00084000  _DSP_GpioInit                               
0     0000d04b  _DSP_Timer0_ISR                             
0     0000d63f  _DSP_Timer1_ISR                             
0     0000d956  _DSP_Timer2_ISR                             
0     00084e87  _DSP_TimerInit                              
1     00005c00  _DacaRegs                                   
1     00005c10  _DacbRegs                                   
1     00005c20  _DaccRegs                                   
1     00009394  _DataCount                                  
1     00009398  _DataCount_old                              
1     0005f070  _DcsmCommonRegs                             
1     0005f000  _DcsmZ1Regs                                 
[...]
0     00083661  _ADCB3_ISR                                  
0     0008366b  _ADCB4_ISR                                  
0     00083675  _CLA1_1_ISR                                 
0     0008367f  _CLA1_2_ISR                                 
0     00083689  _CLA1_3_ISR                                 
0     00083693  _CLA1_4_ISR                                 
0     0008369d  _CLA1_5_ISR                                 
0     000836a7  _CLA1_6_ISR                                 
0     000836b1  _CLA1_7_ISR                                 
0     000836bb  _CLA1_8_ISR                                 
0     000836c5  _XINT3_ISR                                  
0     000836cf  _XINT4_ISR                                  
0     000836d9  _XINT5_ISR                                  
0     000836e3  _VCU_ISR                                    
0     000836ed  _FPU_OVERFLOW_ISR                           
0     000836f7  _FPU_UNDERFLOW_ISR                          
0     00083701  _IPC0_ISR                                   
0     0008370b  _IPC1_ISR                                   
0     00083715  _IPC2_ISR                                   
0     0008371f  _IPC3_ISR                                   
0     00083729  _EPWM9_TZ_ISR                               
0     00083733  _EPWM10_TZ_ISR                              
0     0008373d  _EPWM11_TZ_ISR                              
0     00083747  _EPWM12_TZ_ISR                              
0     00083751  _EPWM9_ISR                                  
0     0008375b  _EPWM10_ISR                                 
0     00083765  _EPWM11_ISR                                 
0     0008376f  _EPWM12_ISR                                 
0     00083779  _SD1_ISR                                    
0     00083783  _SD2_ISR                                    
0     0008378d  _SPIC_RX_ISR                                
0     00083797  _SPIC_TX_ISR                                
0     000837a1  _UPPA_ISR                                   
0     000837ab  _USBA_ISR                                   
0     000837b5  _ADCC_EVT_ISR                               
0     000837bf  _ADCC2_ISR                                  
0     000837c9  _ADCC3_ISR                                  
0     000837d3  _ADCC4_ISR                                  
0     000837dd  _ADCD_EVT_ISR                               
0     000837e7  _ADCD2_ISR                                  
0     000837f1  _ADCD3_ISR                                  
0     000837fb  _ADCD4_ISR                                  
0     00083805  _EMIF_ERROR_ISR                             
0     0008380f  _RAM_CORRECTABLE_ERROR_ISR                  
0     00083819  _FLASH_CORRECTABLE_ERROR_ISR                
0     00083823  _RAM_ACCESS_VIOLATION_ISR                   
0     0008382d  _SYS_PLL_SLIP_ISR                           
0     00083837  _AUX_PLL_SLIP_ISR                           
0     00083841  _CLA_OVERFLOW_ISR                           
0     0008384b  _CLA_UNDERFLOW_ISR                          
0     00083855  _PIE_RESERVED_ISR                           
0     0008385f  _EMPTY_ISR                                  
0     0008386c  _NOTUSED_ISR                                
0     00083876  _OPERATION_Init                             
0     00083897  _OPERATION_EndConditionCheck_LOOP           
0     000838c0  _OPERATION_EndConditionCheck_GOTO           
0     000838c6  _OPERATION_EndConditionCheck_RETRUN         
0     000838cc  _OPERATION_EndConditionCheck_VOLTAGE        
0     000839ae  _OPERATION_EndConditionCheck_TIME           
0     00083a36  _OPERATION_EndConditionCheck_CURRENT        
0     00083b1d  _OPERATION_EndConditionCheck_CAPACITY       
0     00083b8f  _OPERATION_EndConditionCheck_WATT           
0     00083cd9  _Device_init                                
0     00083d56  _Device_enableAllPeripherals                
0     00083e45  _Device_initGPIO                            
0     00083e66  _Device_enableUnbondedGPIOPullupsFor176Pin  
0     00083e7d  _Device_enableUnbondedGPIOPullupsFor100Pin  
0     00083ea0  _Device_enableUnbondedGPIOPullups           
0     00083eb6  ___error__                                  
0     00083ebd  _AD5547_Init                                
0     00083ec0  _AD5547_Reset                               
0     00083ece  _AD5547_Write_VREF                          
0     00083f24  _AD5547_Write_VINT                          
0     00083f7a  _AD5547_Write_IREF                          
0     00083ff9  _SetDBGIER                                  
0     00084000  _DSP_GpioInit                               
0     000843df  _InitGpio                                   
0     0008441f  _GPIO_SetupPinMux                           
0     000844ab  _GPIO_SetupPinOptions                       
0     0008453f  _GPIO_SetupLock                             
0     00084568  _GPIO_SetupXINT1Gpio                        
0     00084572  _GPIO_SetupXINT2Gpio                        
0     0008457c  _GPIO_SetupXINT3Gpio                        
0     00084586  _GPIO_SetupXINT4Gpio                        
0     00084590  _GPIO_SetupXINT5Gpio                        
0     0008459a  _GPIO_EnableUnbondedIOPullupsFor176Pin      
0     000845b3  _GPIO_EnableUnbondedIOPullupsFor100Pin      
0     000845d8  _GPIO_EnableUnbondedIOPullups               
0     000845ee  _GPIO_ReadPin                               
0     00084605  _GPIO_WritePin                              
0     00084623  _SysCtl_setClock                            
0     000848f2  _DSP_ADCInit                                
0     00084ae4  _DSP_EmifInit                               
0     00084b29  _setupEMIF1PinmuxAsync16Bit                 
0     00084b7f  _setupEMIF1PinmuxSync16Bit                  
0     00084bf6  _main                                       
0     00084d47  _PHOENIXON_CONTROLS_Funtion                 
0     00084d4b  LL$$DIV                                     
0     00084d87  LL$$MOD                                     
0     00084dc1  ULL$$DIV                                    
0     00084df0  ULL$$MOD                                    
0     00084e87  _DSP_TimerInit                              
0     00084ef3  _DSP_Configimer                             
0     00084f26  _ADC_setMode                                
0     00084fc0  FS$$DIV                                     
0     00085048  _AD5664R_Init                               
0     0008504b  _AD5664R_Reset                              
0     00085054  _AD5664R_Internal_Reference_Setup           
0     0008505d  _AD5664R_Write                              
0     00085089  _Init_SPI2                                  
0     000850a6  _SPI_Transmit                               
0     000850bb  _CONTROL_Init                               
0     000850bc  _CONTROL_FineCurrentReferenceDAC            
0     0008512c  _memcpy_fast_far                            
0     00085189  _c_int00                                    
0     000851df  _Interrupt_initModule                       
0     00085233  _GPIO_setPadConfig                          
0     00085285  _SysCtl_selectOscSource                     
0     000852d2  _GPIO_setPinConfig                          
0     0008530f  _GPIO_setMasterCore                         
0     00085347  _GPIO_setQualificationMode                  
0     0008537f  _Interrupt_enable                           
0     000853b2  _GPIO_setDirectionMode                      
0     000853e3  C$$EXIT                                     
0     000853e3  _abort                                      
0     000853e5  _exit                                       
0     0008540c  _MemCfg_setGSRAMMasterSel                   
0     00085432  _copy_in                                    
0     00085456  _Interrupt_initVectorTable                  
0     00085476  LL$$CMP                                     
0     00085488  ULL$$CMP                                    
0     00085494  _memcpy                                     
0     000854cb  __args_main                                 
0     000854e4  LL$$AND                                     
0     000854ec  LL$$OR                                      
0     000854f4  LL$$XOR                                     
0     000854fc  _CPUTimer_setEmulationMode                  
0     0008550f  ULL$$TOFS                                   
0     0008555c  _AD7608_Init                                
0     0008555f  _AD7608_Reset                               
0     00085597  __register_unlock                           
0     0008559b  __register_lock                             
0     0008559f  __nop                                       
0     000855a8  __system_pre_init                           
0     000855aa  __system_post_cinit                         
0     00088000  _RamfuncsLoadStart                          
0     0008b9aa  _RamfuncsLoadEnd                            
1     00000122  __stack                                     
1     00000800  __STACK_END                                 
1     00000b00  _AdcaResultRegs                             
1     00000b20  _AdcbResultRegs                             
1     00000b40  _AdccResultRegs                             
1     00000b60  _AdcdResultRegs                             
1     00000c00  _CpuTimer0Regs                              
1     00000c08  _CpuTimer1Regs                              
1     00000c10  _CpuTimer2Regs                              
1     00000ce0  _PieCtrlRegs                                
1     00001000  _DmaRegs                                    
1     00001400  _Cla1Regs                                   
1     00004000  _EPwm1Regs                                  
1     00004100  _EPwm2Regs                                  
1     00004200  _EPwm3Regs                                  
1     00004300  _EPwm4Regs                                  
1     00004400  _EPwm5Regs                                  
1     00004500  _EPwm6Regs                                  
1     00004600  _EPwm7Regs                                  
1     00004700  _EPwm8Regs                                  
1     00004800  _EPwm9Regs                                  
1     00004900  _EPwm10Regs                                 
1     00004a00  _EPwm11Regs                                 
1     00004b00  _EPwm12Regs                                 
1     00005000  _ECap1Regs                                  
1     00005020  _ECap2Regs                                  
1     00005040  _ECap3Regs                                  
1     00005060  _ECap4Regs                                  
1     00005080  _ECap5Regs                                  
1     000050a0  _ECap6Regs                                  
1     00005100  _EQep1Regs                                  
1     00005140  _EQep2Regs                                  
1     00005180  _EQep3Regs                                  
1     00005c00  _DacaRegs                                   
1     00005c10  _DacbRegs                                   
1     00005c20  _DaccRegs                                   
1     00005c80  _Cmpss1Regs                                 
1     00005ca0  _Cmpss2Regs                                 
1     00005cc0  _Cmpss3Regs                                 
1     00005ce0  _Cmpss4Regs                                 
1     00005d00  _Cmpss5Regs                                 
1     00005d20  _Cmpss6Regs                                 
1     00005d40  _Cmpss7Regs                                 
1     00005d60  _Cmpss8Regs                                 
1     00005e00  _Sdfm1Regs                                  
1     00005e80  _Sdfm2Regs                                  
1     00006000  _McbspaRegs                                 
1     00006040  _McbspbRegs                                 
1     00006100  _SpiaRegs                                   
1     00006110  _SpibRegs                                   
1     00006120  _SpicRegs                                   
1     00006200  _UppRegs                                    
1     00007000  _WdRegs                                     
1     00007060  _NmiIntruptRegs                             
1     00007070  _XintRegs                                   
1     00007200  _SciaRegs                                   
1     00007210  _ScibRegs                                   
1     00007220  _ScicRegs                                   
1     00007230  _ScidRegs                                   
1     00007300  _I2caRegs                                   
1     00007340  _I2cbRegs                                   
1     00007400  _AdcaRegs                                   
1     00007480  _AdcbRegs                                   
1     00007500  _AdccRegs                                   
1     00007580  _AdcdRegs                                   
1     00007900  _InputXbarRegs                              
1     00007920  _XbarRegs                                   
1     00007940  _SyncSocRegs                                
1     00007980  _DmaClaSrcSelRegs                           
1     00007a00  _EPwmXbarRegs                               
1     00007a80  _OutputXbarRegs                             
1     00007c00  _GpioCtrlRegs                               
1     00007f00  _GpioDataRegs                               
1     00008000  _g_vi_tune                                  
1     00008892  _s_SENSING_END                              
1     00008895  _s_JUMP                                     
1     00008899  _s_COMMAND                                  
1     0000889d  _s_PAUSE                                    
1     000088a2  _s_START                                    
1     000088a9  _s_SENSING_ALARM                            
1     000088b1  _deviceOpen                                 
1     000088b2  _ECAP                                       
1     000088c0  _s_Operation                                
1     00008e90  _VoltageCharge_ADC                          
1     00008ec0  _CurrentCharge_ADC                          
1     00008f80  _CurrentCharge_REF                          
1     00009040  _CurrentDischarge_ADC                       
1     00009100  _CurrentDischarge_REF                       
1     000091c0  _VoltageCharge_REF                          
1     00009200  _VoltageDischarge_ADC                       
1     00009230  _ADC                                        
1     0000923a  _tempSensor_tempSlope                       
1     0000923c  _tempSensor_tempOffset                      
1     0000923e  _tempSensor_scaleFactor                     
1     00009240  _VoltageDischarge_REF                       
1     00009270  _AVGCounter                                 
1     00009280  _TRIP_SEL                                   
1     0000929e  _EPWM                                       
1     000092b8  _CurrentAVG                                 
1     000092c0  _CpuTimer0                                  
1     000092c8  _CpuTimer1                                  
1     000092d0  _CpuTimer2                                  
1     000092d8  _EQEP                                       
1     000092e0  _SPI                                        
1     00009300  _VoltageAVG                                 
1     00009308  _WattAVG                                    
1     00009350  _SDFM                                       
1     00009356  ___TI_enable_exit_profile_output            
1     00009358  ___TI_cleanup_ptr                           
1     0000935a  ___TI_dtors_ptr                             
1     0000935c  _Bank                                       
1     00009394  _DataCount                                  
1     00009398  _DataCount_old                              
1     0000939c  _EndConditionState                          
1     000093a8  _FlagPause                                  
1     000093ac  _I2C                                        
1     000093c8  _MCBSP                                      
1     000093d8  _SCI                                        
1     000093dc  _SaveCOMMAND                                
1     00009414  _UpdateFlagStepEnd                          
1     00009418  _UpdateFlagStepStart                        
1     0000942c  __lock                                      
1     0000942e  __unlock                                    
1     00009430  _g_capacity_1h                              
1     00009434  _int_ch_check                               
1     00011000  _SYNC_SIGNAL_CPU1                           
1     00011002  _GSRAM_DATA_BANK_INDEX_CPU1                 
1     0001100a  _ui_UpdateflagCPU1                          
1     00011012  _ui_UpdateSTEPCPU1                          
1     0001101a  _ui_UpdateDATACPU1                          
1     00011040  _CELL_SCAN_DATA                             
1     00013000  _SYNC_SIGNAL_CPU2                           
1     00013002  _GSRAM_DATA_BANK_INDEX_CPU2                 
1     0001300a  _ui_UpdateflagCPU2                          
1     00013012  _ui_UpdateSTEPCPU2                          
1     0001301a  _ui_UpdateDATACPU2                          
1     00013040  _SCIARxBuff                                 
1     000132c0  _SCHEDULE_DATA                              
1     00013700  _SCIATxBuff                                 
1     00015000  _s_DATA                                     
1     0003fc00  _g_asIPCCPU1toCPU2Buffers                   
1     0003fc80  _g_usPutWriteIndexes                        
1     0003fc84  _g_usGetReadIndexes                         
1     00047000  _Emif1Regs                                  
1     00047800  _Emif2Regs                                  
1     00048000  _CanaRegs                                   
1     0004a000  _CanbRegs                                   
1     00050000  _IpcRegs                                    
1     00050024  _FlashPumpSemaphoreRegs                     
1     0005d000  _DevCfgRegs                                 
1     0005d180  _AnalogSubsysRegs                           
1     0005d200  _ClkCfgRegs                                 
1     0005d300  _CpuSysRegs                                 
1     0005e608  _RomPrefetchRegs                            
1     0005f000  _DcsmZ1Regs                                 
1     0005f040  _DcsmZ2Regs                                 
1     0005f070  _DcsmCommonRegs                             
1     0005f400  _MemCfgRegs                                 
1     0005f480  _Emif1ConfigRegs                            
1     0005f4a0  _Emif2ConfigRegs                            
1     0005f4c0  _AccessProtectionRegs                       
1     0005f500  _MemoryErrorRegs                            
1     0005f540  _RomWaitStateRegs                           
1     0005f800  _Flash0CtrlRegs                             
1     0005fb00  _Flash0EccRegs                              
abs   000006de  __STACK_SIZE                                
abs   000039aa  _RamfuncsLoadSize                           
abs   000039aa  _RamfuncsRunSize                            
abs   ffffffff  .text                                       
abs   ffffffff  ___TI_pprof_out_hndl                        
abs   ffffffff  ___TI_prof_data_size                        
abs   ffffffff  ___TI_prof_data_start                       
abs   ffffffff  ___binit__                                  
abs   ffffffff  ___c_args__                                 
abs   ffffffff  ___etext__                                  
abs   ffffffff  ___pinit__                                  
abs   ffffffff  ___text__                                   
abs   ffffffff  binit                                       
abs   ffffffff  etext                                       
abs   ffffffff  pinit                                       

[509 symbols]
